device=cuda trainable params=22.2M
12576 training requests (holdout=[]), questions by type {'score': 3448, 'noul': 5224, 'choice': 6904}
[transformers] `causal_conv1d_fn` is falling back to its reference PyTorch implementation because `causal_conv1d` is not installed. This is correct but much slower; install `causal_conv1d` for the optimized kernel.
ep0 step 10/3144 loss 2.469 kl 0.000 anchor 0.000 1.903s/rec
ep0 step 20/3144 loss 1.985 kl 0.000 anchor 0.000 1.130s/rec
ep0 step 30/3144 loss 1.815 kl 0.000 anchor 0.000 0.818s/rec
ep0 step 40/3144 loss 1.762 kl 0.000 anchor 0.000 0.660s/rec
ep0 step 50/3144 loss 1.797 kl 0.000 anchor 0.000 0.587s/rec
ep0 step 60/3144 loss 1.654 kl 0.000 anchor 0.000 0.528s/rec
ep0 step 70/3144 loss 1.603 kl 0.000 anchor 0.000 0.489s/rec
ep0 step 80/3144 loss 1.587 kl 0.000 anchor 0.000 0.459s/rec
ep0 step 90/3144 loss 1.542 kl 0.000 anchor 0.000 0.434s/rec
ep0 step 100/3144 loss 1.563 kl 0.000 anchor 0.000 0.418s/rec
ep0 step 110/3144 loss 1.601 kl 0.000 anchor 0.000 0.406s/rec
ep0 step 120/3144 loss 1.482 kl 0.000 anchor 0.000 0.398s/rec
ep0 step 130/3144 loss 1.365 kl 0.000 anchor 0.000 0.386s/rec
ep0 step 140/3144 loss 1.077 kl 0.000 anchor 0.000 0.382s/rec
ep0 step 150/3144 loss 1.329 kl 0.000 anchor 0.000 0.375s/rec
ep0 step 160/3144 loss 1.073 kl 0.000 anchor 0.000 0.368s/rec
ep0 step 170/3144 loss 1.169 kl 0.000 anchor 0.000 0.361s/rec
ep0 step 180/3144 loss 1.107 kl 0.000 anchor 0.000 0.358s/rec
ep0 step 190/3144 loss 0.894 kl 0.000 anchor 0.000 0.351s/rec
ep0 step 200/3144 loss 0.780 kl 0.000 anchor 0.000 0.346s/rec
ep0 step 210/3144 loss 0.905 kl 0.000 anchor 0.000 0.343s/rec
ep0 step 220/3144 loss 0.594 kl 0.000 anchor 0.000 0.339s/rec
ep0 step 230/3144 loss 0.675 kl 0.000 anchor 0.000 0.335s/rec
ep0 step 240/3144 loss 0.810 kl 0.000 anchor 0.000 0.340s/rec
ep0 step 250/3144 loss 0.667 kl 0.000 anchor 0.000 0.338s/rec
ep0 step 260/3144 loss 0.478 kl 0.000 anchor 0.000 0.335s/rec
ep0 step 270/3144 loss 0.596 kl 0.000 anchor 0.000 0.333s/rec
ep0 step 280/3144 loss 0.791 kl 0.000 anchor 0.000 0.331s/rec
ep0 step 290/3144 loss 0.742 kl 0.000 anchor 0.000 0.330s/rec
ep0 step 300/3144 loss 0.458 kl 0.000 anchor 0.000 0.328s/rec
ep0 step 310/3144 loss 0.595 kl 0.000 anchor 0.000 0.326s/rec
ep0 step 320/3144 loss 0.573 kl 0.000 anchor 0.000 0.325s/rec
ep0 step 330/3144 loss 0.676 kl 0.000 anchor 0.000 0.323s/rec
ep0 step 340/3144 loss 0.392 kl 0.000 anchor 0.000 0.322s/rec
ep0 step 350/3144 loss 0.641 kl 0.000 anchor 0.000 0.320s/rec
ep0 step 360/3144 loss 0.595 kl 0.000 anchor 0.000 0.318s/rec
ep0 step 370/3144 loss 0.522 kl 0.000 anchor 0.000 0.316s/rec
ep0 step 380/3144 loss 0.550 kl 0.000 anchor 0.000 0.314s/rec
ep0 step 390/3144 loss 0.546 kl 0.000 anchor 0.000 0.313s/rec
ep0 step 400/3144 loss 0.602 kl 0.000 anchor 0.000 0.311s/rec
ep0 step 410/3144 loss 0.387 kl 0.000 anchor 0.000 0.310s/rec
ep0 step 420/3144 loss 0.385 kl 0.000 anchor 0.000 0.308s/rec
ep0 step 430/3144 loss 0.537 kl 0.000 anchor 0.000 0.307s/rec
ep0 step 440/3144 loss 0.499 kl 0.000 anchor 0.000 0.306s/rec
ep0 step 450/3144 loss 0.534 kl 0.000 anchor 0.000 0.305s/rec
ep0 step 460/3144 loss 0.551 kl 0.000 anchor 0.000 0.304s/rec
ep0 step 470/3144 loss 0.547 kl 0.000 anchor 0.000 0.303s/rec
ep0 step 480/3144 loss 0.453 kl 0.000 anchor 0.000 0.302s/rec
ep0 step 490/3144 loss 0.435 kl 0.000 anchor 0.000 0.301s/rec
ep0 step 500/3144 loss 0.384 kl 0.000 anchor 0.000 0.300s/rec
ep0 step 510/3144 loss 0.346 kl 0.000 anchor 0.000 0.300s/rec
ep0 step 520/3144 loss 0.572 kl 0.000 anchor 0.000 0.299s/rec
ep0 step 530/3144 loss 0.486 kl 0.000 anchor 0.000 0.298s/rec
ep0 step 540/3144 loss 0.549 kl 0.000 anchor 0.000 0.297s/rec
ep0 step 550/3144 loss 0.467 kl 0.000 anchor 0.000 0.297s/rec
ep0 step 560/3144 loss 0.558 kl 0.000 anchor 0.000 0.296s/rec
ep0 step 570/3144 loss 0.364 kl 0.000 anchor 0.000 0.295s/rec
ep0 step 580/3144 loss 0.564 kl 0.000 anchor 0.000 0.295s/rec
ep0 step 590/3144 loss 0.360 kl 0.000 anchor 0.000 0.294s/rec
ep0 step 600/3144 loss 0.377 kl 0.000 anchor 0.000 0.293s/rec
ep0 step 610/3144 loss 0.454 kl 0.000 anchor 0.000 0.292s/rec
ep0 step 620/3144 loss 0.549 kl 0.000 anchor 0.000 0.292s/rec
ep0 step 630/3144 loss 0.569 kl 0.000 anchor 0.000 0.292s/rec
ep0 step 640/3144 loss 0.334 kl 0.000 anchor 0.000 0.291s/rec
ep0 step 650/3144 loss 0.615 kl 0.000 anchor 0.000 0.290s/rec
ep0 step 660/3144 loss 0.612 kl 0.000 anchor 0.000 0.290s/rec
ep0 step 670/3144 loss 0.373 kl 0.000 anchor 0.000 0.290s/rec
ep0 step 680/3144 loss 0.409 kl 0.000 anchor 0.000 0.289s/rec
ep0 step 690/3144 loss 0.453 kl 0.000 anchor 0.000 0.289s/rec
ep0 step 700/3144 loss 0.460 kl 0.000 anchor 0.000 0.288s/rec
ep0 step 710/3144 loss 0.511 kl 0.000 anchor 0.000 0.288s/rec
ep0 step 720/3144 loss 0.561 kl 0.000 anchor 0.000 0.287s/rec
ep0 step 730/3144 loss 0.546 kl 0.000 anchor 0.000 0.287s/rec
ep0 step 740/3144 loss 0.531 kl 0.000 anchor 0.000 0.287s/rec
ep0 step 750/3144 loss 0.371 kl 0.000 anchor 0.000 0.286s/rec
ep0 step 760/3144 loss 0.422 kl 0.000 anchor 0.000 0.286s/rec
ep0 step 770/3144 loss 0.440 kl 0.000 anchor 0.000 0.286s/rec
ep0 step 780/3144 loss 0.510 kl 0.000 anchor 0.000 0.286s/rec
ep0 step 790/3144 loss 0.533 kl 0.000 anchor 0.000 0.285s/rec
ep0 step 800/3144 loss 0.524 kl 0.000 anchor 0.000 0.285s/rec
ep0 step 810/3144 loss 0.730 kl 0.000 anchor 0.000 0.285s/rec
ep0 step 820/3144 loss 0.371 kl 0.000 anchor 0.000 0.285s/rec
ep0 step 830/3144 loss 0.427 kl 0.000 anchor 0.000 0.285s/rec
ep0 step 840/3144 loss 0.455 kl 0.000 anchor 0.000 0.285s/rec
ep0 step 850/3144 loss 0.471 kl 0.000 anchor 0.000 0.284s/rec
ep0 step 860/3144 loss 0.392 kl 0.000 anchor 0.000 0.284s/rec
ep0 step 870/3144 loss 0.723 kl 0.000 anchor 0.000 0.284s/rec
ep0 step 880/3144 loss 0.384 kl 0.000 anchor 0.000 0.283s/rec
ep0 step 890/3144 loss 0.611 kl 0.000 anchor 0.000 0.283s/rec
ep0 step 900/3144 loss 0.395 kl 0.000 anchor 0.000 0.283s/rec
ep0 step 910/3144 loss 0.543 kl 0.000 anchor 0.000 0.282s/rec
ep0 step 920/3144 loss 0.281 kl 0.000 anchor 0.000 0.282s/rec
ep0 step 930/3144 loss 0.435 kl 0.000 anchor 0.000 0.282s/rec
ep0 step 940/3144 loss 0.517 kl 0.000 anchor 0.000 0.282s/rec
ep0 step 950/3144 loss 0.380 kl 0.000 anchor 0.000 0.281s/rec
ep0 step 960/3144 loss 0.384 kl 0.000 anchor 0.000 0.281s/rec
ep0 step 970/3144 loss 0.276 kl 0.000 anchor 0.000 0.280s/rec
ep0 step 980/3144 loss 0.858 kl 0.000 anchor 0.000 0.280s/rec
ep0 step 990/3144 loss 0.450 kl 0.000 anchor 0.000 0.280s/rec
ep0 step 1000/3144 loss 0.487 kl 0.000 anchor 0.000 0.280s/rec
ep0 step 1010/3144 loss 0.464 kl 0.000 anchor 0.000 0.279s/rec
ep0 step 1020/3144 loss 0.483 kl 0.000 anchor 0.000 0.279s/rec
ep0 step 1030/3144 loss 0.454 kl 0.000 anchor 0.000 0.279s/rec
ep0 step 1040/3144 loss 0.531 kl 0.000 anchor 0.000 0.279s/rec
ep0 step 1050/3144 loss 0.766 kl 0.000 anchor 0.000 0.279s/rec
ep0 step 1060/3144 loss 0.615 kl 0.000 anchor 0.000 0.279s/rec
ep0 step 1070/3144 loss 0.494 kl 0.000 anchor 0.000 0.278s/rec
ep0 step 1080/3144 loss 0.468 kl 0.000 anchor 0.000 0.279s/rec
ep0 step 1090/3144 loss 0.422 kl 0.000 anchor 0.000 0.278s/rec
ep0 step 1100/3144 loss 0.435 kl 0.000 anchor 0.000 0.278s/rec
ep0 step 1110/3144 loss 0.589 kl 0.000 anchor 0.000 0.279s/rec
ep0 step 1120/3144 loss 0.506 kl 0.000 anchor 0.000 0.278s/rec
ep0 step 1130/3144 loss 0.377 kl 0.000 anchor 0.000 0.278s/rec
ep0 step 1140/3144 loss 0.621 kl 0.000 anchor 0.000 0.278s/rec
ep0 step 1150/3144 loss 0.432 kl 0.000 anchor 0.000 0.278s/rec
ep0 step 1160/3144 loss 0.539 kl 0.000 anchor 0.000 0.278s/rec
ep0 step 1170/3144 loss 0.472 kl 0.000 anchor 0.000 0.278s/rec
ep0 step 1180/3144 loss 0.727 kl 0.000 anchor 0.000 0.277s/rec
ep0 step 1190/3144 loss 0.318 kl 0.000 anchor 0.000 0.278s/rec
ep0 step 1200/3144 loss 0.222 kl 0.000 anchor 0.000 0.278s/rec
ep0 step 1210/3144 loss 0.373 kl 0.000 anchor 0.000 0.278s/rec
ep0 step 1220/3144 loss 0.634 kl 0.000 anchor 0.000 0.277s/rec
ep0 step 1230/3144 loss 0.308 kl 0.000 anchor 0.000 0.277s/rec
ep0 step 1240/3144 loss 0.305 kl 0.000 anchor 0.000 0.277s/rec
ep0 step 1250/3144 loss 0.583 kl 0.000 anchor 0.000 0.277s/rec
ep0 step 1260/3144 loss 0.402 kl 0.000 anchor 0.000 0.277s/rec
ep0 step 1270/3144 loss 0.579 kl 0.000 anchor 0.000 0.276s/rec
ep0 step 1280/3144 loss 0.379 kl 0.000 anchor 0.000 0.276s/rec
ep0 step 1290/3144 loss 0.387 kl 0.000 anchor 0.000 0.276s/rec
ep0 step 1300/3144 loss 0.346 kl 0.000 anchor 0.000 0.276s/rec
ep0 step 1310/3144 loss 0.370 kl 0.000 anchor 0.000 0.276s/rec
ep0 step 1320/3144 loss 0.284 kl 0.000 anchor 0.000 0.276s/rec
ep0 step 1330/3144 loss 0.373 kl 0.000 anchor 0.000 0.276s/rec
ep0 step 1340/3144 loss 0.533 kl 0.000 anchor 0.000 0.276s/rec
ep0 step 1350/3144 loss 0.359 kl 0.000 anchor 0.000 0.276s/rec
ep0 step 1360/3144 loss 0.468 kl 0.000 anchor 0.000 0.276s/rec
ep0 step 1370/3144 loss 0.581 kl 0.000 anchor 0.000 0.276s/rec
ep0 step 1380/3144 loss 0.310 kl 0.000 anchor 0.000 0.275s/rec
ep0 step 1390/3144 loss 0.349 kl 0.000 anchor 0.000 0.275s/rec
ep0 step 1400/3144 loss 0.603 kl 0.000 anchor 0.000 0.275s/rec
ep0 step 1410/3144 loss 0.200 kl 0.000 anchor 0.000 0.275s/rec
ep0 step 1420/3144 loss 0.479 kl 0.000 anchor 0.000 0.275s/rec
ep0 step 1430/3144 loss 0.483 kl 0.000 anchor 0.000 0.275s/rec
ep0 step 1440/3144 loss 0.387 kl 0.000 anchor 0.000 0.275s/rec
ep0 step 1450/3144 loss 0.422 kl 0.000 anchor 0.000 0.274s/rec
ep0 step 1460/3144 loss 0.555 kl 0.000 anchor 0.000 0.274s/rec
ep0 step 1470/3144 loss 0.265 kl 0.000 anchor 0.000 0.274s/rec
ep0 step 1480/3144 loss 0.488 kl 0.000 anchor 0.000 0.274s/rec
ep0 step 1490/3144 loss 0.247 kl 0.000 anchor 0.000 0.274s/rec
ep0 step 1500/3144 loss 0.299 kl 0.000 anchor 0.000 0.274s/rec
ep0 step 1510/3144 loss 0.293 kl 0.000 anchor 0.000 0.274s/rec
ep0 step 1520/3144 loss 0.338 kl 0.000 anchor 0.000 0.274s/rec
ep0 step 1530/3144 loss 0.300 kl 0.000 anchor 0.000 0.274s/rec
ep0 step 1540/3144 loss 0.387 kl 0.000 anchor 0.000 0.274s/rec
ep0 step 1550/3144 loss 0.522 kl 0.000 anchor 0.000 0.274s/rec
ep0 step 1560/3144 loss 0.418 kl 0.000 anchor 0.000 0.274s/rec
ep0 step 1570/3144 loss 0.393 kl 0.000 anchor 0.000 0.273s/rec
ep1 step 1580/3144 loss 0.384 kl 0.000 anchor 0.000 0.273s/rec
ep1 step 1590/3144 loss 0.364 kl 0.000 anchor 0.000 0.273s/rec
ep1 step 1600/3144 loss 0.335 kl 0.000 anchor 0.000 0.273s/rec
ep1 step 1610/3144 loss 0.343 kl 0.000 anchor 0.000 0.273s/rec
ep1 step 1620/3144 loss 0.299 kl 0.000 anchor 0.000 0.273s/rec
ep1 step 1630/3144 loss 0.435 kl 0.000 anchor 0.000 0.273s/rec
ep1 step 1640/3144 loss 0.300 kl 0.000 anchor 0.000 0.273s/rec
ep1 step 1650/3144 loss 0.251 kl 0.000 anchor 0.000 0.273s/rec
ep1 step 1660/3144 loss 0.358 kl 0.000 anchor 0.000 0.273s/rec
ep1 step 1670/3144 loss 0.343 kl 0.000 anchor 0.000 0.273s/rec
ep1 step 1680/3144 loss 0.670 kl 0.000 anchor 0.000 0.273s/rec
ep1 step 1690/3144 loss 0.488 kl 0.000 anchor 0.000 0.272s/rec
ep1 step 1700/3144 loss 0.363 kl 0.000 anchor 0.000 0.272s/rec
ep1 step 1710/3144 loss 0.293 kl 0.000 anchor 0.000 0.272s/rec
ep1 step 1720/3144 loss 0.386 kl 0.000 anchor 0.000 0.272s/rec
ep1 step 1730/3144 loss 0.399 kl 0.000 anchor 0.000 0.272s/rec
ep1 step 1740/3144 loss 0.343 kl 0.000 anchor 0.000 0.272s/rec
ep1 step 1750/3144 loss 0.373 kl 0.000 anchor 0.000 0.272s/rec
ep1 step 1760/3144 loss 0.369 kl 0.000 anchor 0.000 0.272s/rec
ep1 step 1770/3144 loss 0.404 kl 0.000 anchor 0.000 0.272s/rec
ep1 step 1780/3144 loss 0.230 kl 0.000 anchor 0.000 0.272s/rec
ep1 step 1790/3144 loss 0.378 kl 0.000 anchor 0.000 0.272s/rec
ep1 step 1800/3144 loss 0.421 kl 0.000 anchor 0.000 0.272s/rec
ep1 step 1810/3144 loss 0.204 kl 0.000 anchor 0.000 0.272s/rec
ep1 step 1820/3144 loss 0.554 kl 0.000 anchor 0.000 0.272s/rec
ep1 step 1830/3144 loss 0.526 kl 0.000 anchor 0.000 0.272s/rec
ep1 step 1840/3144 loss 0.443 kl 0.000 anchor 0.000 0.272s/rec
ep1 step 1850/3144 loss 0.545 kl 0.000 anchor 0.000 0.272s/rec
ep1 step 1860/3144 loss 0.442 kl 0.000 anchor 0.000 0.272s/rec
ep1 step 1870/3144 loss 0.285 kl 0.000 anchor 0.000 0.272s/rec
ep1 step 1880/3144 loss 0.413 kl 0.000 anchor 0.000 0.272s/rec
ep1 step 1890/3144 loss 0.482 kl 0.000 anchor 0.000 0.272s/rec
ep1 step 1900/3144 loss 0.361 kl 0.000 anchor 0.000 0.272s/rec
ep1 step 1910/3144 loss 0.493 kl 0.000 anchor 0.000 0.272s/rec
ep1 step 1920/3144 loss 0.275 kl 0.000 anchor 0.000 0.272s/rec
ep1 step 1930/3144 loss 0.584 kl 0.000 anchor 0.000 0.272s/rec
ep1 step 1940/3144 loss 0.282 kl 0.000 anchor 0.000 0.272s/rec
ep1 step 1950/3144 loss 0.297 kl 0.000 anchor 0.000 0.272s/rec
ep1 step 1960/3144 loss 0.373 kl 0.000 anchor 0.000 0.272s/rec
ep1 step 1970/3144 loss 0.484 kl 0.000 anchor 0.000 0.271s/rec
ep1 step 1980/3144 loss 0.339 kl 0.000 anchor 0.000 0.272s/rec
ep1 step 1990/3144 loss 0.217 kl 0.000 anchor 0.000 0.272s/rec
ep1 step 2000/3144 loss 0.298 kl 0.000 anchor 0.000 0.272s/rec
ep1 step 2010/3144 loss 0.578 kl 0.000 anchor 0.000 0.271s/rec
ep1 step 2020/3144 loss 0.249 kl 0.000 anchor 0.000 0.271s/rec
ep1 step 2030/3144 loss 0.425 kl 0.000 anchor 0.000 0.271s/rec
ep1 step 2040/3144 loss 0.445 kl 0.000 anchor 0.000 0.271s/rec
ep1 step 2050/3144 loss 0.308 kl 0.000 anchor 0.000 0.271s/rec
ep1 step 2060/3144 loss 0.236 kl 0.000 anchor 0.000 0.271s/rec
ep1 step 2070/3144 loss 0.406 kl 0.000 anchor 0.000 0.271s/rec
ep1 step 2080/3144 loss 0.300 kl 0.000 anchor 0.000 0.271s/rec
ep1 step 2090/3144 loss 0.136 kl 0.000 anchor 0.000 0.271s/rec
ep1 step 2100/3144 loss 0.411 kl 0.000 anchor 0.000 0.271s/rec
ep1 step 2110/3144 loss 0.405 kl 0.000 anchor 0.000 0.271s/rec
ep1 step 2120/3144 loss 0.385 kl 0.000 anchor 0.000 0.271s/rec
ep1 step 2130/3144 loss 0.335 kl 0.000 anchor 0.000 0.271s/rec
ep1 step 2140/3144 loss 0.327 kl 0.000 anchor 0.000 0.271s/rec
ep1 step 2150/3144 loss 0.321 kl 0.000 anchor 0.000 0.271s/rec
ep1 step 2160/3144 loss 0.321 kl 0.000 anchor 0.000 0.271s/rec
ep1 step 2170/3144 loss 0.488 kl 0.000 anchor 0.000 0.271s/rec
ep1 step 2180/3144 loss 0.217 kl 0.000 anchor 0.000 0.271s/rec
ep1 step 2190/3144 loss 0.219 kl 0.000 anchor 0.000 0.271s/rec
ep1 step 2200/3144 loss 0.348 kl 0.000 anchor 0.000 0.271s/rec
ep1 step 2210/3144 loss 0.248 kl 0.000 anchor 0.000 0.271s/rec
ep1 step 2220/3144 loss 0.192 kl 0.000 anchor 0.000 0.271s/rec
ep1 step 2230/3144 loss 0.331 kl 0.000 anchor 0.000 0.271s/rec
ep1 step 2240/3144 loss 0.546 kl 0.000 anchor 0.000 0.271s/rec
ep1 step 2250/3144 loss 0.468 kl 0.000 anchor 0.000 0.271s/rec
ep1 step 2260/3144 loss 0.244 kl 0.000 anchor 0.000 0.271s/rec
ep1 step 2270/3144 loss 0.284 kl 0.000 anchor 0.000 0.271s/rec
ep1 step 2280/3144 loss 0.481 kl 0.000 anchor 0.000 0.271s/rec
ep1 step 2290/3144 loss 0.233 kl 0.000 anchor 0.000 0.271s/rec
ep1 step 2300/3144 loss 0.458 kl 0.000 anchor 0.000 0.271s/rec
ep1 step 2310/3144 loss 0.341 kl 0.000 anchor 0.000 0.271s/rec
ep1 step 2320/3144 loss 0.252 kl 0.000 anchor 0.000 0.271s/rec
ep1 step 2330/3144 loss 0.313 kl 0.000 anchor 0.000 0.271s/rec
ep1 step 2340/3144 loss 0.301 kl 0.000 anchor 0.000 0.271s/rec
ep1 step 2350/3144 loss 0.221 kl 0.000 anchor 0.000 0.271s/rec
ep1 step 2360/3144 loss 0.427 kl 0.000 anchor 0.000 0.271s/rec
ep1 step 2370/3144 loss 0.283 kl 0.000 anchor 0.000 0.271s/rec
ep1 step 2380/3144 loss 0.727 kl 0.000 anchor 0.000 0.271s/rec
ep1 step 2390/3144 loss 0.598 kl 0.000 anchor 0.000 0.271s/rec
ep1 step 2400/3144 loss 0.317 kl 0.000 anchor 0.000 0.271s/rec
ep1 step 2410/3144 loss 0.396 kl 0.000 anchor 0.000 0.271s/rec
ep1 step 2420/3144 loss 0.393 kl 0.000 anchor 0.000 0.271s/rec
ep1 step 2430/3144 loss 0.233 kl 0.000 anchor 0.000 0.271s/rec
ep1 step 2440/3144 loss 0.390 kl 0.000 anchor 0.000 0.270s/rec
ep1 step 2450/3144 loss 0.263 kl 0.000 anchor 0.000 0.270s/rec
ep1 step 2460/3144 loss 0.629 kl 0.000 anchor 0.000 0.270s/rec
ep1 step 2470/3144 loss 0.186 kl 0.000 anchor 0.000 0.270s/rec
ep1 step 2480/3144 loss 0.256 kl 0.000 anchor 0.000 0.270s/rec
ep1 step 2490/3144 loss 0.422 kl 0.000 anchor 0.000 0.270s/rec
ep1 step 2500/3144 loss 0.495 kl 0.000 anchor 0.000 0.270s/rec
ep1 step 2510/3144 loss 0.435 kl 0.000 anchor 0.000 0.270s/rec
ep1 step 2520/3144 loss 0.396 kl 0.000 anchor 0.000 0.270s/rec
ep1 step 2530/3144 loss 0.253 kl 0.000 anchor 0.000 0.270s/rec
ep1 step 2540/3144 loss 0.347 kl 0.000 anchor 0.000 0.270s/rec
ep1 step 2550/3144 loss 0.361 kl 0.000 anchor 0.000 0.270s/rec
ep1 step 2560/3144 loss 0.321 kl 0.000 anchor 0.000 0.270s/rec
ep1 step 2570/3144 loss 0.466 kl 0.000 anchor 0.000 0.270s/rec
ep1 step 2580/3144 loss 0.157 kl 0.000 anchor 0.000 0.270s/rec
ep1 step 2590/3144 loss 0.290 kl 0.000 anchor 0.000 0.270s/rec
ep1 step 2600/3144 loss 0.390 kl 0.000 anchor 0.000 0.270s/rec
ep1 step 2610/3144 loss 0.192 kl 0.000 anchor 0.000 0.270s/rec
ep1 step 2620/3144 loss 0.351 kl 0.000 anchor 0.000 0.270s/rec
ep1 step 2630/3144 loss 0.219 kl 0.000 anchor 0.000 0.270s/rec
ep1 step 2640/3144 loss 0.369 kl 0.000 anchor 0.000 0.270s/rec
ep1 step 2650/3144 loss 0.237 kl 0.000 anchor 0.000 0.269s/rec
ep1 step 2660/3144 loss 0.259 kl 0.000 anchor 0.000 0.269s/rec
ep1 step 2670/3144 loss 0.301 kl 0.000 anchor 0.000 0.269s/rec
ep1 step 2680/3144 loss 0.201 kl 0.000 anchor 0.000 0.269s/rec
ep1 step 2690/3144 loss 0.462 kl 0.000 anchor 0.000 0.269s/rec
ep1 step 2700/3144 loss 0.353 kl 0.000 anchor 0.000 0.269s/rec
ep1 step 2710/3144 loss 0.571 kl 0.000 anchor 0.000 0.269s/rec
ep1 step 2720/3144 loss 0.392 kl 0.000 anchor 0.000 0.269s/rec
ep1 step 2730/3144 loss 0.424 kl 0.000 anchor 0.000 0.269s/rec
ep1 step 2740/3144 loss 0.252 kl 0.000 anchor 0.000 0.269s/rec
ep1 step 2750/3144 loss 0.360 kl 0.000 anchor 0.000 0.269s/rec
ep1 step 2760/3144 loss 0.129 kl 0.000 anchor 0.000 0.269s/rec
ep1 step 2770/3144 loss 0.443 kl 0.000 anchor 0.000 0.269s/rec
ep1 step 2780/3144 loss 0.447 kl 0.000 anchor 0.000 0.269s/rec
ep1 step 2790/3144 loss 0.279 kl 0.000 anchor 0.000 0.269s/rec
ep1 step 2800/3144 loss 0.567 kl 0.000 anchor 0.000 0.269s/rec
ep1 step 2810/3144 loss 0.322 kl 0.000 anchor 0.000 0.269s/rec
ep1 step 2820/3144 loss 0.401 kl 0.000 anchor 0.000 0.269s/rec
ep1 step 2830/3144 loss 0.176 kl 0.000 anchor 0.000 0.269s/rec
ep1 step 2840/3144 loss 0.314 kl 0.000 anchor 0.000 0.269s/rec
ep1 step 2850/3144 loss 0.152 kl 0.000 anchor 0.000 0.269s/rec
ep1 step 2860/3144 loss 0.388 kl 0.000 anchor 0.000 0.269s/rec
ep1 step 2870/3144 loss 0.379 kl 0.000 anchor 0.000 0.269s/rec
ep1 step 2880/3144 loss 0.301 kl 0.000 anchor 0.000 0.269s/rec
ep1 step 2890/3144 loss 0.386 kl 0.000 anchor 0.000 0.269s/rec
ep1 step 2900/3144 loss 0.335 kl 0.000 anchor 0.000 0.269s/rec
ep1 step 2910/3144 loss 0.362 kl 0.000 anchor 0.000 0.269s/rec
ep1 step 2920/3144 loss 0.143 kl 0.000 anchor 0.000 0.269s/rec
ep1 step 2930/3144 loss 0.332 kl 0.000 anchor 0.000 0.269s/rec
ep1 step 2940/3144 loss 0.236 kl 0.000 anchor 0.000 0.269s/rec
ep1 step 2950/3144 loss 0.440 kl 0.000 anchor 0.000 0.269s/rec
ep1 step 2960/3144 loss 0.324 kl 0.000 anchor 0.000 0.269s/rec
ep1 step 2970/3144 loss 0.515 kl 0.000 anchor 0.000 0.269s/rec
ep1 step 2980/3144 loss 0.351 kl 0.000 anchor 0.000 0.269s/rec
ep1 step 2990/3144 loss 0.219 kl 0.000 anchor 0.000 0.269s/rec
ep1 step 3000/3144 loss 0.307 kl 0.000 anchor 0.000 0.269s/rec
ep1 step 3010/3144 loss 0.391 kl 0.000 anchor 0.000 0.269s/rec
ep1 step 3020/3144 loss 0.619 kl 0.000 anchor 0.000 0.269s/rec
ep1 step 3030/3144 loss 0.403 kl 0.000 anchor 0.000 0.269s/rec
ep1 step 3040/3144 loss 0.441 kl 0.000 anchor 0.000 0.268s/rec
ep1 step 3050/3144 loss 0.393 kl 0.000 anchor 0.000 0.268s/rec
ep1 step 3060/3144 loss 0.433 kl 0.000 anchor 0.000 0.268s/rec
ep1 step 3070/3144 loss 0.571 kl 0.000 anchor 0.000 0.268s/rec
ep1 step 3080/3144 loss 0.271 kl 0.000 anchor 0.000 0.268s/rec
ep1 step 3090/3144 loss 0.359 kl 0.000 anchor 0.000 0.268s/rec
ep1 step 3100/3144 loss 0.311 kl 0.000 anchor 0.000 0.268s/rec
ep1 step 3110/3144 loss 0.349 kl 0.000 anchor 0.000 0.268s/rec
ep1 step 3120/3144 loss 0.232 kl 0.000 anchor 0.000 0.268s/rec
ep1 step 3130/3144 loss 0.560 kl 0.000 anchor 0.000 0.268s/rec
ep1 step 3140/3144 loss 0.360 kl 0.000 anchor 0.000 0.268s/rec
Warning: You are sending unauthenticated requests to the HF Hub. Please set a HF_TOKEN to enable higher rate limits and faster downloads.
saved /runs/night2-36b6/01-trial-1/checkpoint
