Warning: You are sending unauthenticated requests to the HF Hub. Please set a HF_TOKEN to enable higher rate limits and faster downloads.
device=cuda trainable params=11.3M
12576 training requests (holdout=[]), questions by type {'score': 3448, 'noul': 5224, 'choice': 6904}
[transformers] `causal_conv1d_fn` is falling back to its reference PyTorch implementation because `causal_conv1d` is not installed. This is correct but much slower; install `causal_conv1d` for the optimized kernel.
ep0 step 10/3144 loss 2.531 kl 0.000 anchor 0.000 1.819s/rec
ep0 step 20/3144 loss 1.768 kl 0.000 anchor 0.000 0.979s/rec
ep0 step 30/3144 loss 1.968 kl 0.000 anchor 0.000 0.652s/rec
ep0 step 40/3144 loss 1.840 kl 0.000 anchor 0.000 0.497s/rec
ep0 step 50/3144 loss 2.069 kl 0.000 anchor 0.000 0.409s/rec
ep0 step 60/3144 loss 1.634 kl 0.000 anchor 0.000 0.348s/rec
ep0 step 70/3144 loss 1.565 kl 0.000 anchor 0.000 0.303s/rec
ep0 step 80/3144 loss 1.582 kl 0.000 anchor 0.000 0.268s/rec
ep0 step 90/3144 loss 1.589 kl 0.000 anchor 0.000 0.263s/rec
ep0 step 100/3144 loss 1.485 kl 0.000 anchor 0.000 0.241s/rec
ep0 step 110/3144 loss 1.493 kl 0.000 anchor 0.000 0.223s/rec
ep0 step 120/3144 loss 1.263 kl 0.000 anchor 0.000 0.208s/rec
ep0 step 130/3144 loss 1.215 kl 0.000 anchor 0.000 0.193s/rec
ep0 step 140/3144 loss 1.173 kl 0.000 anchor 0.000 0.184s/rec
ep0 step 150/3144 loss 1.202 kl 0.000 anchor 0.000 0.176s/rec
ep0 step 160/3144 loss 1.036 kl 0.000 anchor 0.000 0.166s/rec
ep0 step 170/3144 loss 1.052 kl 0.000 anchor 0.000 0.158s/rec
ep0 step 180/3144 loss 1.213 kl 0.000 anchor 0.000 0.152s/rec
ep0 step 190/3144 loss 0.913 kl 0.000 anchor 0.000 0.145s/rec
ep0 step 200/3144 loss 0.902 kl 0.000 anchor 0.000 0.138s/rec
ep0 step 210/3144 loss 0.938 kl 0.000 anchor 0.000 0.133s/rec
ep0 step 220/3144 loss 0.767 kl 0.000 anchor 0.000 0.129s/rec
ep0 step 230/3144 loss 0.775 kl 0.000 anchor 0.000 0.124s/rec
ep0 step 240/3144 loss 0.995 kl 0.000 anchor 0.000 0.120s/rec
ep0 step 250/3144 loss 0.766 kl 0.000 anchor 0.000 0.118s/rec
ep0 step 260/3144 loss 0.952 kl 0.000 anchor 0.000 0.115s/rec
ep0 step 270/3144 loss 0.918 kl 0.000 anchor 0.000 0.112s/rec
ep0 step 280/3144 loss 1.015 kl 0.000 anchor 0.000 0.109s/rec
ep0 step 290/3144 loss 1.097 kl 0.000 anchor 0.000 0.107s/rec
ep0 step 300/3144 loss 0.899 kl 0.000 anchor 0.000 0.104s/rec
ep0 step 310/3144 loss 0.966 kl 0.000 anchor 0.000 0.102s/rec
ep0 step 320/3144 loss 0.862 kl 0.000 anchor 0.000 0.100s/rec
ep0 step 330/3144 loss 1.018 kl 0.000 anchor 0.000 0.098s/rec
ep0 step 340/3144 loss 0.659 kl 0.000 anchor 0.000 0.096s/rec
ep0 step 350/3144 loss 0.763 kl 0.000 anchor 0.000 0.094s/rec
ep0 step 360/3144 loss 0.737 kl 0.000 anchor 0.000 0.093s/rec
ep0 step 370/3144 loss 0.951 kl 0.000 anchor 0.000 0.091s/rec
ep0 step 380/3144 loss 0.870 kl 0.000 anchor 0.000 0.089s/rec
ep0 step 390/3144 loss 0.758 kl 0.000 anchor 0.000 0.088s/rec
ep0 step 400/3144 loss 0.961 kl 0.000 anchor 0.000 0.087s/rec
ep0 step 410/3144 loss 0.600 kl 0.000 anchor 0.000 0.085s/rec
ep0 step 420/3144 loss 0.693 kl 0.000 anchor 0.000 0.084s/rec
ep0 step 430/3144 loss 0.755 kl 0.000 anchor 0.000 0.083s/rec
ep0 step 440/3144 loss 0.918 kl 0.000 anchor 0.000 0.082s/rec
ep0 step 450/3144 loss 0.930 kl 0.000 anchor 0.000 0.081s/rec
ep0 step 460/3144 loss 0.957 kl 0.000 anchor 0.000 0.080s/rec
ep0 step 470/3144 loss 0.683 kl 0.000 anchor 0.000 0.079s/rec
ep0 step 480/3144 loss 0.667 kl 0.000 anchor 0.000 0.078s/rec
ep0 step 490/3144 loss 0.793 kl 0.000 anchor 0.000 0.077s/rec
ep0 step 500/3144 loss 0.645 kl 0.000 anchor 0.000 0.076s/rec
ep0 step 510/3144 loss 0.497 kl 0.000 anchor 0.000 0.075s/rec
ep0 step 520/3144 loss 0.900 kl 0.000 anchor 0.000 0.074s/rec
ep0 step 530/3144 loss 0.749 kl 0.000 anchor 0.000 0.073s/rec
ep0 step 540/3144 loss 0.844 kl 0.000 anchor 0.000 0.072s/rec
ep0 step 550/3144 loss 0.899 kl 0.000 anchor 0.000 0.072s/rec
ep0 step 560/3144 loss 0.654 kl 0.000 anchor 0.000 0.071s/rec
ep0 step 570/3144 loss 0.853 kl 0.000 anchor 0.000 0.070s/rec
ep0 step 580/3144 loss 0.594 kl 0.000 anchor 0.000 0.070s/rec
ep0 step 590/3144 loss 0.755 kl 0.000 anchor 0.000 0.069s/rec
ep0 step 600/3144 loss 0.560 kl 0.000 anchor 0.000 0.068s/rec
ep0 step 610/3144 loss 0.645 kl 0.000 anchor 0.000 0.068s/rec
ep0 step 620/3144 loss 0.749 kl 0.000 anchor 0.000 0.067s/rec
ep0 step 630/3144 loss 0.805 kl 0.000 anchor 0.000 0.067s/rec
ep0 step 640/3144 loss 0.528 kl 0.000 anchor 0.000 0.066s/rec
ep0 step 650/3144 loss 0.806 kl 0.000 anchor 0.000 0.065s/rec
ep0 step 660/3144 loss 0.816 kl 0.000 anchor 0.000 0.065s/rec
ep0 step 670/3144 loss 0.697 kl 0.000 anchor 0.000 0.064s/rec
ep0 step 680/3144 loss 0.495 kl 0.000 anchor 0.000 0.064s/rec
ep0 step 690/3144 loss 0.685 kl 0.000 anchor 0.000 0.063s/rec
ep0 step 700/3144 loss 0.873 kl 0.000 anchor 0.000 0.066s/rec
ep0 step 710/3144 loss 0.509 kl 0.000 anchor 0.000 0.066s/rec
ep0 step 720/3144 loss 0.639 kl 0.000 anchor 0.000 0.065s/rec
ep0 step 730/3144 loss 0.814 kl 0.000 anchor 0.000 0.065s/rec
ep0 step 740/3144 loss 0.777 kl 0.000 anchor 0.000 0.064s/rec
ep0 step 750/3144 loss 0.563 kl 0.000 anchor 0.000 0.064s/rec
ep0 step 760/3144 loss 0.916 kl 0.000 anchor 0.000 0.064s/rec
ep0 step 770/3144 loss 0.611 kl 0.000 anchor 0.000 0.063s/rec
ep0 step 780/3144 loss 0.725 kl 0.000 anchor 0.000 0.063s/rec
ep0 step 790/3144 loss 0.685 kl 0.000 anchor 0.000 0.062s/rec
ep0 step 800/3144 loss 0.584 kl 0.000 anchor 0.000 0.062s/rec
ep0 step 810/3144 loss 0.951 kl 0.000 anchor 0.000 0.062s/rec
ep0 step 820/3144 loss 0.551 kl 0.000 anchor 0.000 0.061s/rec
ep0 step 830/3144 loss 0.524 kl 0.000 anchor 0.000 0.061s/rec
ep0 step 840/3144 loss 0.799 kl 0.000 anchor 0.000 0.061s/rec
ep0 step 850/3144 loss 0.557 kl 0.000 anchor 0.000 0.060s/rec
ep0 step 860/3144 loss 0.541 kl 0.000 anchor 0.000 0.060s/rec
ep0 step 870/3144 loss 0.773 kl 0.000 anchor 0.000 0.060s/rec
ep0 step 880/3144 loss 0.519 kl 0.000 anchor 0.000 0.059s/rec
ep0 step 890/3144 loss 1.037 kl 0.000 anchor 0.000 0.059s/rec
ep0 step 900/3144 loss 0.548 kl 0.000 anchor 0.000 0.059s/rec
ep0 step 910/3144 loss 0.659 kl 0.000 anchor 0.000 0.058s/rec
ep0 step 920/3144 loss 0.498 kl 0.000 anchor 0.000 0.058s/rec
ep0 step 930/3144 loss 0.618 kl 0.000 anchor 0.000 0.058s/rec
ep0 step 940/3144 loss 0.633 kl 0.000 anchor 0.000 0.057s/rec
ep0 step 950/3144 loss 0.576 kl 0.000 anchor 0.000 0.057s/rec
ep0 step 960/3144 loss 0.701 kl 0.000 anchor 0.000 0.057s/rec
ep0 step 970/3144 loss 0.468 kl 0.000 anchor 0.000 0.056s/rec
ep0 step 980/3144 loss 0.875 kl 0.000 anchor 0.000 0.056s/rec
ep0 step 990/3144 loss 0.611 kl 0.000 anchor 0.000 0.056s/rec
ep0 step 1000/3144 loss 0.660 kl 0.000 anchor 0.000 0.056s/rec
ep0 step 1010/3144 loss 0.619 kl 0.000 anchor 0.000 0.055s/rec
ep0 step 1020/3144 loss 0.508 kl 0.000 anchor 0.000 0.055s/rec
ep0 step 1030/3144 loss 0.722 kl 0.000 anchor 0.000 0.055s/rec
ep0 step 1040/3144 loss 0.632 kl 0.000 anchor 0.000 0.055s/rec
ep0 step 1050/3144 loss 0.804 kl 0.000 anchor 0.000 0.054s/rec
ep0 step 1060/3144 loss 0.651 kl 0.000 anchor 0.000 0.054s/rec
ep0 step 1070/3144 loss 0.771 kl 0.000 anchor 0.000 0.054s/rec
ep0 step 1080/3144 loss 0.489 kl 0.000 anchor 0.000 0.054s/rec
ep0 step 1090/3144 loss 0.490 kl 0.000 anchor 0.000 0.054s/rec
ep0 step 1100/3144 loss 0.781 kl 0.000 anchor 0.000 0.053s/rec
ep0 step 1110/3144 loss 0.617 kl 0.000 anchor 0.000 0.053s/rec
ep0 step 1120/3144 loss 0.688 kl 0.000 anchor 0.000 0.053s/rec
ep0 step 1130/3144 loss 0.458 kl 0.000 anchor 0.000 0.053s/rec
ep0 step 1140/3144 loss 0.772 kl 0.000 anchor 0.000 0.053s/rec
ep0 step 1150/3144 loss 0.667 kl 0.000 anchor 0.000 0.052s/rec
ep0 step 1160/3144 loss 0.690 kl 0.000 anchor 0.000 0.052s/rec
ep0 step 1170/3144 loss 0.644 kl 0.000 anchor 0.000 0.052s/rec
ep0 step 1180/3144 loss 0.884 kl 0.000 anchor 0.000 0.052s/rec
ep0 step 1190/3144 loss 0.509 kl 0.000 anchor 0.000 0.052s/rec
ep0 step 1200/3144 loss 0.443 kl 0.000 anchor 0.000 0.052s/rec
ep0 step 1210/3144 loss 0.551 kl 0.000 anchor 0.000 0.051s/rec
ep0 step 1220/3144 loss 0.864 kl 0.000 anchor 0.000 0.051s/rec
ep0 step 1230/3144 loss 0.337 kl 0.000 anchor 0.000 0.051s/rec
ep0 step 1240/3144 loss 1.052 kl 0.000 anchor 0.000 0.051s/rec
ep0 step 1250/3144 loss 0.881 kl 0.000 anchor 0.000 0.051s/rec
ep0 step 1260/3144 loss 0.546 kl 0.000 anchor 0.000 0.051s/rec
ep0 step 1270/3144 loss 0.584 kl 0.000 anchor 0.000 0.050s/rec
ep0 step 1280/3144 loss 0.497 kl 0.000 anchor 0.000 0.050s/rec
ep0 step 1290/3144 loss 0.696 kl 0.000 anchor 0.000 0.050s/rec
ep0 step 1300/3144 loss 0.499 kl 0.000 anchor 0.000 0.050s/rec
ep0 step 1310/3144 loss 0.479 kl 0.000 anchor 0.000 0.050s/rec
ep0 step 1320/3144 loss 0.485 kl 0.000 anchor 0.000 0.050s/rec
ep0 step 1330/3144 loss 0.446 kl 0.000 anchor 0.000 0.050s/rec
ep0 step 1340/3144 loss 0.494 kl 0.000 anchor 0.000 0.049s/rec
ep0 step 1350/3144 loss 0.545 kl 0.000 anchor 0.000 0.049s/rec
ep0 step 1360/3144 loss 0.586 kl 0.000 anchor 0.000 0.049s/rec
ep0 step 1370/3144 loss 0.727 kl 0.000 anchor 0.000 0.049s/rec
ep0 step 1380/3144 loss 0.532 kl 0.000 anchor 0.000 0.049s/rec
ep0 step 1390/3144 loss 0.506 kl 0.000 anchor 0.000 0.049s/rec
ep0 step 1400/3144 loss 0.808 kl 0.000 anchor 0.000 0.049s/rec
ep0 step 1410/3144 loss 0.503 kl 0.000 anchor 0.000 0.048s/rec
ep0 step 1420/3144 loss 0.605 kl 0.000 anchor 0.000 0.048s/rec
ep0 step 1430/3144 loss 0.662 kl 0.000 anchor 0.000 0.048s/rec
ep0 step 1440/3144 loss 0.602 kl 0.000 anchor 0.000 0.048s/rec
ep0 step 1450/3144 loss 0.409 kl 0.000 anchor 0.000 0.048s/rec
ep0 step 1460/3144 loss 0.983 kl 0.000 anchor 0.000 0.048s/rec
ep0 step 1470/3144 loss 0.355 kl 0.000 anchor 0.000 0.048s/rec
ep0 step 1480/3144 loss 0.596 kl 0.000 anchor 0.000 0.048s/rec
ep0 step 1490/3144 loss 0.413 kl 0.000 anchor 0.000 0.048s/rec
ep0 step 1500/3144 loss 0.413 kl 0.000 anchor 0.000 0.047s/rec
ep0 step 1510/3144 loss 0.375 kl 0.000 anchor 0.000 0.047s/rec
ep0 step 1520/3144 loss 0.428 kl 0.000 anchor 0.000 0.047s/rec
ep0 step 1530/3144 loss 0.497 kl 0.000 anchor 0.000 0.047s/rec
ep0 step 1540/3144 loss 0.514 kl 0.000 anchor 0.000 0.047s/rec
ep0 step 1550/3144 loss 0.422 kl 0.000 anchor 0.000 0.047s/rec
ep0 step 1560/3144 loss 0.380 kl 0.000 anchor 0.000 0.047s/rec
ep0 step 1570/3144 loss 0.428 kl 0.000 anchor 0.000 0.047s/rec
ep1 step 1580/3144 loss 0.436 kl 0.000 anchor 0.000 0.047s/rec
ep1 step 1590/3144 loss 0.380 kl 0.000 anchor 0.000 0.047s/rec
ep1 step 1600/3144 loss 0.389 kl 0.000 anchor 0.000 0.046s/rec
ep1 step 1610/3144 loss 0.299 kl 0.000 anchor 0.000 0.047s/rec
ep1 step 1620/3144 loss 0.554 kl 0.000 anchor 0.000 0.046s/rec
ep1 step 1630/3144 loss 0.375 kl 0.000 anchor 0.000 0.046s/rec
ep1 step 1640/3144 loss 0.415 kl 0.000 anchor 0.000 0.046s/rec
ep1 step 1650/3144 loss 0.231 kl 0.000 anchor 0.000 0.046s/rec
ep1 step 1660/3144 loss 0.660 kl 0.000 anchor 0.000 0.046s/rec
ep1 step 1670/3144 loss 0.488 kl 0.000 anchor 0.000 0.046s/rec
ep1 step 1680/3144 loss 0.340 kl 0.000 anchor 0.000 0.046s/rec
ep1 step 1690/3144 loss 0.436 kl 0.000 anchor 0.000 0.046s/rec
ep1 step 1700/3144 loss 0.369 kl 0.000 anchor 0.000 0.046s/rec
ep1 step 1710/3144 loss 0.365 kl 0.000 anchor 0.000 0.046s/rec
ep1 step 1720/3144 loss 0.439 kl 0.000 anchor 0.000 0.046s/rec
ep1 step 1730/3144 loss 0.389 kl 0.000 anchor 0.000 0.046s/rec
ep1 step 1740/3144 loss 0.488 kl 0.000 anchor 0.000 0.045s/rec
ep1 step 1750/3144 loss 0.309 kl 0.000 anchor 0.000 0.045s/rec
ep1 step 1760/3144 loss 0.527 kl 0.000 anchor 0.000 0.045s/rec
ep1 step 1770/3144 loss 0.422 kl 0.000 anchor 0.000 0.045s/rec
ep1 step 1780/3144 loss 0.372 kl 0.000 anchor 0.000 0.045s/rec
ep1 step 1790/3144 loss 0.405 kl 0.000 anchor 0.000 0.045s/rec
ep1 step 1800/3144 loss 0.431 kl 0.000 anchor 0.000 0.045s/rec
ep1 step 1810/3144 loss 0.270 kl 0.000 anchor 0.000 0.045s/rec
ep1 step 1820/3144 loss 0.793 kl 0.000 anchor 0.000 0.045s/rec
ep1 step 1830/3144 loss 0.815 kl 0.000 anchor 0.000 0.045s/rec
ep1 step 1840/3144 loss 0.436 kl 0.000 anchor 0.000 0.045s/rec
ep1 step 1850/3144 loss 0.443 kl 0.000 anchor 0.000 0.045s/rec
ep1 step 1860/3144 loss 0.727 kl 0.000 anchor 0.000 0.045s/rec
ep1 step 1870/3144 loss 0.291 kl 0.000 anchor 0.000 0.045s/rec
ep1 step 1880/3144 loss 0.371 kl 0.000 anchor 0.000 0.044s/rec
ep1 step 1890/3144 loss 0.620 kl 0.000 anchor 0.000 0.044s/rec
ep1 step 1900/3144 loss 0.352 kl 0.000 anchor 0.000 0.044s/rec
ep1 step 1910/3144 loss 0.585 kl 0.000 anchor 0.000 0.044s/rec
ep1 step 1920/3144 loss 0.469 kl 0.000 anchor 0.000 0.044s/rec
ep1 step 1930/3144 loss 0.682 kl 0.000 anchor 0.000 0.044s/rec
ep1 step 1940/3144 loss 0.300 kl 0.000 anchor 0.000 0.044s/rec
ep1 step 1950/3144 loss 0.304 kl 0.000 anchor 0.000 0.044s/rec
ep1 step 1960/3144 loss 0.556 kl 0.000 anchor 0.000 0.044s/rec
ep1 step 1970/3144 loss 0.488 kl 0.000 anchor 0.000 0.044s/rec
ep1 step 1980/3144 loss 0.391 kl 0.000 anchor 0.000 0.044s/rec
ep1 step 1990/3144 loss 0.245 kl 0.000 anchor 0.000 0.044s/rec
ep1 step 2000/3144 loss 0.372 kl 0.000 anchor 0.000 0.044s/rec
ep1 step 2010/3144 loss 0.399 kl 0.000 anchor 0.000 0.044s/rec
ep1 step 2020/3144 loss 0.266 kl 0.000 anchor 0.000 0.044s/rec
ep1 step 2030/3144 loss 0.478 kl 0.000 anchor 0.000 0.044s/rec
ep1 step 2040/3144 loss 0.655 kl 0.000 anchor 0.000 0.043s/rec
ep1 step 2050/3144 loss 0.338 kl 0.000 anchor 0.000 0.043s/rec
ep1 step 2060/3144 loss 0.276 kl 0.000 anchor 0.000 0.043s/rec
ep1 step 2070/3144 loss 0.354 kl 0.000 anchor 0.000 0.043s/rec
ep1 step 2080/3144 loss 0.289 kl 0.000 anchor 0.000 0.043s/rec
ep1 step 2090/3144 loss 0.501 kl 0.000 anchor 0.000 0.043s/rec
ep1 step 2100/3144 loss 0.232 kl 0.000 anchor 0.000 0.043s/rec
ep1 step 2110/3144 loss 0.550 kl 0.000 anchor 0.000 0.043s/rec
ep1 step 2120/3144 loss 0.246 kl 0.000 anchor 0.000 0.043s/rec
ep1 step 2130/3144 loss 0.420 kl 0.000 anchor 0.000 0.043s/rec
ep1 step 2140/3144 loss 0.207 kl 0.000 anchor 0.000 0.043s/rec
ep1 step 2150/3144 loss 0.426 kl 0.000 anchor 0.000 0.043s/rec
ep1 step 2160/3144 loss 0.335 kl 0.000 anchor 0.000 0.043s/rec
ep1 step 2170/3144 loss 0.459 kl 0.000 anchor 0.000 0.043s/rec
ep1 step 2180/3144 loss 0.301 kl 0.000 anchor 0.000 0.043s/rec
ep1 step 2190/3144 loss 0.224 kl 0.000 anchor 0.000 0.043s/rec
ep1 step 2200/3144 loss 0.367 kl 0.000 anchor 0.000 0.043s/rec
ep1 step 2210/3144 loss 0.306 kl 0.000 anchor 0.000 0.043s/rec
ep1 step 2220/3144 loss 0.157 kl 0.000 anchor 0.000 0.043s/rec
ep1 step 2230/3144 loss 0.294 kl 0.000 anchor 0.000 0.042s/rec
ep1 step 2240/3144 loss 0.415 kl 0.000 anchor 0.000 0.042s/rec
ep1 step 2250/3144 loss 0.429 kl 0.000 anchor 0.000 0.042s/rec
ep1 step 2260/3144 loss 0.421 kl 0.000 anchor 0.000 0.042s/rec
ep1 step 2270/3144 loss 0.328 kl 0.000 anchor 0.000 0.042s/rec
ep1 step 2280/3144 loss 0.356 kl 0.000 anchor 0.000 0.042s/rec
ep1 step 2290/3144 loss 0.325 kl 0.000 anchor 0.000 0.042s/rec
ep1 step 2300/3144 loss 0.393 kl 0.000 anchor 0.000 0.042s/rec
ep1 step 2310/3144 loss 0.267 kl 0.000 anchor 0.000 0.042s/rec
ep1 step 2320/3144 loss 0.414 kl 0.000 anchor 0.000 0.042s/rec
ep1 step 2330/3144 loss 0.484 kl 0.000 anchor 0.000 0.042s/rec
ep1 step 2340/3144 loss 0.303 kl 0.000 anchor 0.000 0.042s/rec
ep1 step 2350/3144 loss 0.479 kl 0.000 anchor 0.000 0.042s/rec
ep1 step 2360/3144 loss 0.361 kl 0.000 anchor 0.000 0.042s/rec
ep1 step 2370/3144 loss 0.735 kl 0.000 anchor 0.000 0.042s/rec
ep1 step 2380/3144 loss 0.575 kl 0.000 anchor 0.000 0.042s/rec
ep1 step 2390/3144 loss 0.316 kl 0.000 anchor 0.000 0.042s/rec
ep1 step 2400/3144 loss 0.315 kl 0.000 anchor 0.000 0.042s/rec
ep1 step 2410/3144 loss 0.393 kl 0.000 anchor 0.000 0.042s/rec
ep1 step 2420/3144 loss 0.366 kl 0.000 anchor 0.000 0.042s/rec
ep1 step 2430/3144 loss 0.271 kl 0.000 anchor 0.000 0.042s/rec
ep1 step 2440/3144 loss 0.409 kl 0.000 anchor 0.000 0.042s/rec
ep1 step 2450/3144 loss 0.313 kl 0.000 anchor 0.000 0.042s/rec
ep1 step 2460/3144 loss 0.695 kl 0.000 anchor 0.000 0.041s/rec
ep1 step 2470/3144 loss 0.260 kl 0.000 anchor 0.000 0.041s/rec
ep1 step 2480/3144 loss 0.337 kl 0.000 anchor 0.000 0.041s/rec
ep1 step 2490/3144 loss 0.551 kl 0.000 anchor 0.000 0.041s/rec
ep1 step 2500/3144 loss 0.579 kl 0.000 anchor 0.000 0.041s/rec
ep1 step 2510/3144 loss 0.594 kl 0.000 anchor 0.000 0.041s/rec
ep1 step 2520/3144 loss 0.423 kl 0.000 anchor 0.000 0.041s/rec
ep1 step 2530/3144 loss 0.397 kl 0.000 anchor 0.000 0.041s/rec
ep1 step 2540/3144 loss 0.360 kl 0.000 anchor 0.000 0.041s/rec
ep1 step 2550/3144 loss 0.432 kl 0.000 anchor 0.000 0.041s/rec
ep1 step 2560/3144 loss 0.268 kl 0.000 anchor 0.000 0.041s/rec
ep1 step 2570/3144 loss 0.499 kl 0.000 anchor 0.000 0.041s/rec
ep1 step 2580/3144 loss 0.290 kl 0.000 anchor 0.000 0.041s/rec
ep1 step 2590/3144 loss 0.250 kl 0.000 anchor 0.000 0.041s/rec
ep1 step 2600/3144 loss 0.346 kl 0.000 anchor 0.000 0.041s/rec
ep1 step 2610/3144 loss 0.258 kl 0.000 anchor 0.000 0.041s/rec
ep1 step 2620/3144 loss 0.424 kl 0.000 anchor 0.000 0.041s/rec
ep1 step 2630/3144 loss 0.399 kl 0.000 anchor 0.000 0.041s/rec
ep1 step 2640/3144 loss 0.434 kl 0.000 anchor 0.000 0.041s/rec
ep1 step 2650/3144 loss 0.197 kl 0.000 anchor 0.000 0.041s/rec
ep1 step 2660/3144 loss 0.214 kl 0.000 anchor 0.000 0.041s/rec
ep1 step 2670/3144 loss 0.460 kl 0.000 anchor 0.000 0.041s/rec
ep1 step 2680/3144 loss 0.242 kl 0.000 anchor 0.000 0.041s/rec
ep1 step 2690/3144 loss 0.306 kl 0.000 anchor 0.000 0.041s/rec
ep1 step 2700/3144 loss 0.441 kl 0.000 anchor 0.000 0.041s/rec
ep1 step 2710/3144 loss 0.432 kl 0.000 anchor 0.000 0.041s/rec
ep1 step 2720/3144 loss 0.380 kl 0.000 anchor 0.000 0.041s/rec
ep1 step 2730/3144 loss 0.213 kl 0.000 anchor 0.000 0.041s/rec
ep1 step 2740/3144 loss 0.321 kl 0.000 anchor 0.000 0.041s/rec
ep1 step 2750/3144 loss 0.886 kl 0.000 anchor 0.000 0.041s/rec
ep1 step 2760/3144 loss 0.210 kl 0.000 anchor 0.000 0.041s/rec
ep1 step 2770/3144 loss 0.551 kl 0.000 anchor 0.000 0.040s/rec
ep1 step 2780/3144 loss 0.432 kl 0.000 anchor 0.000 0.040s/rec
ep1 step 2790/3144 loss 0.431 kl 0.000 anchor 0.000 0.040s/rec
ep1 step 2800/3144 loss 0.394 kl 0.000 anchor 0.000 0.040s/rec
ep1 step 2810/3144 loss 0.283 kl 0.000 anchor 0.000 0.040s/rec
ep1 step 2820/3144 loss 0.272 kl 0.000 anchor 0.000 0.040s/rec
ep1 step 2830/3144 loss 0.242 kl 0.000 anchor 0.000 0.040s/rec
ep1 step 2840/3144 loss 0.338 kl 0.000 anchor 0.000 0.040s/rec
ep1 step 2850/3144 loss 0.216 kl 0.000 anchor 0.000 0.040s/rec
ep1 step 2860/3144 loss 0.769 kl 0.000 anchor 0.000 0.040s/rec
ep1 step 2870/3144 loss 0.284 kl 0.000 anchor 0.000 0.040s/rec
ep1 step 2880/3144 loss 0.280 kl 0.000 anchor 0.000 0.040s/rec
ep1 step 2890/3144 loss 0.536 kl 0.000 anchor 0.000 0.040s/rec
ep1 step 2900/3144 loss 0.262 kl 0.000 anchor 0.000 0.040s/rec
ep1 step 2910/3144 loss 0.290 kl 0.000 anchor 0.000 0.040s/rec
ep1 step 2920/3144 loss 0.148 kl 0.000 anchor 0.000 0.040s/rec
ep1 step 2930/3144 loss 0.246 kl 0.000 anchor 0.000 0.040s/rec
ep1 step 2940/3144 loss 0.331 kl 0.000 anchor 0.000 0.040s/rec
ep1 step 2950/3144 loss 0.377 kl 0.000 anchor 0.000 0.040s/rec
ep1 step 2960/3144 loss 0.364 kl 0.000 anchor 0.000 0.040s/rec
ep1 step 2970/3144 loss 0.406 kl 0.000 anchor 0.000 0.040s/rec
ep1 step 2980/3144 loss 0.323 kl 0.000 anchor 0.000 0.040s/rec
ep1 step 2990/3144 loss 0.278 kl 0.000 anchor 0.000 0.040s/rec
ep1 step 3000/3144 loss 0.195 kl 0.000 anchor 0.000 0.040s/rec
ep1 step 3010/3144 loss 0.277 kl 0.000 anchor 0.000 0.040s/rec
ep1 step 3020/3144 loss 0.613 kl 0.000 anchor 0.000 0.040s/rec
ep1 step 3030/3144 loss 0.459 kl 0.000 anchor 0.000 0.040s/rec
ep1 step 3040/3144 loss 0.245 kl 0.000 anchor 0.000 0.040s/rec
ep1 step 3050/3144 loss 0.527 kl 0.000 anchor 0.000 0.040s/rec
ep1 step 3060/3144 loss 0.428 kl 0.000 anchor 0.000 0.040s/rec
ep1 step 3070/3144 loss 0.728 kl 0.000 anchor 0.000 0.039s/rec
ep1 step 3080/3144 loss 0.232 kl 0.000 anchor 0.000 0.039s/rec
ep1 step 3090/3144 loss 0.336 kl 0.000 anchor 0.000 0.039s/rec
ep1 step 3100/3144 loss 0.315 kl 0.000 anchor 0.000 0.039s/rec
ep1 step 3110/3144 loss 0.401 kl 0.000 anchor 0.000 0.039s/rec
ep1 step 3120/3144 loss 0.271 kl 0.000 anchor 0.000 0.039s/rec
ep1 step 3130/3144 loss 0.464 kl 0.000 anchor 0.000 0.039s/rec
ep1 step 3140/3144 loss 0.246 kl 0.000 anchor 0.000 0.039s/rec
saved /runs/q35-08b/00-trial-0/checkpoint
