device=cuda trainable params=11.3M
12576 training requests (holdout=[]), questions by type {'score': 3448, 'noul': 5224, 'choice': 6904}
[transformers] `causal_conv1d_fn` is falling back to its reference PyTorch implementation because `causal_conv1d` is not installed. This is correct but much slower; install `causal_conv1d` for the optimized kernel.
ep0 step 10/3144 loss 1.960 kl 0.000 anchor 0.000 1.843s/rec
ep0 step 20/3144 loss 1.867 kl 0.000 anchor 0.000 0.987s/rec
ep0 step 30/3144 loss 1.803 kl 0.000 anchor 0.000 0.660s/rec
ep0 step 40/3144 loss 1.955 kl 0.000 anchor 0.000 0.499s/rec
ep0 step 50/3144 loss 1.721 kl 0.000 anchor 0.000 0.409s/rec
ep0 step 60/3144 loss 1.448 kl 0.000 anchor 0.000 0.348s/rec
ep0 step 70/3144 loss 2.027 kl 0.000 anchor 0.000 0.304s/rec
ep0 step 80/3144 loss 1.461 kl 0.000 anchor 0.000 0.301s/rec
ep0 step 90/3144 loss 1.482 kl 0.000 anchor 0.000 0.268s/rec
ep0 step 100/3144 loss 1.319 kl 0.000 anchor 0.000 0.245s/rec
ep0 step 110/3144 loss 1.504 kl 0.000 anchor 0.000 0.224s/rec
ep0 step 120/3144 loss 1.287 kl 0.000 anchor 0.000 0.210s/rec
ep0 step 130/3144 loss 1.264 kl 0.000 anchor 0.000 0.197s/rec
ep0 step 140/3144 loss 1.123 kl 0.000 anchor 0.000 0.184s/rec
ep0 step 150/3144 loss 1.177 kl 0.000 anchor 0.000 0.173s/rec
ep0 step 160/3144 loss 1.214 kl 0.000 anchor 0.000 0.166s/rec
ep0 step 170/3144 loss 1.112 kl 0.000 anchor 0.000 0.158s/rec
ep0 step 180/3144 loss 0.867 kl 0.000 anchor 0.000 0.153s/rec
ep0 step 190/3144 loss 1.256 kl 0.000 anchor 0.000 0.148s/rec
ep0 step 200/3144 loss 1.032 kl 0.000 anchor 0.000 0.142s/rec
ep0 step 210/3144 loss 1.038 kl 0.000 anchor 0.000 0.137s/rec
ep0 step 220/3144 loss 1.062 kl 0.000 anchor 0.000 0.133s/rec
ep0 step 230/3144 loss 0.815 kl 0.000 anchor 0.000 0.128s/rec
ep0 step 240/3144 loss 0.844 kl 0.000 anchor 0.000 0.124s/rec
ep0 step 250/3144 loss 0.886 kl 0.000 anchor 0.000 0.121s/rec
ep0 step 260/3144 loss 0.806 kl 0.000 anchor 0.000 0.117s/rec
ep0 step 270/3144 loss 0.755 kl 0.000 anchor 0.000 0.114s/rec
ep0 step 280/3144 loss 0.961 kl 0.000 anchor 0.000 0.118s/rec
ep0 step 290/3144 loss 1.129 kl 0.000 anchor 0.000 0.115s/rec
ep0 step 300/3144 loss 0.962 kl 0.000 anchor 0.000 0.113s/rec
ep0 step 310/3144 loss 0.899 kl 0.000 anchor 0.000 0.110s/rec
ep0 step 320/3144 loss 0.744 kl 0.000 anchor 0.000 0.108s/rec
ep0 step 330/3144 loss 0.824 kl 0.000 anchor 0.000 0.105s/rec
ep0 step 340/3144 loss 0.752 kl 0.000 anchor 0.000 0.103s/rec
ep0 step 350/3144 loss 0.817 kl 0.000 anchor 0.000 0.101s/rec
ep0 step 360/3144 loss 0.547 kl 0.000 anchor 0.000 0.099s/rec
ep0 step 370/3144 loss 0.776 kl 0.000 anchor 0.000 0.097s/rec
ep0 step 380/3144 loss 0.734 kl 0.000 anchor 0.000 0.095s/rec
ep0 step 390/3144 loss 0.920 kl 0.000 anchor 0.000 0.094s/rec
ep0 step 400/3144 loss 1.078 kl 0.000 anchor 0.000 0.092s/rec
ep0 step 410/3144 loss 0.803 kl 0.000 anchor 0.000 0.091s/rec
ep0 step 420/3144 loss 0.653 kl 0.000 anchor 0.000 0.089s/rec
ep0 step 430/3144 loss 0.845 kl 0.000 anchor 0.000 0.088s/rec
ep0 step 440/3144 loss 0.781 kl 0.000 anchor 0.000 0.087s/rec
ep0 step 450/3144 loss 0.757 kl 0.000 anchor 0.000 0.085s/rec
ep0 step 460/3144 loss 0.768 kl 0.000 anchor 0.000 0.084s/rec
ep0 step 470/3144 loss 0.727 kl 0.000 anchor 0.000 0.083s/rec
ep0 step 480/3144 loss 0.734 kl 0.000 anchor 0.000 0.082s/rec
ep0 step 490/3144 loss 0.642 kl 0.000 anchor 0.000 0.081s/rec
ep0 step 500/3144 loss 0.758 kl 0.000 anchor 0.000 0.080s/rec
ep0 step 510/3144 loss 0.840 kl 0.000 anchor 0.000 0.079s/rec
ep0 step 520/3144 loss 0.651 kl 0.000 anchor 0.000 0.078s/rec
ep0 step 530/3144 loss 1.135 kl 0.000 anchor 0.000 0.077s/rec
ep0 step 540/3144 loss 0.673 kl 0.000 anchor 0.000 0.076s/rec
ep0 step 550/3144 loss 0.567 kl 0.000 anchor 0.000 0.075s/rec
ep0 step 560/3144 loss 1.174 kl 0.000 anchor 0.000 0.075s/rec
ep0 step 570/3144 loss 0.739 kl 0.000 anchor 0.000 0.074s/rec
ep0 step 580/3144 loss 0.647 kl 0.000 anchor 0.000 0.073s/rec
ep0 step 590/3144 loss 0.707 kl 0.000 anchor 0.000 0.073s/rec
ep0 step 600/3144 loss 0.629 kl 0.000 anchor 0.000 0.072s/rec
ep0 step 610/3144 loss 0.530 kl 0.000 anchor 0.000 0.072s/rec
ep0 step 620/3144 loss 0.579 kl 0.000 anchor 0.000 0.071s/rec
ep0 step 630/3144 loss 0.710 kl 0.000 anchor 0.000 0.071s/rec
ep0 step 640/3144 loss 0.795 kl 0.000 anchor 0.000 0.070s/rec
ep0 step 650/3144 loss 0.729 kl 0.000 anchor 0.000 0.070s/rec
ep0 step 660/3144 loss 0.806 kl 0.000 anchor 0.000 0.069s/rec
ep0 step 670/3144 loss 0.847 kl 0.000 anchor 0.000 0.068s/rec
ep0 step 680/3144 loss 0.735 kl 0.000 anchor 0.000 0.068s/rec
ep0 step 690/3144 loss 0.663 kl 0.000 anchor 0.000 0.067s/rec
ep0 step 700/3144 loss 0.755 kl 0.000 anchor 0.000 0.067s/rec
ep0 step 710/3144 loss 0.572 kl 0.000 anchor 0.000 0.066s/rec
ep0 step 720/3144 loss 0.413 kl 0.000 anchor 0.000 0.066s/rec
ep0 step 730/3144 loss 0.668 kl 0.000 anchor 0.000 0.065s/rec
ep0 step 740/3144 loss 0.540 kl 0.000 anchor 0.000 0.065s/rec
ep0 step 750/3144 loss 0.683 kl 0.000 anchor 0.000 0.064s/rec
ep0 step 760/3144 loss 0.517 kl 0.000 anchor 0.000 0.064s/rec
ep0 step 770/3144 loss 0.762 kl 0.000 anchor 0.000 0.064s/rec
ep0 step 780/3144 loss 0.634 kl 0.000 anchor 0.000 0.063s/rec
ep0 step 790/3144 loss 0.612 kl 0.000 anchor 0.000 0.063s/rec
ep0 step 800/3144 loss 0.746 kl 0.000 anchor 0.000 0.062s/rec
ep0 step 810/3144 loss 0.471 kl 0.000 anchor 0.000 0.062s/rec
ep0 step 820/3144 loss 0.620 kl 0.000 anchor 0.000 0.061s/rec
ep0 step 830/3144 loss 0.470 kl 0.000 anchor 0.000 0.061s/rec
ep0 step 840/3144 loss 0.836 kl 0.000 anchor 0.000 0.061s/rec
ep0 step 850/3144 loss 0.670 kl 0.000 anchor 0.000 0.060s/rec
ep0 step 860/3144 loss 0.489 kl 0.000 anchor 0.000 0.060s/rec
ep0 step 870/3144 loss 0.845 kl 0.000 anchor 0.000 0.060s/rec
ep0 step 880/3144 loss 0.760 kl 0.000 anchor 0.000 0.059s/rec
ep0 step 890/3144 loss 0.577 kl 0.000 anchor 0.000 0.059s/rec
ep0 step 900/3144 loss 0.841 kl 0.000 anchor 0.000 0.059s/rec
ep0 step 910/3144 loss 0.743 kl 0.000 anchor 0.000 0.058s/rec
ep0 step 920/3144 loss 0.477 kl 0.000 anchor 0.000 0.058s/rec
ep0 step 930/3144 loss 0.438 kl 0.000 anchor 0.000 0.058s/rec
ep0 step 940/3144 loss 1.025 kl 0.000 anchor 0.000 0.058s/rec
ep0 step 950/3144 loss 0.442 kl 0.000 anchor 0.000 0.057s/rec
ep0 step 960/3144 loss 1.030 kl 0.000 anchor 0.000 0.057s/rec
ep0 step 970/3144 loss 0.694 kl 0.000 anchor 0.000 0.057s/rec
ep0 step 980/3144 loss 0.540 kl 0.000 anchor 0.000 0.057s/rec
ep0 step 990/3144 loss 0.481 kl 0.000 anchor 0.000 0.056s/rec
ep0 step 1000/3144 loss 0.904 kl 0.000 anchor 0.000 0.056s/rec
ep0 step 1010/3144 loss 0.575 kl 0.000 anchor 0.000 0.056s/rec
ep0 step 1020/3144 loss 0.900 kl 0.000 anchor 0.000 0.056s/rec
ep0 step 1030/3144 loss 0.500 kl 0.000 anchor 0.000 0.055s/rec
ep0 step 1040/3144 loss 0.616 kl 0.000 anchor 0.000 0.055s/rec
ep0 step 1050/3144 loss 0.475 kl 0.000 anchor 0.000 0.055s/rec
ep0 step 1060/3144 loss 0.551 kl 0.000 anchor 0.000 0.055s/rec
ep0 step 1070/3144 loss 0.524 kl 0.000 anchor 0.000 0.055s/rec
ep0 step 1080/3144 loss 0.647 kl 0.000 anchor 0.000 0.054s/rec
ep0 step 1090/3144 loss 0.662 kl 0.000 anchor 0.000 0.054s/rec
ep0 step 1100/3144 loss 0.659 kl 0.000 anchor 0.000 0.054s/rec
ep0 step 1110/3144 loss 0.671 kl 0.000 anchor 0.000 0.054s/rec
ep0 step 1120/3144 loss 0.542 kl 0.000 anchor 0.000 0.053s/rec
ep0 step 1130/3144 loss 0.498 kl 0.000 anchor 0.000 0.053s/rec
ep0 step 1140/3144 loss 0.415 kl 0.000 anchor 0.000 0.053s/rec
ep0 step 1150/3144 loss 0.540 kl 0.000 anchor 0.000 0.053s/rec
ep0 step 1160/3144 loss 0.790 kl 0.000 anchor 0.000 0.053s/rec
ep0 step 1170/3144 loss 0.597 kl 0.000 anchor 0.000 0.052s/rec
ep0 step 1180/3144 loss 0.521 kl 0.000 anchor 0.000 0.052s/rec
ep0 step 1190/3144 loss 0.559 kl 0.000 anchor 0.000 0.052s/rec
ep0 step 1200/3144 loss 0.601 kl 0.000 anchor 0.000 0.052s/rec
ep0 step 1210/3144 loss 0.420 kl 0.000 anchor 0.000 0.052s/rec
ep0 step 1220/3144 loss 0.577 kl 0.000 anchor 0.000 0.052s/rec
ep0 step 1230/3144 loss 0.510 kl 0.000 anchor 0.000 0.051s/rec
ep0 step 1240/3144 loss 0.596 kl 0.000 anchor 0.000 0.051s/rec
ep0 step 1250/3144 loss 0.649 kl 0.000 anchor 0.000 0.051s/rec
ep0 step 1260/3144 loss 0.590 kl 0.000 anchor 0.000 0.051s/rec
ep0 step 1270/3144 loss 0.610 kl 0.000 anchor 0.000 0.051s/rec
ep0 step 1280/3144 loss 0.623 kl 0.000 anchor 0.000 0.051s/rec
ep0 step 1290/3144 loss 0.706 kl 0.000 anchor 0.000 0.051s/rec
ep0 step 1300/3144 loss 0.876 kl 0.000 anchor 0.000 0.050s/rec
ep0 step 1310/3144 loss 0.552 kl 0.000 anchor 0.000 0.050s/rec
ep0 step 1320/3144 loss 0.539 kl 0.000 anchor 0.000 0.050s/rec
ep0 step 1330/3144 loss 0.888 kl 0.000 anchor 0.000 0.050s/rec
ep0 step 1340/3144 loss 0.550 kl 0.000 anchor 0.000 0.050s/rec
ep0 step 1350/3144 loss 0.407 kl 0.000 anchor 0.000 0.050s/rec
ep0 step 1360/3144 loss 0.783 kl 0.000 anchor 0.000 0.050s/rec
ep0 step 1370/3144 loss 0.627 kl 0.000 anchor 0.000 0.049s/rec
ep0 step 1380/3144 loss 0.720 kl 0.000 anchor 0.000 0.049s/rec
ep0 step 1390/3144 loss 0.507 kl 0.000 anchor 0.000 0.049s/rec
ep0 step 1400/3144 loss 0.719 kl 0.000 anchor 0.000 0.049s/rec
ep0 step 1410/3144 loss 0.376 kl 0.000 anchor 0.000 0.049s/rec
ep0 step 1420/3144 loss 0.633 kl 0.000 anchor 0.000 0.049s/rec
ep0 step 1430/3144 loss 0.462 kl 0.000 anchor 0.000 0.049s/rec
ep0 step 1440/3144 loss 0.511 kl 0.000 anchor 0.000 0.048s/rec
ep0 step 1450/3144 loss 0.807 kl 0.000 anchor 0.000 0.048s/rec
ep0 step 1460/3144 loss 0.682 kl 0.000 anchor 0.000 0.048s/rec
ep0 step 1470/3144 loss 0.530 kl 0.000 anchor 0.000 0.048s/rec
ep0 step 1480/3144 loss 0.480 kl 0.000 anchor 0.000 0.048s/rec
ep0 step 1490/3144 loss 0.479 kl 0.000 anchor 0.000 0.048s/rec
ep0 step 1500/3144 loss 0.635 kl 0.000 anchor 0.000 0.048s/rec
ep0 step 1510/3144 loss 0.489 kl 0.000 anchor 0.000 0.048s/rec
ep0 step 1520/3144 loss 0.695 kl 0.000 anchor 0.000 0.048s/rec
ep0 step 1530/3144 loss 0.482 kl 0.000 anchor 0.000 0.047s/rec
ep0 step 1540/3144 loss 0.534 kl 0.000 anchor 0.000 0.047s/rec
ep0 step 1550/3144 loss 0.459 kl 0.000 anchor 0.000 0.047s/rec
ep0 step 1560/3144 loss 0.750 kl 0.000 anchor 0.000 0.047s/rec
ep0 step 1570/3144 loss 0.667 kl 0.000 anchor 0.000 0.047s/rec
ep1 step 1580/3144 loss 0.536 kl 0.000 anchor 0.000 0.047s/rec
ep1 step 1590/3144 loss 0.318 kl 0.000 anchor 0.000 0.047s/rec
ep1 step 1600/3144 loss 0.469 kl 0.000 anchor 0.000 0.047s/rec
ep1 step 1610/3144 loss 0.257 kl 0.000 anchor 0.000 0.047s/rec
ep1 step 1620/3144 loss 0.456 kl 0.000 anchor 0.000 0.046s/rec
ep1 step 1630/3144 loss 0.237 kl 0.000 anchor 0.000 0.046s/rec
ep1 step 1640/3144 loss 0.305 kl 0.000 anchor 0.000 0.046s/rec
ep1 step 1650/3144 loss 0.581 kl 0.000 anchor 0.000 0.046s/rec
ep1 step 1660/3144 loss 0.370 kl 0.000 anchor 0.000 0.046s/rec
ep1 step 1670/3144 loss 0.515 kl 0.000 anchor 0.000 0.046s/rec
ep1 step 1680/3144 loss 0.491 kl 0.000 anchor 0.000 0.046s/rec
ep1 step 1690/3144 loss 0.393 kl 0.000 anchor 0.000 0.046s/rec
ep1 step 1700/3144 loss 0.534 kl 0.000 anchor 0.000 0.046s/rec
ep1 step 1710/3144 loss 0.379 kl 0.000 anchor 0.000 0.046s/rec
ep1 step 1720/3144 loss 0.960 kl 0.000 anchor 0.000 0.046s/rec
ep1 step 1730/3144 loss 0.450 kl 0.000 anchor 0.000 0.046s/rec
ep1 step 1740/3144 loss 0.288 kl 0.000 anchor 0.000 0.045s/rec
ep1 step 1750/3144 loss 0.359 kl 0.000 anchor 0.000 0.045s/rec
ep1 step 1760/3144 loss 0.368 kl 0.000 anchor 0.000 0.045s/rec
ep1 step 1770/3144 loss 0.423 kl 0.000 anchor 0.000 0.045s/rec
ep1 step 1780/3144 loss 0.353 kl 0.000 anchor 0.000 0.045s/rec
ep1 step 1790/3144 loss 0.357 kl 0.000 anchor 0.000 0.045s/rec
ep1 step 1800/3144 loss 0.367 kl 0.000 anchor 0.000 0.045s/rec
ep1 step 1810/3144 loss 0.412 kl 0.000 anchor 0.000 0.045s/rec
ep1 step 1820/3144 loss 0.309 kl 0.000 anchor 0.000 0.045s/rec
ep1 step 1830/3144 loss 0.460 kl 0.000 anchor 0.000 0.045s/rec
ep1 step 1840/3144 loss 0.411 kl 0.000 anchor 0.000 0.045s/rec
ep1 step 1850/3144 loss 0.449 kl 0.000 anchor 0.000 0.045s/rec
ep1 step 1860/3144 loss 0.650 kl 0.000 anchor 0.000 0.044s/rec
ep1 step 1870/3144 loss 0.326 kl 0.000 anchor 0.000 0.044s/rec
ep1 step 1880/3144 loss 0.416 kl 0.000 anchor 0.000 0.044s/rec
ep1 step 1890/3144 loss 0.279 kl 0.000 anchor 0.000 0.044s/rec
ep1 step 1900/3144 loss 0.542 kl 0.000 anchor 0.000 0.044s/rec
ep1 step 1910/3144 loss 0.401 kl 0.000 anchor 0.000 0.044s/rec
ep1 step 1920/3144 loss 0.470 kl 0.000 anchor 0.000 0.044s/rec
ep1 step 1930/3144 loss 0.438 kl 0.000 anchor 0.000 0.044s/rec
ep1 step 1940/3144 loss 0.431 kl 0.000 anchor 0.000 0.044s/rec
ep1 step 1950/3144 loss 0.819 kl 0.000 anchor 0.000 0.044s/rec
ep1 step 1960/3144 loss 0.525 kl 0.000 anchor 0.000 0.044s/rec
ep1 step 1970/3144 loss 0.360 kl 0.000 anchor 0.000 0.044s/rec
ep1 step 1980/3144 loss 0.377 kl 0.000 anchor 0.000 0.044s/rec
ep1 step 1990/3144 loss 0.380 kl 0.000 anchor 0.000 0.044s/rec
ep1 step 2000/3144 loss 0.269 kl 0.000 anchor 0.000 0.044s/rec
ep1 step 2010/3144 loss 0.759 kl 0.000 anchor 0.000 0.043s/rec
ep1 step 2020/3144 loss 0.640 kl 0.000 anchor 0.000 0.043s/rec
ep1 step 2030/3144 loss 0.539 kl 0.000 anchor 0.000 0.043s/rec
ep1 step 2040/3144 loss 0.324 kl 0.000 anchor 0.000 0.043s/rec
ep1 step 2050/3144 loss 0.239 kl 0.000 anchor 0.000 0.043s/rec
ep1 step 2060/3144 loss 0.484 kl 0.000 anchor 0.000 0.043s/rec
ep1 step 2070/3144 loss 0.231 kl 0.000 anchor 0.000 0.043s/rec
ep1 step 2080/3144 loss 0.365 kl 0.000 anchor 0.000 0.043s/rec
ep1 step 2090/3144 loss 0.206 kl 0.000 anchor 0.000 0.043s/rec
ep1 step 2100/3144 loss 0.512 kl 0.000 anchor 0.000 0.043s/rec
ep1 step 2110/3144 loss 0.314 kl 0.000 anchor 0.000 0.043s/rec
ep1 step 2120/3144 loss 0.365 kl 0.000 anchor 0.000 0.043s/rec
ep1 step 2130/3144 loss 0.279 kl 0.000 anchor 0.000 0.043s/rec
ep1 step 2140/3144 loss 0.364 kl 0.000 anchor 0.000 0.043s/rec
ep1 step 2150/3144 loss 0.480 kl 0.000 anchor 0.000 0.043s/rec
ep1 step 2160/3144 loss 0.417 kl 0.000 anchor 0.000 0.043s/rec
ep1 step 2170/3144 loss 0.198 kl 0.000 anchor 0.000 0.043s/rec
ep1 step 2180/3144 loss 0.258 kl 0.000 anchor 0.000 0.043s/rec
ep1 step 2190/3144 loss 0.406 kl 0.000 anchor 0.000 0.043s/rec
ep1 step 2200/3144 loss 0.400 kl 0.000 anchor 0.000 0.043s/rec
ep1 step 2210/3144 loss 0.270 kl 0.000 anchor 0.000 0.042s/rec
ep1 step 2220/3144 loss 0.315 kl 0.000 anchor 0.000 0.042s/rec
ep1 step 2230/3144 loss 0.312 kl 0.000 anchor 0.000 0.042s/rec
ep1 step 2240/3144 loss 0.564 kl 0.000 anchor 0.000 0.042s/rec
ep1 step 2250/3144 loss 0.321 kl 0.000 anchor 0.000 0.042s/rec
ep1 step 2260/3144 loss 0.364 kl 0.000 anchor 0.000 0.042s/rec
ep1 step 2270/3144 loss 0.433 kl 0.000 anchor 0.000 0.042s/rec
ep1 step 2280/3144 loss 0.484 kl 0.000 anchor 0.000 0.042s/rec
ep1 step 2290/3144 loss 0.236 kl 0.000 anchor 0.000 0.042s/rec
ep1 step 2300/3144 loss 0.289 kl 0.000 anchor 0.000 0.042s/rec
ep1 step 2310/3144 loss 0.336 kl 0.000 anchor 0.000 0.042s/rec
ep1 step 2320/3144 loss 0.286 kl 0.000 anchor 0.000 0.042s/rec
ep1 step 2330/3144 loss 0.384 kl 0.000 anchor 0.000 0.042s/rec
ep1 step 2340/3144 loss 0.308 kl 0.000 anchor 0.000 0.042s/rec
ep1 step 2350/3144 loss 0.423 kl 0.000 anchor 0.000 0.042s/rec
ep1 step 2360/3144 loss 0.442 kl 0.000 anchor 0.000 0.042s/rec
ep1 step 2370/3144 loss 0.455 kl 0.000 anchor 0.000 0.042s/rec
ep1 step 2380/3144 loss 0.432 kl 0.000 anchor 0.000 0.042s/rec
ep1 step 2390/3144 loss 0.226 kl 0.000 anchor 0.000 0.042s/rec
ep1 step 2400/3144 loss 0.236 kl 0.000 anchor 0.000 0.042s/rec
ep1 step 2410/3144 loss 0.330 kl 0.000 anchor 0.000 0.042s/rec
ep1 step 2420/3144 loss 0.444 kl 0.000 anchor 0.000 0.042s/rec
ep1 step 2430/3144 loss 0.421 kl 0.000 anchor 0.000 0.041s/rec
ep1 step 2440/3144 loss 0.304 kl 0.000 anchor 0.000 0.041s/rec
ep1 step 2450/3144 loss 0.342 kl 0.000 anchor 0.000 0.041s/rec
ep1 step 2460/3144 loss 0.307 kl 0.000 anchor 0.000 0.041s/rec
ep1 step 2470/3144 loss 0.424 kl 0.000 anchor 0.000 0.041s/rec
ep1 step 2480/3144 loss 0.297 kl 0.000 anchor 0.000 0.041s/rec
ep1 step 2490/3144 loss 0.490 kl 0.000 anchor 0.000 0.041s/rec
ep1 step 2500/3144 loss 0.440 kl 0.000 anchor 0.000 0.041s/rec
ep1 step 2510/3144 loss 0.437 kl 0.000 anchor 0.000 0.041s/rec
ep1 step 2520/3144 loss 0.300 kl 0.000 anchor 0.000 0.041s/rec
ep1 step 2530/3144 loss 0.344 kl 0.000 anchor 0.000 0.041s/rec
ep1 step 2540/3144 loss 0.255 kl 0.000 anchor 0.000 0.041s/rec
ep1 step 2550/3144 loss 0.391 kl 0.000 anchor 0.000 0.041s/rec
ep1 step 2560/3144 loss 0.351 kl 0.000 anchor 0.000 0.041s/rec
ep1 step 2570/3144 loss 0.435 kl 0.000 anchor 0.000 0.041s/rec
ep1 step 2580/3144 loss 0.225 kl 0.000 anchor 0.000 0.041s/rec
ep1 step 2590/3144 loss 0.497 kl 0.000 anchor 0.000 0.041s/rec
ep1 step 2600/3144 loss 0.273 kl 0.000 anchor 0.000 0.041s/rec
ep1 step 2610/3144 loss 0.688 kl 0.000 anchor 0.000 0.041s/rec
ep1 step 2620/3144 loss 0.203 kl 0.000 anchor 0.000 0.041s/rec
ep1 step 2630/3144 loss 0.493 kl 0.000 anchor 0.000 0.041s/rec
ep1 step 2640/3144 loss 0.472 kl 0.000 anchor 0.000 0.041s/rec
ep1 step 2650/3144 loss 0.477 kl 0.000 anchor 0.000 0.041s/rec
ep1 step 2660/3144 loss 0.281 kl 0.000 anchor 0.000 0.041s/rec
ep1 step 2670/3144 loss 0.409 kl 0.000 anchor 0.000 0.041s/rec
ep1 step 2680/3144 loss 0.498 kl 0.000 anchor 0.000 0.041s/rec
ep1 step 2690/3144 loss 0.341 kl 0.000 anchor 0.000 0.040s/rec
ep1 step 2700/3144 loss 0.399 kl 0.000 anchor 0.000 0.040s/rec
ep1 step 2710/3144 loss 0.279 kl 0.000 anchor 0.000 0.040s/rec
ep1 step 2720/3144 loss 0.324 kl 0.000 anchor 0.000 0.040s/rec
ep1 step 2730/3144 loss 0.220 kl 0.000 anchor 0.000 0.040s/rec
ep1 step 2740/3144 loss 0.427 kl 0.000 anchor 0.000 0.040s/rec
ep1 step 2750/3144 loss 0.173 kl 0.000 anchor 0.000 0.040s/rec
ep1 step 2760/3144 loss 0.498 kl 0.000 anchor 0.000 0.040s/rec
ep1 step 2770/3144 loss 0.262 kl 0.000 anchor 0.000 0.040s/rec
ep1 step 2780/3144 loss 0.220 kl 0.000 anchor 0.000 0.040s/rec
ep1 step 2790/3144 loss 0.169 kl 0.000 anchor 0.000 0.040s/rec
ep1 step 2800/3144 loss 0.300 kl 0.000 anchor 0.000 0.040s/rec
ep1 step 2810/3144 loss 0.259 kl 0.000 anchor 0.000 0.040s/rec
ep1 step 2820/3144 loss 0.334 kl 0.000 anchor 0.000 0.040s/rec
ep1 step 2830/3144 loss 0.379 kl 0.000 anchor 0.000 0.040s/rec
ep1 step 2840/3144 loss 0.328 kl 0.000 anchor 0.000 0.040s/rec
ep1 step 2850/3144 loss 0.320 kl 0.000 anchor 0.000 0.040s/rec
ep1 step 2860/3144 loss 0.357 kl 0.000 anchor 0.000 0.040s/rec
ep1 step 2870/3144 loss 0.481 kl 0.000 anchor 0.000 0.040s/rec
ep1 step 2880/3144 loss 0.496 kl 0.000 anchor 0.000 0.040s/rec
ep1 step 2890/3144 loss 0.596 kl 0.000 anchor 0.000 0.040s/rec
ep1 step 2900/3144 loss 0.521 kl 0.000 anchor 0.000 0.040s/rec
ep1 step 2910/3144 loss 0.150 kl 0.000 anchor 0.000 0.040s/rec
ep1 step 2920/3144 loss 0.139 kl 0.000 anchor 0.000 0.040s/rec
ep1 step 2930/3144 loss 0.261 kl 0.000 anchor 0.000 0.040s/rec
ep1 step 2940/3144 loss 0.564 kl 0.000 anchor 0.000 0.040s/rec
ep1 step 2950/3144 loss 0.383 kl 0.000 anchor 0.000 0.040s/rec
ep1 step 2960/3144 loss 0.354 kl 0.000 anchor 0.000 0.040s/rec
ep1 step 2970/3144 loss 0.373 kl 0.000 anchor 0.000 0.040s/rec
ep1 step 2980/3144 loss 0.119 kl 0.000 anchor 0.000 0.040s/rec
ep1 step 2990/3144 loss 0.469 kl 0.000 anchor 0.000 0.040s/rec
ep1 step 3000/3144 loss 0.416 kl 0.000 anchor 0.000 0.040s/rec
ep1 step 3010/3144 loss 0.341 kl 0.000 anchor 0.000 0.040s/rec
ep1 step 3020/3144 loss 0.405 kl 0.000 anchor 0.000 0.040s/rec
ep1 step 3030/3144 loss 0.549 kl 0.000 anchor 0.000 0.040s/rec
ep1 step 3040/3144 loss 0.288 kl 0.000 anchor 0.000 0.040s/rec
ep1 step 3050/3144 loss 0.255 kl 0.000 anchor 0.000 0.039s/rec
ep1 step 3060/3144 loss 0.327 kl 0.000 anchor 0.000 0.039s/rec
ep1 step 3070/3144 loss 0.322 kl 0.000 anchor 0.000 0.039s/rec
ep1 step 3080/3144 loss 0.485 kl 0.000 anchor 0.000 0.040s/rec
ep1 step 3090/3144 loss 0.222 kl 0.000 anchor 0.000 0.039s/rec
ep1 step 3100/3144 loss 0.311 kl 0.000 anchor 0.000 0.039s/rec
ep1 step 3110/3144 loss 0.452 kl 0.000 anchor 0.000 0.039s/rec
ep1 step 3120/3144 loss 0.485 kl 0.000 anchor 0.000 0.039s/rec
ep1 step 3130/3144 loss 0.277 kl 0.000 anchor 0.000 0.039s/rec
ep1 step 3140/3144 loss 0.230 kl 0.000 anchor 0.000 0.039s/rec
Warning: You are sending unauthenticated requests to the HF Hub. Please set a HF_TOKEN to enable higher rate limits and faster downloads.
saved /runs/q35-08b/02-trial-2/checkpoint
