Warning: You are sending unauthenticated requests to the HF Hub. Please set a HF_TOKEN to enable higher rate limits and faster downloads.
device=cuda trainable params=33.8M
ablation: training on ['agnews', 'amazon', 'banking77', 'boolq', 'compositional', 'dbpedia14', 'imdb', 'mnli', 'sst5', 'trec', 'yelp'] -> 11680 records
11680 training requests (holdout=[]), questions by type {'score': 3000, 'noul': 5000, 'choice': 6680}
[transformers] `causal_conv1d_fn` is falling back to its reference PyTorch implementation because `causal_conv1d` is not installed. This is correct but much slower; install `causal_conv1d` for the optimized kernel.
ep0 step 10/2920 loss 1.874 kl 0.000 anchor 0.000 1.693s/rec
ep0 step 20/2920 loss 1.523 kl 0.000 anchor 0.000 0.940s/rec
ep0 step 30/2920 loss 1.737 kl 0.000 anchor 0.000 0.748s/rec
ep0 step 40/2920 loss 1.793 kl 0.000 anchor 0.000 0.613s/rec
ep0 step 50/2920 loss 1.664 kl 0.000 anchor 0.000 0.527s/rec
ep0 step 60/2920 loss 1.499 kl 0.000 anchor 0.000 0.463s/rec
ep0 step 70/2920 loss 1.610 kl 0.000 anchor 0.000 0.417s/rec
ep0 step 80/2920 loss 1.184 kl 0.000 anchor 0.000 0.379s/rec
ep0 step 90/2920 loss 1.026 kl 0.000 anchor 0.000 0.352s/rec
ep0 step 100/2920 loss 1.061 kl 0.000 anchor 0.000 0.329s/rec
ep0 step 110/2920 loss 1.016 kl 0.000 anchor 0.000 0.312s/rec
ep0 step 120/2920 loss 1.115 kl 0.000 anchor 0.000 0.313s/rec
ep0 step 130/2920 loss 1.029 kl 0.000 anchor 0.000 0.297s/rec
ep0 step 140/2920 loss 0.821 kl 0.000 anchor 0.000 0.285s/rec
ep0 step 150/2920 loss 0.754 kl 0.000 anchor 0.000 0.273s/rec
ep0 step 160/2920 loss 0.977 kl 0.000 anchor 0.000 0.264s/rec
ep0 step 170/2920 loss 0.843 kl 0.000 anchor 0.000 0.256s/rec
ep0 step 180/2920 loss 0.750 kl 0.000 anchor 0.000 0.250s/rec
ep0 step 190/2920 loss 0.815 kl 0.000 anchor 0.000 0.243s/rec
ep0 step 200/2920 loss 0.681 kl 0.000 anchor 0.000 0.237s/rec
ep0 step 210/2920 loss 0.753 kl 0.000 anchor 0.000 0.232s/rec
ep0 step 220/2920 loss 0.798 kl 0.000 anchor 0.000 0.228s/rec
ep0 step 230/2920 loss 0.779 kl 0.000 anchor 0.000 0.224s/rec
ep0 step 240/2920 loss 0.553 kl 0.000 anchor 0.000 0.220s/rec
ep0 step 250/2920 loss 0.843 kl 0.000 anchor 0.000 0.216s/rec
ep0 step 260/2920 loss 0.991 kl 0.000 anchor 0.000 0.213s/rec
ep0 step 270/2920 loss 0.414 kl 0.000 anchor 0.000 0.211s/rec
ep0 step 280/2920 loss 0.617 kl 0.000 anchor 0.000 0.208s/rec
ep0 step 290/2920 loss 0.497 kl 0.000 anchor 0.000 0.205s/rec
ep0 step 300/2920 loss 0.787 kl 0.000 anchor 0.000 0.203s/rec
ep0 step 310/2920 loss 0.660 kl 0.000 anchor 0.000 0.201s/rec
ep0 step 320/2920 loss 0.420 kl 0.000 anchor 0.000 0.199s/rec
ep0 step 330/2920 loss 1.048 kl 0.000 anchor 0.000 0.197s/rec
ep0 step 340/2920 loss 0.490 kl 0.000 anchor 0.000 0.195s/rec
ep0 step 350/2920 loss 0.379 kl 0.000 anchor 0.000 0.193s/rec
ep0 step 360/2920 loss 0.848 kl 0.000 anchor 0.000 0.191s/rec
ep0 step 370/2920 loss 0.561 kl 0.000 anchor 0.000 0.190s/rec
ep0 step 380/2920 loss 0.563 kl 0.000 anchor 0.000 0.189s/rec
ep0 step 390/2920 loss 0.531 kl 0.000 anchor 0.000 0.187s/rec
ep0 step 400/2920 loss 0.786 kl 0.000 anchor 0.000 0.186s/rec
ep0 step 410/2920 loss 0.637 kl 0.000 anchor 0.000 0.185s/rec
ep0 step 420/2920 loss 0.564 kl 0.000 anchor 0.000 0.184s/rec
ep0 step 430/2920 loss 0.703 kl 0.000 anchor 0.000 0.183s/rec
ep0 step 440/2920 loss 0.785 kl 0.000 anchor 0.000 0.186s/rec
ep0 step 450/2920 loss 0.604 kl 0.000 anchor 0.000 0.184s/rec
ep0 step 460/2920 loss 0.588 kl 0.000 anchor 0.000 0.183s/rec
ep0 step 470/2920 loss 0.443 kl 0.000 anchor 0.000 0.182s/rec
ep0 step 480/2920 loss 0.407 kl 0.000 anchor 0.000 0.181s/rec
ep0 step 490/2920 loss 0.607 kl 0.000 anchor 0.000 0.180s/rec
ep0 step 500/2920 loss 0.457 kl 0.000 anchor 0.000 0.179s/rec
ep0 step 510/2920 loss 0.579 kl 0.000 anchor 0.000 0.178s/rec
ep0 step 520/2920 loss 0.543 kl 0.000 anchor 0.000 0.177s/rec
ep0 step 530/2920 loss 0.722 kl 0.000 anchor 0.000 0.176s/rec
ep0 step 540/2920 loss 0.710 kl 0.000 anchor 0.000 0.175s/rec
ep0 step 550/2920 loss 0.584 kl 0.000 anchor 0.000 0.174s/rec
ep0 step 560/2920 loss 0.482 kl 0.000 anchor 0.000 0.173s/rec
ep0 step 570/2920 loss 0.657 kl 0.000 anchor 0.000 0.173s/rec
ep0 step 580/2920 loss 0.674 kl 0.000 anchor 0.000 0.172s/rec
ep0 step 590/2920 loss 0.918 kl 0.000 anchor 0.000 0.171s/rec
ep0 step 600/2920 loss 0.533 kl 0.000 anchor 0.000 0.170s/rec
ep0 step 610/2920 loss 0.535 kl 0.000 anchor 0.000 0.169s/rec
ep0 step 620/2920 loss 0.658 kl 0.000 anchor 0.000 0.169s/rec
ep0 step 630/2920 loss 0.305 kl 0.000 anchor 0.000 0.168s/rec
ep0 step 640/2920 loss 0.767 kl 0.000 anchor 0.000 0.168s/rec
ep0 step 650/2920 loss 0.481 kl 0.000 anchor 0.000 0.167s/rec
ep0 step 660/2920 loss 0.607 kl 0.000 anchor 0.000 0.167s/rec
ep0 step 670/2920 loss 0.663 kl 0.000 anchor 0.000 0.166s/rec
ep0 step 680/2920 loss 0.404 kl 0.000 anchor 0.000 0.165s/rec
ep0 step 690/2920 loss 0.412 kl 0.000 anchor 0.000 0.165s/rec
ep0 step 700/2920 loss 0.475 kl 0.000 anchor 0.000 0.164s/rec
ep0 step 710/2920 loss 0.630 kl 0.000 anchor 0.000 0.164s/rec
ep0 step 720/2920 loss 0.424 kl 0.000 anchor 0.000 0.163s/rec
ep0 step 730/2920 loss 0.660 kl 0.000 anchor 0.000 0.163s/rec
ep0 step 740/2920 loss 0.567 kl 0.000 anchor 0.000 0.163s/rec
ep0 step 750/2920 loss 0.468 kl 0.000 anchor 0.000 0.162s/rec
ep0 step 760/2920 loss 0.590 kl 0.000 anchor 0.000 0.162s/rec
ep0 step 770/2920 loss 0.438 kl 0.000 anchor 0.000 0.162s/rec
ep0 step 780/2920 loss 0.395 kl 0.000 anchor 0.000 0.161s/rec
ep0 step 790/2920 loss 0.522 kl 0.000 anchor 0.000 0.161s/rec
ep0 step 800/2920 loss 0.321 kl 0.000 anchor 0.000 0.160s/rec
ep0 step 810/2920 loss 0.392 kl 0.000 anchor 0.000 0.160s/rec
ep0 step 820/2920 loss 0.272 kl 0.000 anchor 0.000 0.160s/rec
ep0 step 830/2920 loss 0.580 kl 0.000 anchor 0.000 0.159s/rec
ep0 step 840/2920 loss 0.385 kl 0.000 anchor 0.000 0.159s/rec
ep0 step 850/2920 loss 0.805 kl 0.000 anchor 0.000 0.159s/rec
ep0 step 860/2920 loss 0.478 kl 0.000 anchor 0.000 0.158s/rec
ep0 step 870/2920 loss 0.496 kl 0.000 anchor 0.000 0.158s/rec
ep0 step 880/2920 loss 0.578 kl 0.000 anchor 0.000 0.158s/rec
ep0 step 890/2920 loss 0.441 kl 0.000 anchor 0.000 0.158s/rec
ep0 step 900/2920 loss 0.373 kl 0.000 anchor 0.000 0.157s/rec
ep0 step 910/2920 loss 0.781 kl 0.000 anchor 0.000 0.157s/rec
ep0 step 920/2920 loss 0.507 kl 0.000 anchor 0.000 0.157s/rec
ep0 step 930/2920 loss 0.653 kl 0.000 anchor 0.000 0.156s/rec
ep0 step 940/2920 loss 0.509 kl 0.000 anchor 0.000 0.156s/rec
ep0 step 950/2920 loss 0.503 kl 0.000 anchor 0.000 0.156s/rec
ep0 step 960/2920 loss 0.452 kl 0.000 anchor 0.000 0.156s/rec
ep0 step 970/2920 loss 0.342 kl 0.000 anchor 0.000 0.155s/rec
ep0 step 980/2920 loss 0.531 kl 0.000 anchor 0.000 0.155s/rec
ep0 step 990/2920 loss 0.750 kl 0.000 anchor 0.000 0.155s/rec
ep0 step 1000/2920 loss 0.488 kl 0.000 anchor 0.000 0.155s/rec
ep0 step 1010/2920 loss 0.361 kl 0.000 anchor 0.000 0.155s/rec
ep0 step 1020/2920 loss 0.727 kl 0.000 anchor 0.000 0.155s/rec
ep0 step 1030/2920 loss 0.506 kl 0.000 anchor 0.000 0.154s/rec
ep0 step 1040/2920 loss 0.549 kl 0.000 anchor 0.000 0.154s/rec
ep0 step 1050/2920 loss 0.552 kl 0.000 anchor 0.000 0.154s/rec
ep0 step 1060/2920 loss 0.321 kl 0.000 anchor 0.000 0.154s/rec
ep0 step 1070/2920 loss 0.338 kl 0.000 anchor 0.000 0.153s/rec
ep0 step 1080/2920 loss 1.041 kl 0.000 anchor 0.000 0.153s/rec
ep0 step 1090/2920 loss 0.350 kl 0.000 anchor 0.000 0.153s/rec
ep0 step 1100/2920 loss 0.617 kl 0.000 anchor 0.000 0.153s/rec
ep0 step 1110/2920 loss 0.559 kl 0.000 anchor 0.000 0.153s/rec
ep0 step 1120/2920 loss 0.594 kl 0.000 anchor 0.000 0.152s/rec
ep0 step 1130/2920 loss 0.571 kl 0.000 anchor 0.000 0.152s/rec
ep0 step 1140/2920 loss 0.611 kl 0.000 anchor 0.000 0.152s/rec
ep0 step 1150/2920 loss 0.417 kl 0.000 anchor 0.000 0.152s/rec
ep0 step 1160/2920 loss 0.444 kl 0.000 anchor 0.000 0.152s/rec
ep0 step 1170/2920 loss 0.427 kl 0.000 anchor 0.000 0.152s/rec
ep0 step 1180/2920 loss 0.412 kl 0.000 anchor 0.000 0.151s/rec
ep0 step 1190/2920 loss 0.453 kl 0.000 anchor 0.000 0.151s/rec
ep0 step 1200/2920 loss 0.645 kl 0.000 anchor 0.000 0.151s/rec
ep0 step 1210/2920 loss 0.413 kl 0.000 anchor 0.000 0.151s/rec
ep0 step 1220/2920 loss 0.336 kl 0.000 anchor 0.000 0.151s/rec
ep0 step 1230/2920 loss 0.451 kl 0.000 anchor 0.000 0.150s/rec
ep0 step 1240/2920 loss 0.423 kl 0.000 anchor 0.000 0.150s/rec
ep0 step 1250/2920 loss 0.410 kl 0.000 anchor 0.000 0.150s/rec
ep0 step 1260/2920 loss 0.698 kl 0.000 anchor 0.000 0.150s/rec
ep0 step 1270/2920 loss 0.446 kl 0.000 anchor 0.000 0.150s/rec
ep0 step 1280/2920 loss 0.461 kl 0.000 anchor 0.000 0.149s/rec
ep0 step 1290/2920 loss 0.503 kl 0.000 anchor 0.000 0.149s/rec
ep0 step 1300/2920 loss 0.474 kl 0.000 anchor 0.000 0.149s/rec
ep0 step 1310/2920 loss 0.476 kl 0.000 anchor 0.000 0.149s/rec
ep0 step 1320/2920 loss 0.321 kl 0.000 anchor 0.000 0.149s/rec
ep0 step 1330/2920 loss 0.618 kl 0.000 anchor 0.000 0.149s/rec
ep0 step 1340/2920 loss 0.579 kl 0.000 anchor 0.000 0.149s/rec
ep0 step 1350/2920 loss 0.494 kl 0.000 anchor 0.000 0.148s/rec
ep0 step 1360/2920 loss 0.610 kl 0.000 anchor 0.000 0.148s/rec
ep0 step 1370/2920 loss 0.651 kl 0.000 anchor 0.000 0.148s/rec
ep0 step 1380/2920 loss 0.425 kl 0.000 anchor 0.000 0.148s/rec
ep0 step 1390/2920 loss 0.342 kl 0.000 anchor 0.000 0.148s/rec
ep0 step 1400/2920 loss 0.647 kl 0.000 anchor 0.000 0.148s/rec
ep0 step 1410/2920 loss 0.607 kl 0.000 anchor 0.000 0.148s/rec
ep0 step 1420/2920 loss 0.183 kl 0.000 anchor 0.000 0.147s/rec
ep0 step 1430/2920 loss 0.404 kl 0.000 anchor 0.000 0.147s/rec
ep0 step 1440/2920 loss 0.502 kl 0.000 anchor 0.000 0.147s/rec
ep0 step 1450/2920 loss 0.549 kl 0.000 anchor 0.000 0.147s/rec
ep0 step 1460/2920 loss 0.445 kl 0.000 anchor 0.000 0.147s/rec
ep1 step 1470/2920 loss 0.239 kl 0.000 anchor 0.000 0.147s/rec
ep1 step 1480/2920 loss 0.164 kl 0.000 anchor 0.000 0.147s/rec
ep1 step 1490/2920 loss 0.533 kl 0.000 anchor 0.000 0.147s/rec
ep1 step 1500/2920 loss 0.387 kl 0.000 anchor 0.000 0.147s/rec
ep1 step 1510/2920 loss 0.346 kl 0.000 anchor 0.000 0.147s/rec
ep1 step 1520/2920 loss 0.363 kl 0.000 anchor 0.000 0.146s/rec
ep1 step 1530/2920 loss 0.250 kl 0.000 anchor 0.000 0.146s/rec
ep1 step 1540/2920 loss 0.455 kl 0.000 anchor 0.000 0.146s/rec
ep1 step 1550/2920 loss 0.340 kl 0.000 anchor 0.000 0.146s/rec
ep1 step 1560/2920 loss 0.210 kl 0.000 anchor 0.000 0.146s/rec
ep1 step 1570/2920 loss 0.496 kl 0.000 anchor 0.000 0.146s/rec
ep1 step 1580/2920 loss 0.220 kl 0.000 anchor 0.000 0.146s/rec
ep1 step 1590/2920 loss 0.304 kl 0.000 anchor 0.000 0.146s/rec
ep1 step 1600/2920 loss 0.151 kl 0.000 anchor 0.000 0.146s/rec
ep1 step 1610/2920 loss 0.437 kl 0.000 anchor 0.000 0.145s/rec
ep1 step 1620/2920 loss 0.341 kl 0.000 anchor 0.000 0.145s/rec
ep1 step 1630/2920 loss 0.387 kl 0.000 anchor 0.000 0.145s/rec
ep1 step 1640/2920 loss 0.290 kl 0.000 anchor 0.000 0.145s/rec
ep1 step 1650/2920 loss 0.486 kl 0.000 anchor 0.000 0.145s/rec
ep1 step 1660/2920 loss 0.236 kl 0.000 anchor 0.000 0.145s/rec
ep1 step 1670/2920 loss 0.124 kl 0.000 anchor 0.000 0.145s/rec
ep1 step 1680/2920 loss 0.464 kl 0.000 anchor 0.000 0.145s/rec
ep1 step 1690/2920 loss 0.405 kl 0.000 anchor 0.000 0.145s/rec
ep1 step 1700/2920 loss 0.193 kl 0.000 anchor 0.000 0.145s/rec
ep1 step 1710/2920 loss 0.214 kl 0.000 anchor 0.000 0.145s/rec
ep1 step 1720/2920 loss 0.204 kl 0.000 anchor 0.000 0.145s/rec
ep1 step 1730/2920 loss 0.471 kl 0.000 anchor 0.000 0.144s/rec
ep1 step 1740/2920 loss 0.325 kl 0.000 anchor 0.000 0.144s/rec
ep1 step 1750/2920 loss 0.249 kl 0.000 anchor 0.000 0.144s/rec
ep1 step 1760/2920 loss 0.314 kl 0.000 anchor 0.000 0.144s/rec
ep1 step 1770/2920 loss 0.298 kl 0.000 anchor 0.000 0.144s/rec
ep1 step 1780/2920 loss 0.223 kl 0.000 anchor 0.000 0.144s/rec
ep1 step 1790/2920 loss 0.281 kl 0.000 anchor 0.000 0.144s/rec
ep1 step 1800/2920 loss 0.554 kl 0.000 anchor 0.000 0.144s/rec
ep1 step 1810/2920 loss 0.426 kl 0.000 anchor 0.000 0.144s/rec
ep1 step 1820/2920 loss 0.333 kl 0.000 anchor 0.000 0.144s/rec
ep1 step 1830/2920 loss 0.337 kl 0.000 anchor 0.000 0.144s/rec
ep1 step 1840/2920 loss 0.360 kl 0.000 anchor 0.000 0.144s/rec
ep1 step 1850/2920 loss 0.184 kl 0.000 anchor 0.000 0.144s/rec
ep1 step 1860/2920 loss 0.477 kl 0.000 anchor 0.000 0.144s/rec
ep1 step 1870/2920 loss 0.490 kl 0.000 anchor 0.000 0.144s/rec
ep1 step 1880/2920 loss 0.247 kl 0.000 anchor 0.000 0.144s/rec
ep1 step 1890/2920 loss 0.262 kl 0.000 anchor 0.000 0.144s/rec
ep1 step 1900/2920 loss 0.484 kl 0.000 anchor 0.000 0.143s/rec
ep1 step 1910/2920 loss 0.286 kl 0.000 anchor 0.000 0.143s/rec
ep1 step 1920/2920 loss 0.187 kl 0.000 anchor 0.000 0.143s/rec
ep1 step 1930/2920 loss 0.384 kl 0.000 anchor 0.000 0.143s/rec
ep1 step 1940/2920 loss 0.159 kl 0.000 anchor 0.000 0.143s/rec
ep1 step 1950/2920 loss 0.372 kl 0.000 anchor 0.000 0.143s/rec
ep1 step 1960/2920 loss 0.649 kl 0.000 anchor 0.000 0.143s/rec
ep1 step 1970/2920 loss 0.196 kl 0.000 anchor 0.000 0.143s/rec
ep1 step 1980/2920 loss 0.143 kl 0.000 anchor 0.000 0.143s/rec
ep1 step 1990/2920 loss 0.415 kl 0.000 anchor 0.000 0.143s/rec
ep1 step 2000/2920 loss 0.308 kl 0.000 anchor 0.000 0.143s/rec
ep1 step 2010/2920 loss 0.306 kl 0.000 anchor 0.000 0.143s/rec
ep1 step 2020/2920 loss 0.210 kl 0.000 anchor 0.000 0.143s/rec
ep1 step 2030/2920 loss 0.278 kl 0.000 anchor 0.000 0.143s/rec
ep1 step 2040/2920 loss 0.275 kl 0.000 anchor 0.000 0.143s/rec
ep1 step 2050/2920 loss 0.178 kl 0.000 anchor 0.000 0.142s/rec
ep1 step 2060/2920 loss 0.329 kl 0.000 anchor 0.000 0.142s/rec
ep1 step 2070/2920 loss 0.202 kl 0.000 anchor 0.000 0.142s/rec
ep1 step 2080/2920 loss 0.495 kl 0.000 anchor 0.000 0.142s/rec
ep1 step 2090/2920 loss 0.174 kl 0.000 anchor 0.000 0.142s/rec
ep1 step 2100/2920 loss 0.341 kl 0.000 anchor 0.000 0.142s/rec
ep1 step 2110/2920 loss 0.249 kl 0.000 anchor 0.000 0.142s/rec
ep1 step 2120/2920 loss 0.524 kl 0.000 anchor 0.000 0.142s/rec
ep1 step 2130/2920 loss 0.492 kl 0.000 anchor 0.000 0.142s/rec
ep1 step 2140/2920 loss 0.255 kl 0.000 anchor 0.000 0.142s/rec
ep1 step 2150/2920 loss 0.335 kl 0.000 anchor 0.000 0.142s/rec
ep1 step 2160/2920 loss 0.781 kl 0.000 anchor 0.000 0.142s/rec
ep1 step 2170/2920 loss 0.388 kl 0.000 anchor 0.000 0.142s/rec
ep1 step 2180/2920 loss 0.217 kl 0.000 anchor 0.000 0.142s/rec
ep1 step 2190/2920 loss 0.258 kl 0.000 anchor 0.000 0.142s/rec
ep1 step 2200/2920 loss 0.194 kl 0.000 anchor 0.000 0.142s/rec
ep1 step 2210/2920 loss 0.201 kl 0.000 anchor 0.000 0.142s/rec
ep1 step 2220/2920 loss 0.258 kl 0.000 anchor 0.000 0.142s/rec
ep1 step 2230/2920 loss 0.395 kl 0.000 anchor 0.000 0.142s/rec
ep1 step 2240/2920 loss 0.334 kl 0.000 anchor 0.000 0.142s/rec
ep1 step 2250/2920 loss 0.502 kl 0.000 anchor 0.000 0.142s/rec
ep1 step 2260/2920 loss 1.007 kl 0.000 anchor 0.000 0.142s/rec
ep1 step 2270/2920 loss 0.266 kl 0.000 anchor 0.000 0.142s/rec
ep1 step 2280/2920 loss 0.324 kl 0.000 anchor 0.000 0.142s/rec
ep1 step 2290/2920 loss 0.441 kl 0.000 anchor 0.000 0.142s/rec
ep1 step 2300/2920 loss 0.199 kl 0.000 anchor 0.000 0.142s/rec
ep1 step 2310/2920 loss 0.449 kl 0.000 anchor 0.000 0.142s/rec
ep1 step 2320/2920 loss 0.267 kl 0.000 anchor 0.000 0.142s/rec
ep1 step 2330/2920 loss 0.302 kl 0.000 anchor 0.000 0.142s/rec
ep1 step 2340/2920 loss 0.326 kl 0.000 anchor 0.000 0.142s/rec
ep1 step 2350/2920 loss 0.417 kl 0.000 anchor 0.000 0.142s/rec
ep1 step 2360/2920 loss 0.321 kl 0.000 anchor 0.000 0.142s/rec
ep1 step 2370/2920 loss 0.243 kl 0.000 anchor 0.000 0.142s/rec
ep1 step 2380/2920 loss 0.253 kl 0.000 anchor 0.000 0.141s/rec
ep1 step 2390/2920 loss 0.291 kl 0.000 anchor 0.000 0.141s/rec
ep1 step 2400/2920 loss 0.324 kl 0.000 anchor 0.000 0.141s/rec
ep1 step 2410/2920 loss 0.246 kl 0.000 anchor 0.000 0.141s/rec
ep1 step 2420/2920 loss 0.445 kl 0.000 anchor 0.000 0.141s/rec
ep1 step 2430/2920 loss 0.179 kl 0.000 anchor 0.000 0.141s/rec
ep1 step 2440/2920 loss 0.221 kl 0.000 anchor 0.000 0.141s/rec
ep1 step 2450/2920 loss 0.317 kl 0.000 anchor 0.000 0.141s/rec
ep1 step 2460/2920 loss 0.222 kl 0.000 anchor 0.000 0.141s/rec
ep1 step 2470/2920 loss 0.332 kl 0.000 anchor 0.000 0.141s/rec
ep1 step 2480/2920 loss 0.226 kl 0.000 anchor 0.000 0.141s/rec
ep1 step 2490/2920 loss 0.208 kl 0.000 anchor 0.000 0.141s/rec
ep1 step 2500/2920 loss 0.153 kl 0.000 anchor 0.000 0.141s/rec
ep1 step 2510/2920 loss 0.306 kl 0.000 anchor 0.000 0.141s/rec
ep1 step 2520/2920 loss 0.171 kl 0.000 anchor 0.000 0.141s/rec
ep1 step 2530/2920 loss 0.448 kl 0.000 anchor 0.000 0.141s/rec
ep1 step 2540/2920 loss 0.231 kl 0.000 anchor 0.000 0.141s/rec
ep1 step 2550/2920 loss 0.382 kl 0.000 anchor 0.000 0.141s/rec
ep1 step 2560/2920 loss 0.476 kl 0.000 anchor 0.000 0.141s/rec
ep1 step 2570/2920 loss 0.233 kl 0.000 anchor 0.000 0.141s/rec
ep1 step 2580/2920 loss 0.279 kl 0.000 anchor 0.000 0.141s/rec
ep1 step 2590/2920 loss 0.302 kl 0.000 anchor 0.000 0.141s/rec
ep1 step 2600/2920 loss 0.186 kl 0.000 anchor 0.000 0.141s/rec
ep1 step 2610/2920 loss 0.277 kl 0.000 anchor 0.000 0.141s/rec
ep1 step 2620/2920 loss 0.310 kl 0.000 anchor 0.000 0.141s/rec
ep1 step 2630/2920 loss 0.211 kl 0.000 anchor 0.000 0.141s/rec
ep1 step 2640/2920 loss 0.558 kl 0.000 anchor 0.000 0.141s/rec
ep1 step 2650/2920 loss 0.262 kl 0.000 anchor 0.000 0.141s/rec
ep1 step 2660/2920 loss 0.195 kl 0.000 anchor 0.000 0.140s/rec
ep1 step 2670/2920 loss 0.092 kl 0.000 anchor 0.000 0.140s/rec
ep1 step 2680/2920 loss 0.188 kl 0.000 anchor 0.000 0.140s/rec
ep1 step 2690/2920 loss 0.394 kl 0.000 anchor 0.000 0.140s/rec
ep1 step 2700/2920 loss 0.419 kl 0.000 anchor 0.000 0.140s/rec
ep1 step 2710/2920 loss 0.289 kl 0.000 anchor 0.000 0.140s/rec
ep1 step 2720/2920 loss 0.279 kl 0.000 anchor 0.000 0.140s/rec
ep1 step 2730/2920 loss 0.159 kl 0.000 anchor 0.000 0.140s/rec
ep1 step 2740/2920 loss 0.311 kl 0.000 anchor 0.000 0.140s/rec
ep1 step 2750/2920 loss 0.192 kl 0.000 anchor 0.000 0.140s/rec
ep1 step 2760/2920 loss 0.416 kl 0.000 anchor 0.000 0.140s/rec
ep1 step 2770/2920 loss 0.426 kl 0.000 anchor 0.000 0.140s/rec
ep1 step 2780/2920 loss 0.346 kl 0.000 anchor 0.000 0.140s/rec
ep1 step 2790/2920 loss 0.206 kl 0.000 anchor 0.000 0.140s/rec
ep1 step 2800/2920 loss 0.171 kl 0.000 anchor 0.000 0.140s/rec
ep1 step 2810/2920 loss 0.391 kl 0.000 anchor 0.000 0.140s/rec
ep1 step 2820/2920 loss 0.297 kl 0.000 anchor 0.000 0.140s/rec
ep1 step 2830/2920 loss 0.176 kl 0.000 anchor 0.000 0.140s/rec
ep1 step 2840/2920 loss 0.214 kl 0.000 anchor 0.000 0.140s/rec
ep1 step 2850/2920 loss 0.286 kl 0.000 anchor 0.000 0.140s/rec
ep1 step 2860/2920 loss 0.211 kl 0.000 anchor 0.000 0.140s/rec
ep1 step 2870/2920 loss 0.179 kl 0.000 anchor 0.000 0.140s/rec
ep1 step 2880/2920 loss 0.405 kl 0.000 anchor 0.000 0.140s/rec
ep1 step 2890/2920 loss 0.105 kl 0.000 anchor 0.000 0.140s/rec
ep1 step 2900/2920 loss 0.247 kl 0.000 anchor 0.000 0.140s/rec
ep1 step 2910/2920 loss 0.133 kl 0.000 anchor 0.000 0.140s/rec
ep1 step 2920/2920 loss 0.438 kl 0.000 anchor 0.000 0.140s/rec
saved /runs/q35-4b-nopolicy/01-trial-1/checkpoint
