delta: warm start from /__modal/volumes/vo-kEMu8BkBAIrorAQI6V8f2D/hub/models--jaredpalmer--kev-4b/snapshots/485ace8703592fcf405488b262449990824cfed1: 496 adapter tensors and the pointer head loaded
device=cuda trainable params=33.8M
3425 training requests (holdout=[]), questions by type {'noul': 1255, 'score': 1442, 'choice': 1208}
[transformers] `causal_conv1d_fn` is falling back to its reference PyTorch implementation because `causal_conv1d` is not installed. This is correct but much slower; install `causal_conv1d` for the optimized kernel.
ep0 step 10/429 loss 0.188 kl 0.000 anchor 0.000 1.565s/rec
ep0 step 20/429 loss 0.415 kl 0.000 anchor 0.000 0.886s/rec
ep0 step 30/429 loss 0.258 kl 0.000 anchor 0.000 0.690s/rec
ep0 step 40/429 loss 0.158 kl 0.000 anchor 0.000 0.543s/rec
ep0 step 50/429 loss 0.291 kl 0.000 anchor 0.000 0.455s/rec
ep0 step 60/429 loss 0.281 kl 0.000 anchor 0.000 0.395s/rec
ep0 step 70/429 loss 0.239 kl 0.000 anchor 0.000 0.350s/rec
ep0 step 80/429 loss 0.904 kl 0.000 anchor 0.000 0.315s/rec
ep0 step 90/429 loss 0.455 kl 0.000 anchor 0.000 0.289s/rec
ep0 step 100/429 loss 0.290 kl 0.000 anchor 0.000 0.270s/rec
ep0 step 110/429 loss 0.265 kl 0.000 anchor 0.000 0.254s/rec
ep0 step 120/429 loss 0.285 kl 0.000 anchor 0.000 0.239s/rec
ep0 step 130/429 loss 0.236 kl 0.000 anchor 0.000 0.228s/rec
ep0 step 140/429 loss 0.331 kl 0.000 anchor 0.000 0.218s/rec
ep0 step 150/429 loss 0.316 kl 0.000 anchor 0.000 0.210s/rec
ep0 step 160/429 loss 0.262 kl 0.000 anchor 0.000 0.203s/rec
ep0 step 170/429 loss 0.200 kl 0.000 anchor 0.000 0.196s/rec
ep0 step 180/429 loss 0.127 kl 0.000 anchor 0.000 0.189s/rec
ep0 step 190/429 loss 0.213 kl 0.000 anchor 0.000 0.184s/rec
ep0 step 200/429 loss 0.221 kl 0.000 anchor 0.000 0.178s/rec
ep0 step 210/429 loss 0.351 kl 0.000 anchor 0.000 0.174s/rec
ep0 step 220/429 loss 0.230 kl 0.000 anchor 0.000 0.170s/rec
ep0 step 230/429 loss 0.055 kl 0.000 anchor 0.000 0.167s/rec
ep0 step 240/429 loss 0.529 kl 0.000 anchor 0.000 0.164s/rec
ep0 step 250/429 loss 0.234 kl 0.000 anchor 0.000 0.161s/rec
ep0 step 260/429 loss 0.267 kl 0.000 anchor 0.000 0.158s/rec
ep0 step 270/429 loss 0.222 kl 0.000 anchor 0.000 0.155s/rec
ep0 step 280/429 loss 0.173 kl 0.000 anchor 0.000 0.153s/rec
ep0 step 290/429 loss 0.140 kl 0.000 anchor 0.000 0.151s/rec
ep0 step 300/429 loss 0.271 kl 0.000 anchor 0.000 0.148s/rec
ep0 step 310/429 loss 0.239 kl 0.000 anchor 0.000 0.146s/rec
ep0 step 320/429 loss 0.295 kl 0.000 anchor 0.000 0.144s/rec
ep0 step 330/429 loss 0.195 kl 0.000 anchor 0.000 0.143s/rec
ep0 step 340/429 loss 0.727 kl 0.000 anchor 0.000 0.141s/rec
ep0 step 350/429 loss 0.217 kl 0.000 anchor 0.000 0.140s/rec
ep0 step 360/429 loss 0.299 kl 0.000 anchor 0.000 0.138s/rec
ep0 step 370/429 loss 0.378 kl 0.000 anchor 0.000 0.137s/rec
ep0 step 380/429 loss 0.306 kl 0.000 anchor 0.000 0.141s/rec
ep0 step 390/429 loss 0.239 kl 0.000 anchor 0.000 0.140s/rec
ep0 step 400/429 loss 0.210 kl 0.000 anchor 0.000 0.139s/rec
ep0 step 410/429 loss 0.236 kl 0.000 anchor 0.000 0.138s/rec
ep0 step 420/429 loss 0.157 kl 0.000 anchor 0.000 0.137s/rec
saved /runs/calibration-screen-4b-s11-r2/03-trial-3/checkpoint
