Warning: You are sending unauthenticated requests to the HF Hub. Please set a HF_TOKEN to enable higher rate limits and faster downloads.
delta: warm start from /__modal/volumes/vo-kEMu8BkBAIrorAQI6V8f2D/hub/models--jaredpalmer--kev-4b/snapshots/485ace8703592fcf405488b262449990824cfed1: 496 adapter tensors and the pointer head loaded
device=cuda trainable params=33.8M
replay: 2000 of 12576 suite training records mixed with 1738 from evals/round4/ambiguity-v1/soft.jsonl
3738 training requests (holdout=[]), questions by type {'choice': 1653, 'noul': 1826, 'score': 1569}
[transformers] `causal_conv1d_fn` is falling back to its reference PyTorch implementation because `causal_conv1d` is not installed. This is correct but much slower; install `causal_conv1d` for the optimized kernel.
ep0 step 10/468 loss 0.876 kl 0.000 anchor 0.000 1.544s/rec
ep0 step 20/468 loss 0.891 kl 0.000 anchor 0.000 0.956s/rec
ep0 step 30/468 loss 0.561 kl 0.000 anchor 0.000 0.661s/rec
ep0 step 40/468 loss 0.473 kl 0.000 anchor 0.000 0.515s/rec
ep0 step 50/468 loss 0.523 kl 0.000 anchor 0.000 0.433s/rec
ep0 step 60/468 loss 0.426 kl 0.000 anchor 0.000 0.382s/rec
ep0 step 70/468 loss 0.519 kl 0.000 anchor 0.000 0.343s/rec
ep0 step 80/468 loss 0.629 kl 0.000 anchor 0.000 0.312s/rec
ep0 step 90/468 loss 0.426 kl 0.000 anchor 0.000 0.287s/rec
ep0 step 100/468 loss 0.464 kl 0.000 anchor 0.000 0.268s/rec
ep0 step 110/468 loss 0.529 kl 0.000 anchor 0.000 0.253s/rec
ep0 step 120/468 loss 0.467 kl 0.000 anchor 0.000 0.239s/rec
ep0 step 130/468 loss 0.389 kl 0.000 anchor 0.000 0.227s/rec
ep0 step 140/468 loss 0.575 kl 0.000 anchor 0.000 0.218s/rec
ep0 step 150/468 loss 0.502 kl 0.000 anchor 0.000 0.211s/rec
ep0 step 160/468 loss 0.530 kl 0.000 anchor 0.000 0.204s/rec
ep0 step 170/468 loss 0.470 kl 0.000 anchor 0.000 0.197s/rec
ep0 step 180/468 loss 0.523 kl 0.000 anchor 0.000 0.192s/rec
ep0 step 190/468 loss 0.525 kl 0.000 anchor 0.000 0.187s/rec
ep0 step 200/468 loss 0.463 kl 0.000 anchor 0.000 0.181s/rec
ep0 step 210/468 loss 0.597 kl 0.000 anchor 0.000 0.177s/rec
ep0 step 220/468 loss 0.552 kl 0.000 anchor 0.000 0.174s/rec
ep0 step 230/468 loss 0.483 kl 0.000 anchor 0.000 0.171s/rec
ep0 step 240/468 loss 0.498 kl 0.000 anchor 0.000 0.167s/rec
ep0 step 250/468 loss 0.538 kl 0.000 anchor 0.000 0.164s/rec
ep0 step 260/468 loss 0.586 kl 0.000 anchor 0.000 0.161s/rec
ep0 step 270/468 loss 0.426 kl 0.000 anchor 0.000 0.159s/rec
ep0 step 280/468 loss 0.507 kl 0.000 anchor 0.000 0.157s/rec
ep0 step 290/468 loss 0.487 kl 0.000 anchor 0.000 0.154s/rec
ep0 step 300/468 loss 0.569 kl 0.000 anchor 0.000 0.152s/rec
ep0 step 310/468 loss 0.455 kl 0.000 anchor 0.000 0.150s/rec
ep0 step 320/468 loss 0.474 kl 0.000 anchor 0.000 0.149s/rec
ep0 step 330/468 loss 0.660 kl 0.000 anchor 0.000 0.147s/rec
ep0 step 340/468 loss 0.610 kl 0.000 anchor 0.000 0.146s/rec
ep0 step 350/468 loss 0.602 kl 0.000 anchor 0.000 0.145s/rec
ep0 step 360/468 loss 0.531 kl 0.000 anchor 0.000 0.143s/rec
ep0 step 370/468 loss 0.425 kl 0.000 anchor 0.000 0.142s/rec
ep0 step 380/468 loss 0.577 kl 0.000 anchor 0.000 0.141s/rec
ep0 step 390/468 loss 0.466 kl 0.000 anchor 0.000 0.140s/rec
ep0 step 400/468 loss 0.501 kl 0.000 anchor 0.000 0.138s/rec
ep0 step 410/468 loss 0.667 kl 0.000 anchor 0.000 0.137s/rec
ep0 step 420/468 loss 0.561 kl 0.000 anchor 0.000 0.136s/rec
ep0 step 430/468 loss 0.459 kl 0.000 anchor 0.000 0.135s/rec
ep0 step 440/468 loss 0.548 kl 0.000 anchor 0.000 0.134s/rec
ep0 step 450/468 loss 0.430 kl 0.000 anchor 0.000 0.137s/rec
ep0 step 460/468 loss 0.411 kl 0.000 anchor 0.000 0.137s/rec
saved /runs/r4-soft/01-trial-1/checkpoint
