Warning: You are sending unauthenticated requests to the HF Hub. Please set a HF_TOKEN to enable higher rate limits and faster downloads.
delta: warm start from /__modal/volumes/vo-kEMu8BkBAIrorAQI6V8f2D/hub/models--jaredpalmer--kev-4b/snapshots/485ace8703592fcf405488b262449990824cfed1: 496 adapter tensors and the pointer head loaded
device=cuda trainable params=33.8M
replay: 2000 of 12576 suite training records mixed with 1738 from evals/round4/ambiguity-v1/soft.jsonl
3738 training requests (holdout=[]), questions by type {'choice': 1653, 'noul': 1826, 'score': 1569}
[transformers] `causal_conv1d_fn` is falling back to its reference PyTorch implementation because `causal_conv1d` is not installed. This is correct but much slower; install `causal_conv1d` for the optimized kernel.
ep0 step 10/468 loss 1.033 kl 0.000 anchor 0.000 1.731s/rec
ep0 step 20/468 loss 1.035 kl 0.000 anchor 0.000 1.053s/rec
ep0 step 30/468 loss 0.730 kl 0.000 anchor 0.000 0.727s/rec
ep0 step 40/468 loss 0.588 kl 0.000 anchor 0.000 0.565s/rec
ep0 step 50/468 loss 0.541 kl 0.000 anchor 0.000 0.479s/rec
ep0 step 60/468 loss 0.460 kl 0.000 anchor 0.000 0.419s/rec
ep0 step 70/468 loss 0.663 kl 0.000 anchor 0.000 0.402s/rec
ep0 step 80/468 loss 0.763 kl 0.000 anchor 0.000 0.364s/rec
ep0 step 90/468 loss 0.487 kl 0.000 anchor 0.000 0.335s/rec
ep0 step 100/468 loss 0.530 kl 0.000 anchor 0.000 0.313s/rec
ep0 step 110/468 loss 0.550 kl 0.000 anchor 0.000 0.295s/rec
ep0 step 120/468 loss 0.514 kl 0.000 anchor 0.000 0.280s/rec
ep0 step 130/468 loss 0.417 kl 0.000 anchor 0.000 0.266s/rec
ep0 step 140/468 loss 0.632 kl 0.000 anchor 0.000 0.255s/rec
ep0 step 150/468 loss 0.527 kl 0.000 anchor 0.000 0.246s/rec
ep0 step 160/468 loss 0.538 kl 0.000 anchor 0.000 0.239s/rec
ep0 step 170/468 loss 0.486 kl 0.000 anchor 0.000 0.231s/rec
ep0 step 180/468 loss 0.539 kl 0.000 anchor 0.000 0.226s/rec
ep0 step 190/468 loss 0.588 kl 0.000 anchor 0.000 0.219s/rec
ep0 step 200/468 loss 0.469 kl 0.000 anchor 0.000 0.213s/rec
ep0 step 210/468 loss 0.742 kl 0.000 anchor 0.000 0.208s/rec
ep0 step 220/468 loss 0.606 kl 0.000 anchor 0.000 0.204s/rec
ep0 step 230/468 loss 0.497 kl 0.000 anchor 0.000 0.200s/rec
ep0 step 240/468 loss 0.635 kl 0.000 anchor 0.000 0.196s/rec
ep0 step 250/468 loss 0.587 kl 0.000 anchor 0.000 0.193s/rec
ep0 step 260/468 loss 0.619 kl 0.000 anchor 0.000 0.190s/rec
ep0 step 270/468 loss 0.466 kl 0.000 anchor 0.000 0.188s/rec
ep0 step 280/468 loss 0.575 kl 0.000 anchor 0.000 0.185s/rec
ep0 step 290/468 loss 0.485 kl 0.000 anchor 0.000 0.182s/rec
ep0 step 300/468 loss 0.562 kl 0.000 anchor 0.000 0.180s/rec
ep0 step 310/468 loss 0.479 kl 0.000 anchor 0.000 0.178s/rec
ep0 step 320/468 loss 0.502 kl 0.000 anchor 0.000 0.176s/rec
ep0 step 330/468 loss 0.726 kl 0.000 anchor 0.000 0.174s/rec
ep0 step 340/468 loss 0.614 kl 0.000 anchor 0.000 0.173s/rec
ep0 step 350/468 loss 0.710 kl 0.000 anchor 0.000 0.171s/rec
ep0 step 360/468 loss 0.555 kl 0.000 anchor 0.000 0.170s/rec
