Warning: You are sending unauthenticated requests to the HF Hub. Please set a HF_TOKEN to enable higher rate limits and faster downloads.
device=cuda world=1 trainable params=752.9M
12576 training requests (holdout=[]), questions by type {'score': 3448, 'noul': 5224, 'choice': 6904}
[transformers] `causal_conv1d_fn` is falling back to its reference PyTorch implementation because `causal_conv1d` is not installed. This is correct but much slower; install `causal_conv1d` for the optimized kernel.
ep0 step 10/300 loss 2.679 kl 0.000 anchor 0.000 0.142s/rec
ep0 step 20/300 loss 1.714 kl 0.000 anchor 0.000 0.106s/rec
ep0 step 30/300 loss 1.668 kl 0.000 anchor 0.000 0.093s/rec
ep0 step 40/300 loss 1.303 kl 0.000 anchor 0.000 0.092s/rec
ep0 step 50/300 loss 1.393 kl 0.000 anchor 0.000 0.086s/rec
ep0 step 60/300 loss 1.539 kl 0.000 anchor 0.000 0.084s/rec
ep0 step 70/300 loss 1.014 kl 0.000 anchor 0.000 0.079s/rec
ep0 step 80/300 loss 1.272 kl 0.000 anchor 0.000 0.076s/rec
ep0 step 90/300 loss 1.380 kl 0.000 anchor 0.000 0.073s/rec
ep0 step 100/300 loss 1.048 kl 0.000 anchor 0.000 0.072s/rec
ep0 step 110/300 loss 0.948 kl 0.000 anchor 0.000 0.071s/rec
ep0 step 120/300 loss 1.133 kl 0.000 anchor 0.000 0.070s/rec
ep0 step 130/300 loss 1.086 kl 0.000 anchor 0.000 0.068s/rec
ep0 step 140/300 loss 0.969 kl 0.000 anchor 0.000 0.068s/rec
ep0 step 150/300 loss 0.885 kl 0.000 anchor 0.000 0.070s/rec
ep0 step 160/300 loss 0.868 kl 0.000 anchor 0.000 0.069s/rec
ep0 step 170/300 loss 0.946 kl 0.000 anchor 0.000 0.068s/rec
ep0 step 180/300 loss 0.935 kl 0.000 anchor 0.000 0.069s/rec
ep0 step 190/300 loss 0.794 kl 0.000 anchor 0.000 0.069s/rec
ep0 step 200/300 loss 0.813 kl 0.000 anchor 0.000 0.068s/rec
ep0 step 210/300 loss 0.970 kl 0.000 anchor 0.000 0.067s/rec
ep0 step 220/300 loss 0.529 kl 0.000 anchor 0.000 0.066s/rec
ep0 step 230/300 loss 0.719 kl 0.000 anchor 0.000 0.066s/rec
ep0 step 240/300 loss 0.917 kl 0.000 anchor 0.000 0.065s/rec
ep0 step 250/300 loss 0.621 kl 0.000 anchor 0.000 0.066s/rec
ep0 step 260/300 loss 0.730 kl 0.000 anchor 0.000 0.066s/rec
ep0 step 270/300 loss 0.783 kl 0.000 anchor 0.000 0.065s/rec
ep0 step 280/300 loss 0.832 kl 0.000 anchor 0.000 0.065s/rec
ep0 step 290/300 loss 0.795 kl 0.000 anchor 0.000 0.065s/rec
ep0 step 300/300 loss 0.699 kl 0.000 anchor 0.000 0.064s/rec
saved /runs/sft-smoke-08b-full/00-trial-0/checkpoint
