Warning: You are sending unauthenticated requests to the HF Hub. Please set a HF_TOKEN to enable higher rate limits and faster downloads.
delta: warm start from /__modal/volumes/vo-kEMu8BkBAIrorAQI6V8f2D/hub/models--jaredpalmer--kev-4b/snapshots/f780095d6511e6304868ff46ca2b74ee3eba29d8: 496 adapter tensors and the pointer head loaded
device=cuda trainable params=33.8M
replay: 2000 of 12576 suite training records mixed with 2225 from evals/night2/all.jsonl
4225 training requests (holdout=[]), questions by type {'noul': 2288, 'score': 1431, 'choice': 1214}
[transformers] `causal_conv1d_fn` is falling back to its reference PyTorch implementation because `causal_conv1d` is not installed. This is correct but much slower; install `causal_conv1d` for the optimized kernel.
ep0 step 10/529 loss 0.189 kl 0.000 anchor 0.000 1.636s/rec
ep0 step 20/529 loss 0.444 kl 0.000 anchor 0.000 0.984s/rec
ep0 step 30/529 loss 0.340 kl 0.000 anchor 0.000 0.718s/rec
ep0 step 40/529 loss 0.257 kl 0.000 anchor 0.000 0.580s/rec
ep0 step 50/529 loss 0.286 kl 0.000 anchor 0.000 0.544s/rec
ep0 step 60/529 loss 0.120 kl 0.000 anchor 0.000 0.471s/rec
ep0 step 70/529 loss 0.254 kl 0.000 anchor 0.000 0.424s/rec
ep0 step 80/529 loss 0.262 kl 0.000 anchor 0.000 0.391s/rec
ep0 step 90/529 loss 0.272 kl 0.000 anchor 0.000 0.361s/rec
ep0 step 100/529 loss 0.191 kl 0.000 anchor 0.000 0.340s/rec
ep0 step 110/529 loss 0.659 kl 0.000 anchor 0.000 0.320s/rec
ep0 step 120/529 loss 0.231 kl 0.000 anchor 0.000 0.307s/rec
ep0 step 130/529 loss 0.186 kl 0.000 anchor 0.000 0.292s/rec
ep0 step 140/529 loss 0.289 kl 0.000 anchor 0.000 0.282s/rec
ep0 step 150/529 loss 0.221 kl 0.000 anchor 0.000 0.272s/rec
ep0 step 160/529 loss 0.243 kl 0.000 anchor 0.000 0.264s/rec
ep0 step 170/529 loss 0.187 kl 0.000 anchor 0.000 0.257s/rec
ep0 step 180/529 loss 0.198 kl 0.000 anchor 0.000 0.250s/rec
ep0 step 190/529 loss 0.165 kl 0.000 anchor 0.000 0.244s/rec
ep0 step 200/529 loss 0.611 kl 0.000 anchor 0.000 0.239s/rec
ep0 step 210/529 loss 0.488 kl 0.000 anchor 0.000 0.233s/rec
ep0 step 220/529 loss 0.318 kl 0.000 anchor 0.000 0.228s/rec
ep0 step 230/529 loss 0.119 kl 0.000 anchor 0.000 0.223s/rec
ep0 step 240/529 loss 0.191 kl 0.000 anchor 0.000 0.219s/rec
ep0 step 250/529 loss 0.173 kl 0.000 anchor 0.000 0.216s/rec
ep0 step 260/529 loss 0.328 kl 0.000 anchor 0.000 0.212s/rec
ep0 step 270/529 loss 0.223 kl 0.000 anchor 0.000 0.210s/rec
ep0 step 280/529 loss 0.206 kl 0.000 anchor 0.000 0.207s/rec
ep0 step 290/529 loss 0.225 kl 0.000 anchor 0.000 0.204s/rec
ep0 step 300/529 loss 0.216 kl 0.000 anchor 0.000 0.202s/rec
ep0 step 310/529 loss 0.324 kl 0.000 anchor 0.000 0.200s/rec
ep0 step 320/529 loss 0.259 kl 0.000 anchor 0.000 0.198s/rec
ep0 step 330/529 loss 0.318 kl 0.000 anchor 0.000 0.195s/rec
ep0 step 340/529 loss 0.298 kl 0.000 anchor 0.000 0.193s/rec
ep0 step 350/529 loss 0.363 kl 0.000 anchor 0.000 0.192s/rec
ep0 step 360/529 loss 0.191 kl 0.000 anchor 0.000 0.190s/rec
ep0 step 370/529 loss 0.124 kl 0.000 anchor 0.000 0.189s/rec
ep0 step 380/529 loss 0.272 kl 0.000 anchor 0.000 0.188s/rec
ep0 step 390/529 loss 0.182 kl 0.000 anchor 0.000 0.186s/rec
ep0 step 400/529 loss 0.156 kl 0.000 anchor 0.000 0.185s/rec
ep0 step 410/529 loss 0.124 kl 0.000 anchor 0.000 0.185s/rec
ep0 step 420/529 loss 0.249 kl 0.000 anchor 0.000 0.189s/rec
ep0 step 430/529 loss 0.255 kl 0.000 anchor 0.000 0.188s/rec
ep0 step 440/529 loss 0.237 kl 0.000 anchor 0.000 0.187s/rec
ep0 step 450/529 loss 0.187 kl 0.000 anchor 0.000 0.185s/rec
ep0 step 460/529 loss 0.253 kl 0.000 anchor 0.000 0.185s/rec
ep0 step 470/529 loss 0.406 kl 0.000 anchor 0.000 0.183s/rec
ep0 step 480/529 loss 0.283 kl 0.000 anchor 0.000 0.182s/rec
ep0 step 490/529 loss 0.398 kl 0.000 anchor 0.000 0.181s/rec
ep0 step 500/529 loss 0.241 kl 0.000 anchor 0.000 0.180s/rec
ep0 step 510/529 loss 0.193 kl 0.000 anchor 0.000 0.179s/rec
ep0 step 520/529 loss 0.396 kl 0.000 anchor 0.000 0.179s/rec
saved /runs/night2-4b/03-trial-3/checkpoint
