Warning: You are sending unauthenticated requests to the HF Hub. Please set a HF_TOKEN to enable higher rate limits and faster downloads.
delta: warm start from /__modal/volumes/vo-kEMu8BkBAIrorAQI6V8f2D/hub/models--jaredpalmer--kev-9b/snapshots/6281032426a9ca3a08374d137bf9dfd8afd78e8a: 496 adapter tensors and the pointer head loaded
device=cuda trainable params=45.4M
replay: 2000 of 12576 suite training records mixed with 525 from evals/night2/unknowable.jsonl
2525 training requests (holdout=[]), questions by type {'noul': 968, 'choice': 1214, 'score': 831}
[transformers] `causal_conv1d_fn` is falling back to its reference PyTorch implementation because `causal_conv1d` is not installed. This is correct but much slower; install `causal_conv1d` for the optimized kernel.
ep0 step 10/316 loss 0.384 kl 0.000 anchor 0.000 1.587s/rec
ep0 step 20/316 loss 0.255 kl 0.000 anchor 0.000 0.954s/rec
ep0 step 30/316 loss 0.333 kl 0.000 anchor 0.000 0.699s/rec
ep0 step 40/316 loss 0.298 kl 0.000 anchor 0.000 0.582s/rec
ep0 step 50/316 loss 0.381 kl 0.000 anchor 0.000 0.505s/rec
ep0 step 60/316 loss 0.205 kl 0.000 anchor 0.000 0.451s/rec
ep0 step 70/316 loss 0.339 kl 0.000 anchor 0.000 0.415s/rec
ep0 step 80/316 loss 0.275 kl 0.000 anchor 0.000 0.385s/rec
ep0 step 90/316 loss 0.557 kl 0.000 anchor 0.000 0.364s/rec
ep0 step 100/316 loss 0.270 kl 0.000 anchor 0.000 0.366s/rec
ep0 step 110/316 loss 0.105 kl 0.000 anchor 0.000 0.350s/rec
ep0 step 120/316 loss 0.416 kl 0.000 anchor 0.000 0.337s/rec
ep0 step 130/316 loss 0.212 kl 0.000 anchor 0.000 0.323s/rec
ep0 step 140/316 loss 0.287 kl 0.000 anchor 0.000 0.314s/rec
ep0 step 150/316 loss 0.150 kl 0.000 anchor 0.000 0.306s/rec
ep0 step 160/316 loss 0.281 kl 0.000 anchor 0.000 0.300s/rec
ep0 step 170/316 loss 0.225 kl 0.000 anchor 0.000 0.292s/rec
ep0 step 180/316 loss 0.330 kl 0.000 anchor 0.000 0.288s/rec
ep0 step 190/316 loss 0.264 kl 0.000 anchor 0.000 0.282s/rec
ep0 step 200/316 loss 0.238 kl 0.000 anchor 0.000 0.278s/rec
ep0 step 210/316 loss 0.258 kl 0.000 anchor 0.000 0.272s/rec
ep0 step 220/316 loss 0.131 kl 0.000 anchor 0.000 0.268s/rec
ep0 step 230/316 loss 0.285 kl 0.000 anchor 0.000 0.265s/rec
ep0 step 240/316 loss 0.306 kl 0.000 anchor 0.000 0.262s/rec
ep0 step 250/316 loss 0.233 kl 0.000 anchor 0.000 0.258s/rec
ep0 step 260/316 loss 0.344 kl 0.000 anchor 0.000 0.256s/rec
ep0 step 270/316 loss 0.541 kl 0.000 anchor 0.000 0.254s/rec
ep0 step 280/316 loss 0.251 kl 0.000 anchor 0.000 0.251s/rec
ep0 step 290/316 loss 0.341 kl 0.000 anchor 0.000 0.249s/rec
ep0 step 300/316 loss 0.247 kl 0.000 anchor 0.000 0.247s/rec
ep0 step 310/316 loss 0.567 kl 0.000 anchor 0.000 0.245s/rec
saved /runs/night2-9b/01-trial-1/checkpoint
