Warning: You are sending unauthenticated requests to the HF Hub. Please set a HF_TOKEN to enable higher rate limits and faster downloads.
delta: warm start from /__modal/volumes/vo-kEMu8BkBAIrorAQI6V8f2D/hub/models--jaredpalmer--kev-4b/snapshots/f780095d6511e6304868ff46ca2b74ee3eba29d8: 496 adapter tensors and the pointer head loaded
device=cuda trainable params=33.8M
replay: 2000 of 12576 suite training records mixed with 525 from evals/night2/unknowable.jsonl
2525 training requests (holdout=[]), questions by type {'noul': 968, 'choice': 1214, 'score': 831}
[transformers] `causal_conv1d_fn` is falling back to its reference PyTorch implementation because `causal_conv1d` is not installed. This is correct but much slower; install `causal_conv1d` for the optimized kernel.
ep0 step 10/316 loss 0.391 kl 0.000 anchor 0.000 1.870s/rec
ep0 step 20/316 loss 0.349 kl 0.000 anchor 0.000 1.085s/rec
ep0 step 30/316 loss 0.345 kl 0.000 anchor 0.000 0.830s/rec
ep0 step 40/316 loss 0.348 kl 0.000 anchor 0.000 0.658s/rec
ep0 step 50/316 loss 0.467 kl 0.000 anchor 0.000 0.554s/rec
ep0 step 60/316 loss 0.225 kl 0.000 anchor 0.000 0.481s/rec
ep0 step 70/316 loss 0.333 kl 0.000 anchor 0.000 0.429s/rec
ep0 step 80/316 loss 0.288 kl 0.000 anchor 0.000 0.389s/rec
ep0 step 90/316 loss 0.628 kl 0.000 anchor 0.000 0.360s/rec
ep0 step 100/316 loss 0.181 kl 0.000 anchor 0.000 0.360s/rec
ep0 step 110/316 loss 0.145 kl 0.000 anchor 0.000 0.338s/rec
ep0 step 120/316 loss 0.373 kl 0.000 anchor 0.000 0.321s/rec
ep0 step 130/316 loss 0.305 kl 0.000 anchor 0.000 0.303s/rec
ep0 step 140/316 loss 0.273 kl 0.000 anchor 0.000 0.291s/rec
ep0 step 150/316 loss 0.296 kl 0.000 anchor 0.000 0.279s/rec
ep0 step 160/316 loss 0.283 kl 0.000 anchor 0.000 0.269s/rec
ep0 step 170/316 loss 0.298 kl 0.000 anchor 0.000 0.259s/rec
ep0 step 180/316 loss 0.447 kl 0.000 anchor 0.000 0.253s/rec
ep0 step 190/316 loss 0.274 kl 0.000 anchor 0.000 0.247s/rec
ep0 step 200/316 loss 0.175 kl 0.000 anchor 0.000 0.240s/rec
ep0 step 210/316 loss 0.230 kl 0.000 anchor 0.000 0.233s/rec
ep0 step 220/316 loss 0.158 kl 0.000 anchor 0.000 0.228s/rec
ep0 step 230/316 loss 0.251 kl 0.000 anchor 0.000 0.223s/rec
ep0 step 240/316 loss 0.359 kl 0.000 anchor 0.000 0.218s/rec
ep0 step 250/316 loss 0.193 kl 0.000 anchor 0.000 0.213s/rec
ep0 step 260/316 loss 0.349 kl 0.000 anchor 0.000 0.210s/rec
ep0 step 270/316 loss 0.358 kl 0.000 anchor 0.000 0.206s/rec
ep0 step 280/316 loss 0.293 kl 0.000 anchor 0.000 0.203s/rec
ep0 step 290/316 loss 0.337 kl 0.000 anchor 0.000 0.200s/rec
ep0 step 300/316 loss 0.294 kl 0.000 anchor 0.000 0.196s/rec
ep0 step 310/316 loss 0.414 kl 0.000 anchor 0.000 0.192s/rec
saved /runs/night2-4b/01-trial-1/checkpoint
