Warning: You are sending unauthenticated requests to the HF Hub. Please set a HF_TOKEN to enable higher rate limits and faster downloads.
delta: warm start from /__modal/volumes/vo-kEMu8BkBAIrorAQI6V8f2D/hub/models--jaredpalmer--kev-0.8b/snapshots/54f4f8777356cd5bbbb6c6919c657f26e6f2f6d8: 372 adapter tensors and the pointer head loaded
device=cuda trainable params=11.3M
replay: 2000 of 12576 suite training records mixed with 4538 from evals/round5/combined-v1/soft.jsonl
6538 training requests (holdout=[]), questions by type {'choice': 3222, 'score': 2312, 'noul': 2992}
[transformers] `causal_conv1d_fn` is falling back to its reference PyTorch implementation because `causal_conv1d` is not installed. This is correct but much slower; install `causal_conv1d` for the optimized kernel.
ep0 step 10/818 loss 1.507 kl 0.000 anchor 0.000 4.024s/rec
ep0 step 20/818 loss 1.426 kl 0.000 anchor 0.000 2.620s/rec
ep0 step 30/818 loss 1.258 kl 0.000 anchor 0.000 2.008s/rec
ep0 step 40/818 loss 1.024 kl 0.000 anchor 0.000 1.584s/rec
ep0 step 50/818 loss 0.853 kl 0.000 anchor 0.000 1.343s/rec
ep0 step 60/818 loss 0.819 kl 0.000 anchor 0.000 1.174s/rec
ep0 step 70/818 loss 0.743 kl 0.000 anchor 0.000 1.042s/rec
ep0 step 80/818 loss 0.969 kl 0.000 anchor 0.000 0.995s/rec
ep0 step 90/818 loss 0.667 kl 0.000 anchor 0.000 0.927s/rec
ep0 step 100/818 loss 0.793 kl 0.000 anchor 0.000 0.891s/rec
ep0 step 110/818 loss 0.702 kl 0.000 anchor 0.000 0.839s/rec
ep0 step 120/818 loss 0.882 kl 0.000 anchor 0.000 0.822s/rec
ep0 step 130/818 loss 0.864 kl 0.000 anchor 0.000 0.792s/rec
ep0 step 140/818 loss 0.842 kl 0.000 anchor 0.000 0.764s/rec
ep0 step 150/818 loss 0.902 kl 0.000 anchor 0.000 0.743s/rec
ep0 step 160/818 loss 0.761 kl 0.000 anchor 0.000 0.720s/rec
ep0 step 170/818 loss 0.765 kl 0.000 anchor 0.000 0.701s/rec
ep0 step 180/818 loss 0.947 kl 0.000 anchor 0.000 0.684s/rec
ep0 step 190/818 loss 0.934 kl 0.000 anchor 0.000 0.667s/rec
ep0 step 200/818 loss 0.933 kl 0.000 anchor 0.000 0.654s/rec
ep0 step 210/818 loss 0.918 kl 0.000 anchor 0.000 0.640s/rec
ep0 step 220/818 loss 0.663 kl 0.000 anchor 0.000 0.628s/rec
ep0 step 230/818 loss 0.899 kl 0.000 anchor 0.000 0.617s/rec
ep0 step 240/818 loss 0.878 kl 0.000 anchor 0.000 0.604s/rec
ep0 step 250/818 loss 0.717 kl 0.000 anchor 0.000 0.593s/rec
ep0 step 260/818 loss 0.902 kl 0.000 anchor 0.000 0.583s/rec
ep0 step 270/818 loss 0.752 kl 0.000 anchor 0.000 0.575s/rec
ep0 step 280/818 loss 0.830 kl 0.000 anchor 0.000 0.567s/rec
ep0 step 290/818 loss 0.910 kl 0.000 anchor 0.000 0.559s/rec
ep0 step 300/818 loss 0.757 kl 0.000 anchor 0.000 0.552s/rec
ep0 step 310/818 loss 0.759 kl 0.000 anchor 0.000 0.543s/rec
ep0 step 320/818 loss 0.934 kl 0.000 anchor 0.000 0.538s/rec
ep0 step 330/818 loss 0.639 kl 0.000 anchor 0.000 0.531s/rec
ep0 step 340/818 loss 0.754 kl 0.000 anchor 0.000 0.526s/rec
ep0 step 350/818 loss 0.949 kl 0.000 anchor 0.000 0.521s/rec
ep0 step 360/818 loss 0.803 kl 0.000 anchor 0.000 0.515s/rec
ep0 step 370/818 loss 0.828 kl 0.000 anchor 0.000 0.511s/rec
ep0 step 380/818 loss 0.847 kl 0.000 anchor 0.000 0.508s/rec
ep0 step 390/818 loss 0.848 kl 0.000 anchor 0.000 0.502s/rec
ep0 step 400/818 loss 0.889 kl 0.000 anchor 0.000 0.499s/rec
ep0 step 410/818 loss 0.825 kl 0.000 anchor 0.000 0.496s/rec
ep0 step 420/818 loss 0.778 kl 0.000 anchor 0.000 0.490s/rec
ep0 step 430/818 loss 0.783 kl 0.000 anchor 0.000 0.487s/rec
ep0 step 440/818 loss 0.587 kl 0.000 anchor 0.000 0.484s/rec
ep0 step 450/818 loss 0.816 kl 0.000 anchor 0.000 0.481s/rec
ep0 step 460/818 loss 0.769 kl 0.000 anchor 0.000 0.477s/rec
ep0 step 470/818 loss 0.840 kl 0.000 anchor 0.000 0.474s/rec
ep0 step 480/818 loss 0.877 kl 0.000 anchor 0.000 0.470s/rec
ep0 step 490/818 loss 0.803 kl 0.000 anchor 0.000 0.467s/rec
ep0 step 500/818 loss 0.931 kl 0.000 anchor 0.000 0.465s/rec
ep0 step 510/818 loss 0.824 kl 0.000 anchor 0.000 0.464s/rec
ep0 step 520/818 loss 0.802 kl 0.000 anchor 0.000 0.462s/rec
ep0 step 530/818 loss 0.758 kl 0.000 anchor 0.000 0.465s/rec
ep0 step 540/818 loss 0.685 kl 0.000 anchor 0.000 0.464s/rec
ep0 step 550/818 loss 0.725 kl 0.000 anchor 0.000 0.462s/rec
ep0 step 560/818 loss 0.639 kl 0.000 anchor 0.000 0.461s/rec
ep0 step 570/818 loss 0.762 kl 0.000 anchor 0.000 0.458s/rec
ep0 step 580/818 loss 0.673 kl 0.000 anchor 0.000 0.456s/rec
ep0 step 590/818 loss 0.766 kl 0.000 anchor 0.000 0.454s/rec
ep0 step 600/818 loss 0.878 kl 0.000 anchor 0.000 0.462s/rec
ep0 step 610/818 loss 0.897 kl 0.000 anchor 0.000 0.461s/rec
ep0 step 620/818 loss 0.723 kl 0.000 anchor 0.000 0.459s/rec
ep0 step 630/818 loss 0.838 kl 0.000 anchor 0.000 0.457s/rec
ep0 step 640/818 loss 0.741 kl 0.000 anchor 0.000 0.457s/rec
ep0 step 650/818 loss 0.781 kl 0.000 anchor 0.000 0.456s/rec
ep0 step 660/818 loss 1.140 kl 0.000 anchor 0.000 0.454s/rec
ep0 step 670/818 loss 0.802 kl 0.000 anchor 0.000 0.452s/rec
ep0 step 680/818 loss 0.833 kl 0.000 anchor 0.000 0.451s/rec
ep0 step 690/818 loss 0.817 kl 0.000 anchor 0.000 0.449s/rec
ep0 step 700/818 loss 1.021 kl 0.000 anchor 0.000 0.447s/rec
ep0 step 710/818 loss 0.788 kl 0.000 anchor 0.000 0.447s/rec
ep0 step 720/818 loss 0.584 kl 0.000 anchor 0.000 0.446s/rec
ep0 step 730/818 loss 0.686 kl 0.000 anchor 0.000 0.444s/rec
ep0 step 740/818 loss 0.759 kl 0.000 anchor 0.000 0.442s/rec
ep0 step 750/818 loss 0.857 kl 0.000 anchor 0.000 0.442s/rec
ep0 step 760/818 loss 0.939 kl 0.000 anchor 0.000 0.441s/rec
ep0 step 770/818 loss 0.950 kl 0.000 anchor 0.000 0.440s/rec
ep0 step 780/818 loss 1.029 kl 0.000 anchor 0.000 0.440s/rec
ep0 step 790/818 loss 0.732 kl 0.000 anchor 0.000 0.439s/rec
ep0 step 800/818 loss 0.688 kl 0.000 anchor 0.000 0.438s/rec
ep0 step 810/818 loss 0.658 kl 0.000 anchor 0.000 0.437s/rec
saved /runs/r5-combined/05-trial-5/checkpoint
