Warning: You are sending unauthenticated requests to the HF Hub. Please set a HF_TOKEN to enable higher rate limits and faster downloads.
delta: warm start from /__modal/volumes/vo-kEMu8BkBAIrorAQI6V8f2D/hub/models--jaredpalmer--kev-9b/snapshots/2629c06a5aeb0feb3b9783bafed17ed8f39ecf5c: 496 adapter tensors and the pointer head loaded
device=cuda trainable params=45.4M
replay: 2000 of 12576 suite training records mixed with 4538 from evals/round5/combined-v1/hard.jsonl
6538 training requests (holdout=[]), questions by type {'choice': 3222, 'score': 2312, 'noul': 2992}
[transformers] `causal_conv1d_fn` is falling back to its reference PyTorch implementation because `causal_conv1d` is not installed. This is correct but much slower; install `causal_conv1d` for the optimized kernel.
ep0 step 10/818 loss 1.072 kl 0.000 anchor 0.000 4.471s/rec
ep0 step 20/818 loss 1.352 kl 0.000 anchor 0.000 2.889s/rec
ep0 step 30/818 loss 0.958 kl 0.000 anchor 0.000 2.402s/rec
ep0 step 40/818 loss 0.956 kl 0.000 anchor 0.000 2.063s/rec
ep0 step 50/818 loss 0.623 kl 0.000 anchor 0.000 1.809s/rec
ep0 step 60/818 loss 0.679 kl 0.000 anchor 0.000 1.688s/rec
ep0 step 70/818 loss 0.548 kl 0.000 anchor 0.000 1.556s/rec
ep0 step 80/818 loss 0.699 kl 0.000 anchor 0.000 1.502s/rec
ep0 step 90/818 loss 0.487 kl 0.000 anchor 0.000 1.438s/rec
ep0 step 100/818 loss 0.466 kl 0.000 anchor 0.000 1.366s/rec
ep0 step 110/818 loss 0.565 kl 0.000 anchor 0.000 1.319s/rec
ep0 step 120/818 loss 0.534 kl 0.000 anchor 0.000 1.287s/rec
ep0 step 130/818 loss 0.682 kl 0.000 anchor 0.000 1.269s/rec
ep0 step 140/818 loss 0.640 kl 0.000 anchor 0.000 1.266s/rec
ep0 step 150/818 loss 0.613 kl 0.000 anchor 0.000 1.256s/rec
ep0 step 160/818 loss 0.603 kl 0.000 anchor 0.000 1.233s/rec
ep0 step 170/818 loss 0.570 kl 0.000 anchor 0.000 1.209s/rec
ep0 step 180/818 loss 0.596 kl 0.000 anchor 0.000 1.191s/rec
ep0 step 190/818 loss 0.762 kl 0.000 anchor 0.000 1.175s/rec
ep0 step 200/818 loss 0.706 kl 0.000 anchor 0.000 1.196s/rec
ep0 step 210/818 loss 0.637 kl 0.000 anchor 0.000 1.180s/rec
ep0 step 220/818 loss 0.449 kl 0.000 anchor 0.000 1.167s/rec
ep0 step 230/818 loss 0.683 kl 0.000 anchor 0.000 1.169s/rec
ep0 step 240/818 loss 0.682 kl 0.000 anchor 0.000 1.155s/rec
ep0 step 250/818 loss 0.552 kl 0.000 anchor 0.000 1.141s/rec
ep0 step 260/818 loss 0.623 kl 0.000 anchor 0.000 1.131s/rec
ep0 step 270/818 loss 0.522 kl 0.000 anchor 0.000 1.123s/rec
ep0 step 280/818 loss 0.541 kl 0.000 anchor 0.000 1.116s/rec
ep0 step 290/818 loss 0.565 kl 0.000 anchor 0.000 1.106s/rec
ep0 step 300/818 loss 0.657 kl 0.000 anchor 0.000 1.100s/rec
ep0 step 310/818 loss 0.605 kl 0.000 anchor 0.000 1.088s/rec
ep0 step 320/818 loss 0.650 kl 0.000 anchor 0.000 1.098s/rec
ep0 step 330/818 loss 0.604 kl 0.000 anchor 0.000 1.089s/rec
ep0 step 340/818 loss 0.566 kl 0.000 anchor 0.000 1.084s/rec
ep0 step 350/818 loss 0.523 kl 0.000 anchor 0.000 1.075s/rec
ep0 step 360/818 loss 0.495 kl 0.000 anchor 0.000 1.068s/rec
ep0 step 370/818 loss 0.709 kl 0.000 anchor 0.000 1.064s/rec
ep0 step 380/818 loss 0.523 kl 0.000 anchor 0.000 1.062s/rec
ep0 step 390/818 loss 0.424 kl 0.000 anchor 0.000 1.053s/rec
ep0 step 400/818 loss 0.569 kl 0.000 anchor 0.000 1.050s/rec
ep0 step 410/818 loss 0.540 kl 0.000 anchor 0.000 1.046s/rec
ep0 step 420/818 loss 0.405 kl 0.000 anchor 0.000 1.038s/rec
ep0 step 430/818 loss 0.431 kl 0.000 anchor 0.000 1.040s/rec
ep0 step 440/818 loss 0.440 kl 0.000 anchor 0.000 1.035s/rec
ep0 step 450/818 loss 0.500 kl 0.000 anchor 0.000 1.032s/rec
ep0 step 460/818 loss 0.610 kl 0.000 anchor 0.000 1.025s/rec
ep0 step 470/818 loss 0.734 kl 0.000 anchor 0.000 1.021s/rec
ep0 step 480/818 loss 0.586 kl 0.000 anchor 0.000 1.020s/rec
ep0 step 490/818 loss 0.496 kl 0.000 anchor 0.000 1.015s/rec
ep0 step 500/818 loss 0.555 kl 0.000 anchor 0.000 1.012s/rec
ep0 step 510/818 loss 0.377 kl 0.000 anchor 0.000 1.013s/rec
ep0 step 520/818 loss 0.368 kl 0.000 anchor 0.000 1.010s/rec
ep0 step 530/818 loss 0.461 kl 0.000 anchor 0.000 1.009s/rec
ep0 step 540/818 loss 0.493 kl 0.000 anchor 0.000 1.007s/rec
ep0 step 550/818 loss 0.396 kl 0.000 anchor 0.000 1.003s/rec
ep0 step 560/818 loss 0.450 kl 0.000 anchor 0.000 1.002s/rec
ep0 step 570/818 loss 0.577 kl 0.000 anchor 0.000 0.999s/rec
ep0 step 580/818 loss 0.681 kl 0.000 anchor 0.000 0.997s/rec
ep0 step 590/818 loss 0.423 kl 0.000 anchor 0.000 0.994s/rec
ep0 step 600/818 loss 0.537 kl 0.000 anchor 0.000 0.996s/rec
ep0 step 610/818 loss 0.556 kl 0.000 anchor 0.000 0.996s/rec
ep0 step 620/818 loss 0.729 kl 0.000 anchor 0.000 0.993s/rec
ep0 step 630/818 loss 0.417 kl 0.000 anchor 0.000 0.991s/rec
ep0 step 640/818 loss 0.362 kl 0.000 anchor 0.000 0.991s/rec
ep0 step 650/818 loss 0.652 kl 0.000 anchor 0.000 0.991s/rec
ep0 step 660/818 loss 0.659 kl 0.000 anchor 0.000 0.990s/rec
ep0 step 670/818 loss 0.461 kl 0.000 anchor 0.000 0.987s/rec
ep0 step 680/818 loss 0.605 kl 0.000 anchor 0.000 0.987s/rec
ep0 step 690/818 loss 0.693 kl 0.000 anchor 0.000 0.982s/rec
ep0 step 700/818 loss 0.660 kl 0.000 anchor 0.000 0.980s/rec
ep0 step 710/818 loss 0.599 kl 0.000 anchor 0.000 0.982s/rec
ep0 step 720/818 loss 0.277 kl 0.000 anchor 0.000 0.981s/rec
ep0 step 730/818 loss 0.591 kl 0.000 anchor 0.000 0.979s/rec
ep0 step 740/818 loss 0.425 kl 0.000 anchor 0.000 0.976s/rec
ep0 step 750/818 loss 0.547 kl 0.000 anchor 0.000 0.975s/rec
ep0 step 760/818 loss 0.491 kl 0.000 anchor 0.000 0.975s/rec
ep0 step 770/818 loss 0.691 kl 0.000 anchor 0.000 0.976s/rec
ep0 step 780/818 loss 0.668 kl 0.000 anchor 0.000 0.978s/rec
ep0 step 790/818 loss 0.404 kl 0.000 anchor 0.000 0.976s/rec
ep0 step 800/818 loss 0.534 kl 0.000 anchor 0.000 0.975s/rec
ep0 step 810/818 loss 0.401 kl 0.000 anchor 0.000 0.973s/rec
saved /runs/r5-combined/02-trial-2/checkpoint
