Warning: You are sending unauthenticated requests to the HF Hub. Please set a HF_TOKEN to enable higher rate limits and faster downloads.
delta: warm start from /__modal/volumes/vo-kEMu8BkBAIrorAQI6V8f2D/hub/models--jaredpalmer--kev-9b/snapshots/2629c06a5aeb0feb3b9783bafed17ed8f39ecf5c: 496 adapter tensors and the pointer head loaded
device=cuda trainable params=45.4M
replay: 2000 of 12576 suite training records mixed with 1738 from evals/round4/ambiguity-v1/hard.jsonl
3738 training requests (holdout=[]), questions by type {'choice': 1653, 'noul': 1826, 'score': 1569}
[transformers] `causal_conv1d_fn` is falling back to its reference PyTorch implementation because `causal_conv1d` is not installed. This is correct but much slower; install `causal_conv1d` for the optimized kernel.
ep0 step 10/468 loss 0.624 kl 0.000 anchor 0.000 1.690s/rec
ep0 step 20/468 loss 0.559 kl 0.000 anchor 0.000 1.057s/rec
ep0 step 30/468 loss 0.402 kl 0.000 anchor 0.000 0.754s/rec
ep0 step 40/468 loss 0.288 kl 0.000 anchor 0.000 0.616s/rec
ep0 step 50/468 loss 0.317 kl 0.000 anchor 0.000 0.538s/rec
ep0 step 60/468 loss 0.243 kl 0.000 anchor 0.000 0.484s/rec
ep0 step 70/468 loss 0.354 kl 0.000 anchor 0.000 0.442s/rec
ep0 step 80/468 loss 0.246 kl 0.000 anchor 0.000 0.410s/rec
ep0 step 90/468 loss 0.294 kl 0.000 anchor 0.000 0.385s/rec
ep0 step 100/468 loss 0.271 kl 0.000 anchor 0.000 0.366s/rec
ep0 step 110/468 loss 0.297 kl 0.000 anchor 0.000 0.351s/rec
ep0 step 120/468 loss 0.323 kl 0.000 anchor 0.000 0.338s/rec
ep0 step 130/468 loss 0.241 kl 0.000 anchor 0.000 0.327s/rec
ep0 step 140/468 loss 0.322 kl 0.000 anchor 0.000 0.317s/rec
ep0 step 150/468 loss 0.415 kl 0.000 anchor 0.000 0.310s/rec
ep0 step 160/468 loss 0.338 kl 0.000 anchor 0.000 0.304s/rec
ep0 step 170/468 loss 0.285 kl 0.000 anchor 0.000 0.297s/rec
ep0 step 180/468 loss 0.424 kl 0.000 anchor 0.000 0.293s/rec
ep0 step 190/468 loss 0.369 kl 0.000 anchor 0.000 0.288s/rec
ep0 step 200/468 loss 0.478 kl 0.000 anchor 0.000 0.284s/rec
ep0 step 210/468 loss 0.388 kl 0.000 anchor 0.000 0.279s/rec
ep0 step 220/468 loss 0.328 kl 0.000 anchor 0.000 0.277s/rec
ep0 step 230/468 loss 0.586 kl 0.000 anchor 0.000 0.273s/rec
ep0 step 240/468 loss 0.337 kl 0.000 anchor 0.000 0.269s/rec
ep0 step 250/468 loss 0.288 kl 0.000 anchor 0.000 0.266s/rec
ep0 step 260/468 loss 0.405 kl 0.000 anchor 0.000 0.264s/rec
ep0 step 270/468 loss 0.161 kl 0.000 anchor 0.000 0.262s/rec
ep0 step 280/468 loss 0.331 kl 0.000 anchor 0.000 0.261s/rec
ep0 step 290/468 loss 0.273 kl 0.000 anchor 0.000 0.259s/rec
ep0 step 300/468 loss 0.334 kl 0.000 anchor 0.000 0.257s/rec
ep0 step 310/468 loss 0.354 kl 0.000 anchor 0.000 0.255s/rec
ep0 step 320/468 loss 0.517 kl 0.000 anchor 0.000 0.254s/rec
ep0 step 330/468 loss 0.538 kl 0.000 anchor 0.000 0.252s/rec
ep0 step 340/468 loss 0.382 kl 0.000 anchor 0.000 0.251s/rec
ep0 step 350/468 loss 0.500 kl 0.000 anchor 0.000 0.249s/rec
ep0 step 360/468 loss 0.448 kl 0.000 anchor 0.000 0.248s/rec
ep0 step 370/468 loss 0.267 kl 0.000 anchor 0.000 0.247s/rec
ep0 step 380/468 loss 0.396 kl 0.000 anchor 0.000 0.245s/rec
ep0 step 390/468 loss 0.463 kl 0.000 anchor 0.000 0.245s/rec
ep0 step 400/468 loss 0.260 kl 0.000 anchor 0.000 0.243s/rec
ep0 step 410/468 loss 0.492 kl 0.000 anchor 0.000 0.243s/rec
ep0 step 420/468 loss 0.267 kl 0.000 anchor 0.000 0.242s/rec
ep0 step 430/468 loss 0.343 kl 0.000 anchor 0.000 0.241s/rec
ep0 step 440/468 loss 0.405 kl 0.000 anchor 0.000 0.239s/rec
ep0 step 450/468 loss 0.270 kl 0.000 anchor 0.000 0.239s/rec
ep0 step 460/468 loss 0.312 kl 0.000 anchor 0.000 0.238s/rec
saved /runs/r4-deltas/01-trial-1/checkpoint
