Warning: You are sending unauthenticated requests to the HF Hub. Please set a HF_TOKEN to enable higher rate limits and faster downloads.
delta: warm start from /__modal/volumes/vo-kEMu8BkBAIrorAQI6V8f2D/hub/models--jaredpalmer--kev-9b/snapshots/2629c06a5aeb0feb3b9783bafed17ed8f39ecf5c: 496 adapter tensors and the pointer head loaded
device=cuda trainable params=45.4M
replay: 2000 of 12576 suite training records mixed with 1738 from evals/round4/ambiguity-v1/soft.jsonl
3738 training requests (holdout=[]), questions by type {'choice': 1653, 'noul': 1826, 'score': 1569}
[transformers] `causal_conv1d_fn` is falling back to its reference PyTorch implementation because `causal_conv1d` is not installed. This is correct but much slower; install `causal_conv1d` for the optimized kernel.
ep0 step 10/468 loss 0.897 kl 0.000 anchor 0.000 1.606s/rec
ep0 step 20/468 loss 0.896 kl 0.000 anchor 0.000 1.012s/rec
ep0 step 30/468 loss 0.616 kl 0.000 anchor 0.000 0.734s/rec
ep0 step 40/468 loss 0.441 kl 0.000 anchor 0.000 0.593s/rec
ep0 step 50/468 loss 0.486 kl 0.000 anchor 0.000 0.517s/rec
ep0 step 60/468 loss 0.396 kl 0.000 anchor 0.000 0.462s/rec
ep0 step 70/468 loss 0.480 kl 0.000 anchor 0.000 0.422s/rec
ep0 step 80/468 loss 0.639 kl 0.000 anchor 0.000 0.393s/rec
ep0 step 90/468 loss 0.442 kl 0.000 anchor 0.000 0.370s/rec
ep0 step 100/468 loss 0.499 kl 0.000 anchor 0.000 0.353s/rec
ep0 step 110/468 loss 0.531 kl 0.000 anchor 0.000 0.339s/rec
ep0 step 120/468 loss 0.459 kl 0.000 anchor 0.000 0.327s/rec
ep0 step 130/468 loss 0.418 kl 0.000 anchor 0.000 0.316s/rec
ep0 step 140/468 loss 0.566 kl 0.000 anchor 0.000 0.307s/rec
ep0 step 150/468 loss 0.481 kl 0.000 anchor 0.000 0.301s/rec
ep0 step 160/468 loss 0.495 kl 0.000 anchor 0.000 0.295s/rec
ep0 step 170/468 loss 0.416 kl 0.000 anchor 0.000 0.289s/rec
ep0 step 180/468 loss 0.518 kl 0.000 anchor 0.000 0.284s/rec
ep0 step 190/468 loss 0.513 kl 0.000 anchor 0.000 0.279s/rec
ep0 step 200/468 loss 0.505 kl 0.000 anchor 0.000 0.274s/rec
ep0 step 210/468 loss 0.560 kl 0.000 anchor 0.000 0.270s/rec
ep0 step 220/468 loss 0.549 kl 0.000 anchor 0.000 0.267s/rec
ep0 step 230/468 loss 0.500 kl 0.000 anchor 0.000 0.264s/rec
ep0 step 240/468 loss 0.453 kl 0.000 anchor 0.000 0.260s/rec
ep0 step 250/468 loss 0.535 kl 0.000 anchor 0.000 0.257s/rec
ep0 step 260/468 loss 0.592 kl 0.000 anchor 0.000 0.255s/rec
ep0 step 270/468 loss 0.406 kl 0.000 anchor 0.000 0.253s/rec
ep0 step 280/468 loss 0.563 kl 0.000 anchor 0.000 0.251s/rec
ep0 step 290/468 loss 0.479 kl 0.000 anchor 0.000 0.249s/rec
ep0 step 300/468 loss 0.581 kl 0.000 anchor 0.000 0.247s/rec
ep0 step 310/468 loss 0.464 kl 0.000 anchor 0.000 0.245s/rec
ep0 step 320/468 loss 0.465 kl 0.000 anchor 0.000 0.243s/rec
ep0 step 330/468 loss 0.702 kl 0.000 anchor 0.000 0.242s/rec
ep0 step 340/468 loss 0.661 kl 0.000 anchor 0.000 0.241s/rec
ep0 step 350/468 loss 0.575 kl 0.000 anchor 0.000 0.240s/rec
ep0 step 360/468 loss 0.553 kl 0.000 anchor 0.000 0.238s/rec
ep0 step 370/468 loss 0.421 kl 0.000 anchor 0.000 0.237s/rec
ep0 step 380/468 loss 0.572 kl 0.000 anchor 0.000 0.235s/rec
ep0 step 390/468 loss 0.452 kl 0.000 anchor 0.000 0.234s/rec
ep0 step 400/468 loss 0.446 kl 0.000 anchor 0.000 0.233s/rec
ep0 step 410/468 loss 0.682 kl 0.000 anchor 0.000 0.232s/rec
ep0 step 420/468 loss 0.538 kl 0.000 anchor 0.000 0.231s/rec
ep0 step 430/468 loss 0.447 kl 0.000 anchor 0.000 0.230s/rec
ep0 step 440/468 loss 0.603 kl 0.000 anchor 0.000 0.229s/rec
ep0 step 450/468 loss 0.412 kl 0.000 anchor 0.000 0.228s/rec
ep0 step 460/468 loss 0.423 kl 0.000 anchor 0.000 0.227s/rec
saved /runs/r4-soft/00-trial-0/checkpoint
