delta: warm start from /__modal/volumes/vo-kEMu8BkBAIrorAQI6V8f2D/hub/models--jaredpalmer--kev-4b/snapshots/485ace8703592fcf405488b262449990824cfed1: 496 adapter tensors and the pointer head loaded
device=cuda trainable params=33.8M
3425 training requests (holdout=[]), questions by type {'noul': 1255, 'score': 1442, 'choice': 1208}
[transformers] `causal_conv1d_fn` is falling back to its reference PyTorch implementation because `causal_conv1d` is not installed. This is correct but much slower; install `causal_conv1d` for the optimized kernel.
ep0 step 10/429 loss 0.485 kl 0.000 anchor 0.000 1.770s/rec
ep0 step 20/429 loss 0.545 kl 0.000 anchor 0.000 1.018s/rec
ep0 step 30/429 loss 0.396 kl 0.000 anchor 0.000 0.798s/rec
ep0 step 40/429 loss 0.378 kl 0.000 anchor 0.000 0.635s/rec
ep0 step 50/429 loss 0.344 kl 0.000 anchor 0.000 0.537s/rec
ep0 step 60/429 loss 0.362 kl 0.000 anchor 0.000 0.472s/rec
ep0 step 70/429 loss 0.413 kl 0.000 anchor 0.000 0.420s/rec
ep0 step 80/429 loss 0.593 kl 0.000 anchor 0.000 0.381s/rec
ep0 step 90/429 loss 0.460 kl 0.000 anchor 0.000 0.351s/rec
ep0 step 100/429 loss 0.467 kl 0.000 anchor 0.000 0.329s/rec
ep0 step 110/429 loss 0.412 kl 0.000 anchor 0.000 0.312s/rec
ep0 step 120/429 loss 0.372 kl 0.000 anchor 0.000 0.296s/rec
ep0 step 130/429 loss 0.368 kl 0.000 anchor 0.000 0.284s/rec
ep0 step 140/429 loss 0.386 kl 0.000 anchor 0.000 0.273s/rec
ep0 step 150/429 loss 0.394 kl 0.000 anchor 0.000 0.265s/rec
ep0 step 160/429 loss 0.385 kl 0.000 anchor 0.000 0.257s/rec
ep0 step 170/429 loss 0.297 kl 0.000 anchor 0.000 0.250s/rec
ep0 step 180/429 loss 0.298 kl 0.000 anchor 0.000 0.243s/rec
ep0 step 190/429 loss 0.368 kl 0.000 anchor 0.000 0.237s/rec
ep0 step 200/429 loss 0.340 kl 0.000 anchor 0.000 0.232s/rec
ep0 step 210/429 loss 0.416 kl 0.000 anchor 0.000 0.227s/rec
ep0 step 220/429 loss 0.328 kl 0.000 anchor 0.000 0.222s/rec
ep0 step 230/429 loss 0.246 kl 0.000 anchor 0.000 0.219s/rec
ep0 step 240/429 loss 0.486 kl 0.000 anchor 0.000 0.216s/rec
ep0 step 250/429 loss 0.340 kl 0.000 anchor 0.000 0.212s/rec
ep0 step 260/429 loss 0.424 kl 0.000 anchor 0.000 0.208s/rec
ep0 step 270/429 loss 0.347 kl 0.000 anchor 0.000 0.205s/rec
ep0 step 280/429 loss 0.342 kl 0.000 anchor 0.000 0.203s/rec
ep0 step 290/429 loss 0.296 kl 0.000 anchor 0.000 0.200s/rec
ep0 step 300/429 loss 0.381 kl 0.000 anchor 0.000 0.198s/rec
ep0 step 310/429 loss 0.350 kl 0.000 anchor 0.000 0.196s/rec
ep0 step 320/429 loss 0.382 kl 0.000 anchor 0.000 0.193s/rec
ep0 step 330/429 loss 0.385 kl 0.000 anchor 0.000 0.191s/rec
ep0 step 340/429 loss 0.558 kl 0.000 anchor 0.000 0.190s/rec
ep0 step 350/429 loss 0.315 kl 0.000 anchor 0.000 0.188s/rec
ep0 step 360/429 loss 0.377 kl 0.000 anchor 0.000 0.187s/rec
ep0 step 370/429 loss 0.440 kl 0.000 anchor 0.000 0.185s/rec
ep0 step 380/429 loss 0.413 kl 0.000 anchor 0.000 0.190s/rec
ep0 step 390/429 loss 0.358 kl 0.000 anchor 0.000 0.189s/rec
ep0 step 400/429 loss 0.312 kl 0.000 anchor 0.000 0.188s/rec
ep0 step 410/429 loss 0.332 kl 0.000 anchor 0.000 0.187s/rec
ep0 step 420/429 loss 0.316 kl 0.000 anchor 0.000 0.185s/rec
saved /runs/calibration-screen-4b-s11-r2/02-trial-2/checkpoint
