Warning: You are sending unauthenticated requests to the HF Hub. Please set a HF_TOKEN to enable higher rate limits and faster downloads.
delta: warm start from /__modal/volumes/vo-kEMu8BkBAIrorAQI6V8f2D/hub/models--jaredpalmer--kev-4b/snapshots/485ace8703592fcf405488b262449990824cfed1: 496 adapter tensors and the pointer head loaded
device=cuda trainable params=33.8M
replay: 2000 of 12576 suite training records mixed with 4538 from evals/round5/combined-v1/hard.jsonl
6538 training requests (holdout=[]), questions by type {'choice': 3222, 'score': 2312, 'noul': 2992}
[transformers] `causal_conv1d_fn` is falling back to its reference PyTorch implementation because `causal_conv1d` is not installed. This is correct but much slower; install `causal_conv1d` for the optimized kernel.
ep0 step 10/818 loss 1.357 kl 0.000 anchor 0.000 4.308s/rec
ep0 step 20/818 loss 1.260 kl 0.000 anchor 0.000 2.718s/rec
ep0 step 30/818 loss 0.903 kl 0.000 anchor 0.000 2.233s/rec
ep0 step 40/818 loss 0.796 kl 0.000 anchor 0.000 1.905s/rec
ep0 step 50/818 loss 0.647 kl 0.000 anchor 0.000 1.659s/rec
ep0 step 60/818 loss 0.698 kl 0.000 anchor 0.000 1.540s/rec
ep0 step 70/818 loss 0.587 kl 0.000 anchor 0.000 1.419s/rec
ep0 step 80/818 loss 0.776 kl 0.000 anchor 0.000 1.358s/rec
ep0 step 90/818 loss 0.487 kl 0.000 anchor 0.000 1.293s/rec
ep0 step 100/818 loss 0.641 kl 0.000 anchor 0.000 1.223s/rec
ep0 step 110/818 loss 0.530 kl 0.000 anchor 0.000 1.177s/rec
ep0 step 120/818 loss 0.693 kl 0.000 anchor 0.000 1.143s/rec
ep0 step 130/818 loss 0.772 kl 0.000 anchor 0.000 1.123s/rec
ep0 step 140/818 loss 0.706 kl 0.000 anchor 0.000 1.118s/rec
ep0 step 150/818 loss 0.752 kl 0.000 anchor 0.000 1.105s/rec
ep0 step 160/818 loss 0.578 kl 0.000 anchor 0.000 1.083s/rec
ep0 step 170/818 loss 0.612 kl 0.000 anchor 0.000 1.061s/rec
ep0 step 180/818 loss 0.665 kl 0.000 anchor 0.000 1.043s/rec
ep0 step 190/818 loss 0.870 kl 0.000 anchor 0.000 1.026s/rec
ep0 step 200/818 loss 0.781 kl 0.000 anchor 0.000 1.044s/rec
ep0 step 210/818 loss 0.702 kl 0.000 anchor 0.000 1.028s/rec
ep0 step 220/818 loss 0.544 kl 0.000 anchor 0.000 1.015s/rec
ep0 step 230/818 loss 0.736 kl 0.000 anchor 0.000 1.016s/rec
ep0 step 240/818 loss 0.728 kl 0.000 anchor 0.000 1.003s/rec
ep0 step 250/818 loss 0.546 kl 0.000 anchor 0.000 0.989s/rec
ep0 step 260/818 loss 0.627 kl 0.000 anchor 0.000 0.980s/rec
ep0 step 270/818 loss 0.528 kl 0.000 anchor 0.000 0.971s/rec
ep0 step 280/818 loss 0.597 kl 0.000 anchor 0.000 0.964s/rec
ep0 step 290/818 loss 0.587 kl 0.000 anchor 0.000 0.954s/rec
ep0 step 300/818 loss 0.622 kl 0.000 anchor 0.000 0.948s/rec
ep0 step 310/818 loss 0.664 kl 0.000 anchor 0.000 0.937s/rec
ep0 step 320/818 loss 0.598 kl 0.000 anchor 0.000 0.947s/rec
ep0 step 330/818 loss 0.603 kl 0.000 anchor 0.000 0.938s/rec
ep0 step 340/818 loss 0.606 kl 0.000 anchor 0.000 0.933s/rec
ep0 step 350/818 loss 0.571 kl 0.000 anchor 0.000 0.925s/rec
ep0 step 360/818 loss 0.458 kl 0.000 anchor 0.000 0.918s/rec
ep0 step 370/818 loss 0.757 kl 0.000 anchor 0.000 0.914s/rec
ep0 step 380/818 loss 0.528 kl 0.000 anchor 0.000 0.911s/rec
ep0 step 390/818 loss 0.467 kl 0.000 anchor 0.000 0.902s/rec
ep0 step 400/818 loss 0.826 kl 0.000 anchor 0.000 0.899s/rec
ep0 step 410/818 loss 0.648 kl 0.000 anchor 0.000 0.895s/rec
ep0 step 420/818 loss 0.417 kl 0.000 anchor 0.000 0.889s/rec
ep0 step 430/818 loss 0.399 kl 0.000 anchor 0.000 0.890s/rec
ep0 step 440/818 loss 0.491 kl 0.000 anchor 0.000 0.885s/rec
ep0 step 450/818 loss 0.551 kl 0.000 anchor 0.000 0.882s/rec
ep0 step 460/818 loss 0.687 kl 0.000 anchor 0.000 0.876s/rec
ep0 step 470/818 loss 0.605 kl 0.000 anchor 0.000 0.872s/rec
ep0 step 480/818 loss 0.643 kl 0.000 anchor 0.000 0.871s/rec
ep0 step 490/818 loss 0.485 kl 0.000 anchor 0.000 0.866s/rec
ep0 step 500/818 loss 0.458 kl 0.000 anchor 0.000 0.863s/rec
ep0 step 510/818 loss 0.530 kl 0.000 anchor 0.000 0.863s/rec
ep0 step 520/818 loss 0.434 kl 0.000 anchor 0.000 0.860s/rec
ep0 step 530/818 loss 0.403 kl 0.000 anchor 0.000 0.859s/rec
ep0 step 540/818 loss 0.451 kl 0.000 anchor 0.000 0.857s/rec
ep0 step 550/818 loss 0.402 kl 0.000 anchor 0.000 0.853s/rec
ep0 step 560/818 loss 0.317 kl 0.000 anchor 0.000 0.852s/rec
ep0 step 570/818 loss 0.512 kl 0.000 anchor 0.000 0.848s/rec
ep0 step 580/818 loss 0.502 kl 0.000 anchor 0.000 0.847s/rec
ep0 step 590/818 loss 0.467 kl 0.000 anchor 0.000 0.844s/rec
ep0 step 600/818 loss 0.550 kl 0.000 anchor 0.000 0.845s/rec
ep0 step 610/818 loss 0.574 kl 0.000 anchor 0.000 0.845s/rec
ep0 step 620/818 loss 0.581 kl 0.000 anchor 0.000 0.842s/rec
ep0 step 630/818 loss 0.506 kl 0.000 anchor 0.000 0.840s/rec
ep0 step 640/818 loss 0.477 kl 0.000 anchor 0.000 0.839s/rec
ep0 step 650/818 loss 0.450 kl 0.000 anchor 0.000 0.839s/rec
ep0 step 660/818 loss 0.594 kl 0.000 anchor 0.000 0.838s/rec
ep0 step 670/818 loss 0.463 kl 0.000 anchor 0.000 0.835s/rec
ep0 step 680/818 loss 0.721 kl 0.000 anchor 0.000 0.835s/rec
ep0 step 690/818 loss 0.589 kl 0.000 anchor 0.000 0.831s/rec
ep0 step 700/818 loss 0.680 kl 0.000 anchor 0.000 0.829s/rec
ep0 step 710/818 loss 0.602 kl 0.000 anchor 0.000 0.830s/rec
ep0 step 720/818 loss 0.355 kl 0.000 anchor 0.000 0.829s/rec
ep0 step 730/818 loss 0.569 kl 0.000 anchor 0.000 0.827s/rec
ep0 step 740/818 loss 0.312 kl 0.000 anchor 0.000 0.825s/rec
ep0 step 750/818 loss 0.398 kl 0.000 anchor 0.000 0.824s/rec
ep0 step 760/818 loss 0.471 kl 0.000 anchor 0.000 0.823s/rec
ep0 step 770/818 loss 0.688 kl 0.000 anchor 0.000 0.824s/rec
ep0 step 780/818 loss 0.675 kl 0.000 anchor 0.000 0.825s/rec
ep0 step 790/818 loss 0.340 kl 0.000 anchor 0.000 0.823s/rec
ep0 step 800/818 loss 0.612 kl 0.000 anchor 0.000 0.822s/rec
ep0 step 810/818 loss 0.356 kl 0.000 anchor 0.000 0.820s/rec
saved /runs/r5-combined/04-trial-4/checkpoint
