Warning: You are sending unauthenticated requests to the HF Hub. Please set a HF_TOKEN to enable higher rate limits and faster downloads.
Warning: You are sending unauthenticated requests to the HF Hub. Please set a HF_TOKEN to enable higher rate limits and faster downloads.
device=cuda world=2 trainable params=752.9M
12576 training requests (holdout=[]), questions by type {'score': 3448, 'noul': 5224, 'choice': 6904}
ep0 step 10/1200 loss 3.360 kl 0.000 anchor 0.000 3.088s/rec
ep0 step 20/1200 loss 1.844 kl 0.000 anchor 0.000 1.571s/rec
ep0 step 30/1200 loss 1.726 kl 0.000 anchor 0.000 0.990s/rec
ep0 step 40/1200 loss 1.285 kl 0.000 anchor 0.000 0.722s/rec
ep0 step 50/1200 loss 1.461 kl 0.000 anchor 0.000 0.594s/rec
ep0 step 60/1200 loss 1.297 kl 0.000 anchor 0.000 0.553s/rec
ep0 step 70/1200 loss 1.032 kl 0.000 anchor 0.000 0.486s/rec
ep0 step 80/1200 loss 1.105 kl 0.000 anchor 0.000 0.432s/rec
ep0 step 90/1200 loss 0.818 kl 0.000 anchor 0.000 0.432s/rec
ep0 step 100/1200 loss 1.289 kl 0.000 anchor 0.000 0.436s/rec
ep0 step 110/1200 loss 1.464 kl 0.000 anchor 0.000 0.414s/rec
ep0 step 120/1200 loss 1.081 kl 0.000 anchor 0.000 0.389s/rec
ep0 step 130/1200 loss 1.313 kl 0.000 anchor 0.000 0.368s/rec
ep0 step 140/1200 loss 1.455 kl 0.000 anchor 0.000 0.353s/rec
ep0 step 150/1200 loss 0.933 kl 0.000 anchor 0.000 0.350s/rec
ep0 step 160/1200 loss 1.039 kl 0.000 anchor 0.000 0.335s/rec
ep0 step 170/1200 loss 1.031 kl 0.000 anchor 0.000 0.330s/rec
ep0 step 180/1200 loss 1.211 kl 0.000 anchor 0.000 0.319s/rec
ep0 step 190/1200 loss 1.511 kl 0.000 anchor 0.000 0.311s/rec
ep0 step 200/1200 loss 0.809 kl 0.000 anchor 0.000 0.301s/rec
ep0 step 210/1200 loss 1.016 kl 0.000 anchor 0.000 0.292s/rec
ep0 step 220/1200 loss 1.291 kl 0.000 anchor 0.000 0.285s/rec
ep0 step 230/1200 loss 0.810 kl 0.000 anchor 0.000 0.275s/rec
ep0 step 240/1200 loss 1.008 kl 0.000 anchor 0.000 0.267s/rec
ep0 step 250/1200 loss 0.826 kl 0.000 anchor 0.000 0.272s/rec
ep0 step 260/1200 loss 1.122 kl 0.000 anchor 0.000 0.267s/rec
ep0 step 270/1200 loss 0.913 kl 0.000 anchor 0.000 0.260s/rec
ep0 step 280/1200 loss 1.039 kl 0.000 anchor 0.000 0.253s/rec
ep0 step 290/1200 loss 1.280 kl 0.000 anchor 0.000 0.249s/rec
ep0 step 300/1200 loss 0.920 kl 0.000 anchor 0.000 0.243s/rec
ep0 step 310/1200 loss 0.857 kl 0.000 anchor 0.000 0.239s/rec
ep0 step 320/1200 loss 0.910 kl 0.000 anchor 0.000 0.235s/rec
Warning: You are sending unauthenticated requests to the HF Hub. Please set a HF_TOKEN to enable higher rate limits and faster downloads.
Warning: You are sending unauthenticated requests to the HF Hub. Please set a HF_TOKEN to enable higher rate limits and faster downloads.
device=cuda world=2 trainable params=752.9M
12576 training requests (holdout=[]), questions by type {'score': 3448, 'noul': 5224, 'choice': 6904}
resumed from /runs/sft-resume-e2e-killed/00-trial-0/checkpoint/resume/step-0000300: step 300, epoch 0, micro-batch 300
ep0 step 310/1200 loss 0.856 kl 0.000 anchor 0.000 0.272s/rec
ep0 step 320/1200 loss 0.910 kl 0.000 anchor 0.000 0.267s/rec
ep0 step 330/1200 loss 1.065 kl 0.000 anchor 0.000 0.260s/rec
ep0 step 340/1200 loss 0.709 kl 0.000 anchor 0.000 0.255s/rec
ep0 step 350/1200 loss 1.279 kl 0.000 anchor 0.000 0.249s/rec
ep0 step 360/1200 loss 0.677 kl 0.000 anchor 0.000 0.247s/rec
ep0 step 370/1200 loss 0.582 kl 0.000 anchor 0.000 0.242s/rec
ep0 step 380/1200 loss 0.892 kl 0.000 anchor 0.000 0.236s/rec
ep0 step 390/1200 loss 0.575 kl 0.000 anchor 0.000 0.231s/rec
ep0 step 400/1200 loss 0.955 kl 0.000 anchor 0.000 0.227s/rec
ep0 step 410/1200 loss 0.764 kl 0.000 anchor 0.000 0.224s/rec
ep0 step 420/1200 loss 0.504 kl 0.000 anchor 0.000 0.220s/rec
ep0 step 430/1200 loss 0.783 kl 0.000 anchor 0.000 0.217s/rec
ep0 step 440/1200 loss 0.676 kl 0.000 anchor 0.000 0.213s/rec
ep0 step 450/1200 loss 0.810 kl 0.000 anchor 0.000 0.210s/rec
ep0 step 460/1200 loss 0.639 kl 0.000 anchor 0.000 0.209s/rec
ep0 step 470/1200 loss 0.839 kl 0.000 anchor 0.000 0.207s/rec
ep0 step 480/1200 loss 0.599 kl 0.000 anchor 0.000 0.205s/rec
ep0 step 490/1200 loss 0.879 kl 0.000 anchor 0.000 0.202s/rec
ep0 step 500/1200 loss 0.578 kl 0.000 anchor 0.000 0.200s/rec
ep0 step 510/1200 loss 0.901 kl 0.000 anchor 0.000 0.199s/rec
ep0 step 520/1200 loss 0.623 kl 0.000 anchor 0.000 0.197s/rec
ep0 step 530/1200 loss 0.629 kl 0.000 anchor 0.000 0.195s/rec
ep0 step 540/1200 loss 0.521 kl 0.000 anchor 0.000 0.193s/rec
ep0 step 550/1200 loss 0.705 kl 0.000 anchor 0.000 0.191s/rec
ep0 step 560/1200 loss 0.792 kl 0.000 anchor 0.000 0.189s/rec
ep0 step 570/1200 loss 0.470 kl 0.000 anchor 0.000 0.186s/rec
ep0 step 580/1200 loss 0.796 kl 0.000 anchor 0.000 0.184s/rec
ep0 step 590/1200 loss 1.064 kl 0.000 anchor 0.000 0.183s/rec
ep0 step 600/1200 loss 0.647 kl 0.000 anchor 0.000 0.180s/rec
ep0 step 610/1200 loss 0.639 kl 0.000 anchor 0.000 0.180s/rec
ep0 step 620/1200 loss 1.224 kl 0.000 anchor 0.000 0.179s/rec
ep0 step 630/1200 loss 0.562 kl 0.000 anchor 0.000 0.177s/rec
ep0 step 640/1200 loss 0.603 kl 0.000 anchor 0.000 0.176s/rec
ep0 step 650/1200 loss 1.217 kl 0.000 anchor 0.000 0.176s/rec
ep0 step 660/1200 loss 0.738 kl 0.000 anchor 0.000 0.175s/rec
ep0 step 670/1200 loss 0.578 kl 0.000 anchor 0.000 0.173s/rec
ep0 step 680/1200 loss 0.310 kl 0.000 anchor 0.000 0.173s/rec
ep0 step 690/1200 loss 0.716 kl 0.000 anchor 0.000 0.171s/rec
ep0 step 700/1200 loss 0.734 kl 0.000 anchor 0.000 0.170s/rec
ep0 step 710/1200 loss 0.506 kl 0.000 anchor 0.000 0.169s/rec
ep0 step 720/1200 loss 0.726 kl 0.000 anchor 0.000 0.168s/rec
ep0 step 730/1200 loss 0.887 kl 0.000 anchor 0.000 0.167s/rec
ep0 step 740/1200 loss 0.531 kl 0.000 anchor 0.000 0.166s/rec
ep0 step 750/1200 loss 0.623 kl 0.000 anchor 0.000 0.164s/rec
ep0 step 760/1200 loss 0.690 kl 0.000 anchor 0.000 0.164s/rec
ep0 step 770/1200 loss 0.709 kl 0.000 anchor 0.000 0.163s/rec
ep0 step 780/1200 loss 0.668 kl 0.000 anchor 0.000 0.162s/rec
ep0 step 790/1200 loss 0.735 kl 0.000 anchor 0.000 0.161s/rec
ep0 step 800/1200 loss 0.759 kl 0.000 anchor 0.000 0.160s/rec
ep0 step 810/1200 loss 0.540 kl 0.000 anchor 0.000 0.160s/rec
ep0 step 820/1200 loss 0.633 kl 0.000 anchor 0.000 0.159s/rec
ep0 step 830/1200 loss 0.679 kl 0.000 anchor 0.000 0.158s/rec
ep0 step 840/1200 loss 0.552 kl 0.000 anchor 0.000 0.157s/rec
ep0 step 850/1200 loss 0.586 kl 0.000 anchor 0.000 0.157s/rec
ep0 step 860/1200 loss 0.427 kl 0.000 anchor 0.000 0.156s/rec
ep0 step 870/1200 loss 0.803 kl 0.000 anchor 0.000 0.155s/rec
ep0 step 880/1200 loss 0.493 kl 0.000 anchor 0.000 0.155s/rec
ep0 step 890/1200 loss 0.941 kl 0.000 anchor 0.000 0.154s/rec
ep0 step 900/1200 loss 0.499 kl 0.000 anchor 0.000 0.153s/rec
ep0 step 910/1200 loss 0.766 kl 0.000 anchor 0.000 0.153s/rec
ep0 step 920/1200 loss 0.471 kl 0.000 anchor 0.000 0.152s/rec
ep0 step 930/1200 loss 0.381 kl 0.000 anchor 0.000 0.151s/rec
ep0 step 940/1200 loss 0.702 kl 0.000 anchor 0.000 0.151s/rec
ep0 step 950/1200 loss 0.566 kl 0.000 anchor 0.000 0.150s/rec
ep0 step 960/1200 loss 0.484 kl 0.000 anchor 0.000 0.150s/rec
ep0 step 970/1200 loss 0.417 kl 0.000 anchor 0.000 0.149s/rec
ep0 step 980/1200 loss 0.877 kl 0.000 anchor 0.000 0.148s/rec
ep0 step 990/1200 loss 0.579 kl 0.000 anchor 0.000 0.147s/rec
ep0 step 1000/1200 loss 0.543 kl 0.000 anchor 0.000 0.147s/rec
ep0 step 1010/1200 loss 0.588 kl 0.000 anchor 0.000 0.147s/rec
ep0 step 1020/1200 loss 0.643 kl 0.000 anchor 0.000 0.146s/rec
ep0 step 1030/1200 loss 0.668 kl 0.000 anchor 0.000 0.145s/rec
ep0 step 1040/1200 loss 0.641 kl 0.000 anchor 0.000 0.144s/rec
ep0 step 1050/1200 loss 0.658 kl 0.000 anchor 0.000 0.144s/rec
ep0 step 1060/1200 loss 0.656 kl 0.000 anchor 0.000 0.144s/rec
ep0 step 1070/1200 loss 0.442 kl 0.000 anchor 0.000 0.143s/rec
ep0 step 1080/1200 loss 0.742 kl 0.000 anchor 0.000 0.143s/rec
Warning: You are sending unauthenticated requests to the HF Hub. Please set a HF_TOKEN to enable higher rate limits and faster downloads.
device=cuda world=2 trainable params=752.9M
12576 training requests (holdout=[]), questions by type {'score': 3448, 'noul': 5224, 'choice': 6904}
resumed from /runs/sft-resume-e2e-killed/00-trial-0/checkpoint/resume/step-0001050: step 1050, epoch 0, micro-batch 1050
ep0 step 1060/1200 loss 0.654 kl 0.000 anchor 0.000 0.162s/rec
ep0 step 1070/1200 loss 0.442 kl 0.000 anchor 0.000 0.162s/rec
ep0 step 1080/1200 loss 0.742 kl 0.000 anchor 0.000 0.162s/rec
ep0 step 1090/1200 loss 0.448 kl 0.000 anchor 0.000 0.161s/rec
ep0 step 1100/1200 loss 0.492 kl 0.000 anchor 0.000 0.160s/rec
ep0 step 1110/1200 loss 0.639 kl 0.000 anchor 0.000 0.160s/rec
ep0 step 1120/1200 loss 0.821 kl 0.000 anchor 0.000 0.159s/rec
ep0 step 1130/1200 loss 0.446 kl 0.000 anchor 0.000 0.158s/rec
ep0 step 1140/1200 loss 0.926 kl 0.000 anchor 0.000 0.157s/rec
ep0 step 1150/1200 loss 0.998 kl 0.000 anchor 0.000 0.157s/rec
ep0 step 1160/1200 loss 0.565 kl 0.000 anchor 0.000 0.157s/rec
ep0 step 1170/1200 loss 0.584 kl 0.000 anchor 0.000 0.156s/rec
ep0 step 1180/1200 loss 0.916 kl 0.000 anchor 0.000 0.156s/rec
ep0 step 1190/1200 loss 0.739 kl 0.000 anchor 0.000 0.156s/rec
ep0 step 1200/1200 loss 0.346 kl 0.000 anchor 0.000 0.155s/rec
/.uv/.venv/lib/python3.13/site-packages/torch/distributed/distributed_c10d.py:4807: UserWarning: No device id is provided via `init_process_group` or `barrier `. Using the current device set by the user. 
  warnings.warn(  # warn only once
/.uv/.venv/lib/python3.13/site-packages/torch/distributed/distributed_c10d.py:4807: UserWarning: No device id is provided via `init_process_group` or `barrier `. Using the current device set by the user. 
  warnings.warn(  # warn only once
saved /runs/sft-resume-e2e-killed/00-trial-0/checkpoint
[rank0]:[W925 01:33:43.104580868 ProcessGroupNCCL.cpp:1538] Warning: WARNING: destroy_process_group() was not called before program exit, which can leak resources. For more info, please see https://pytorch.org/docs/stable/distributed.html#shutdown (function operator())
