Warning: You are sending unauthenticated requests to the HF Hub. Please set a HF_TOKEN to enable higher rate limits and faster downloads.
Warning: You are sending unauthenticated requests to the HF Hub. Please set a HF_TOKEN to enable higher rate limits and faster downloads.
device=cuda world=2 trainable params=752.9M
12576 training requests (holdout=[]), questions by type {'score': 3448, 'noul': 5224, 'choice': 6904}
ep0 step 10/1200 loss 3.366 kl 0.000 anchor 0.000 0.488s/rec
ep0 step 20/1200 loss 1.843 kl 0.000 anchor 0.000 0.293s/rec
ep0 step 30/1200 loss 1.733 kl 0.000 anchor 0.000 0.208s/rec
ep0 step 40/1200 loss 1.293 kl 0.000 anchor 0.000 0.171s/rec
ep0 step 50/1200 loss 1.463 kl 0.000 anchor 0.000 0.152s/rec
ep0 step 60/1200 loss 1.301 kl 0.000 anchor 0.000 0.154s/rec
ep0 step 70/1200 loss 1.027 kl 0.000 anchor 0.000 0.142s/rec
ep0 step 80/1200 loss 1.064 kl 0.000 anchor 0.000 0.132s/rec
ep0 step 90/1200 loss 0.814 kl 0.000 anchor 0.000 0.131s/rec
ep0 step 100/1200 loss 1.526 kl 0.000 anchor 0.000 0.132s/rec
ep0 step 110/1200 loss 1.636 kl 0.000 anchor 0.000 0.132s/rec
ep0 step 120/1200 loss 1.057 kl 0.000 anchor 0.000 0.130s/rec
ep0 step 130/1200 loss 1.225 kl 0.000 anchor 0.000 0.127s/rec
ep0 step 140/1200 loss 0.791 kl 0.000 anchor 0.000 0.126s/rec
ep0 step 150/1200 loss 0.767 kl 0.000 anchor 0.000 0.125s/rec
ep0 step 160/1200 loss 0.802 kl 0.000 anchor 0.000 0.124s/rec
ep0 step 170/1200 loss 0.937 kl 0.000 anchor 0.000 0.123s/rec
ep0 step 180/1200 loss 1.264 kl 0.000 anchor 0.000 0.122s/rec
ep0 step 190/1200 loss 1.377 kl 0.000 anchor 0.000 0.121s/rec
ep0 step 200/1200 loss 0.759 kl 0.000 anchor 0.000 0.120s/rec
ep0 step 210/1200 loss 1.144 kl 0.000 anchor 0.000 0.119s/rec
ep0 step 220/1200 loss 0.720 kl 0.000 anchor 0.000 0.119s/rec
ep0 step 230/1200 loss 0.747 kl 0.000 anchor 0.000 0.116s/rec
ep0 step 240/1200 loss 1.104 kl 0.000 anchor 0.000 0.114s/rec
ep0 step 250/1200 loss 0.850 kl 0.000 anchor 0.000 0.116s/rec
ep0 step 260/1200 loss 1.294 kl 0.000 anchor 0.000 0.116s/rec
ep0 step 270/1200 loss 0.867 kl 0.000 anchor 0.000 0.115s/rec
ep0 step 280/1200 loss 1.062 kl 0.000 anchor 0.000 0.114s/rec
ep0 step 290/1200 loss 1.521 kl 0.000 anchor 0.000 0.113s/rec
ep0 step 300/1200 loss 0.743 kl 0.000 anchor 0.000 0.112s/rec
ep0 step 310/1200 loss 0.837 kl 0.000 anchor 0.000 0.112s/rec
ep0 step 320/1200 loss 1.003 kl 0.000 anchor 0.000 0.112s/rec
ep0 step 330/1200 loss 0.975 kl 0.000 anchor 0.000 0.111s/rec
ep0 step 340/1200 loss 0.636 kl 0.000 anchor 0.000 0.110s/rec
ep0 step 350/1200 loss 1.022 kl 0.000 anchor 0.000 0.109s/rec
ep0 step 360/1200 loss 0.643 kl 0.000 anchor 0.000 0.110s/rec
ep0 step 370/1200 loss 0.660 kl 0.000 anchor 0.000 0.109s/rec
ep0 step 380/1200 loss 0.774 kl 0.000 anchor 0.000 0.108s/rec
ep0 step 390/1200 loss 0.575 kl 0.000 anchor 0.000 0.106s/rec
ep0 step 400/1200 loss 1.162 kl 0.000 anchor 0.000 0.106s/rec
ep0 step 410/1200 loss 0.834 kl 0.000 anchor 0.000 0.106s/rec
ep0 step 420/1200 loss 0.528 kl 0.000 anchor 0.000 0.105s/rec
ep0 step 430/1200 loss 0.883 kl 0.000 anchor 0.000 0.105s/rec
ep0 step 440/1200 loss 0.742 kl 0.000 anchor 0.000 0.104s/rec
ep0 step 450/1200 loss 0.884 kl 0.000 anchor 0.000 0.103s/rec
ep0 step 460/1200 loss 0.806 kl 0.000 anchor 0.000 0.104s/rec
ep0 step 470/1200 loss 0.625 kl 0.000 anchor 0.000 0.104s/rec
ep0 step 480/1200 loss 0.572 kl 0.000 anchor 0.000 0.104s/rec
ep0 step 490/1200 loss 0.997 kl 0.000 anchor 0.000 0.103s/rec
ep0 step 500/1200 loss 0.823 kl 0.000 anchor 0.000 0.103s/rec
ep0 step 510/1200 loss 0.769 kl 0.000 anchor 0.000 0.103s/rec
ep0 step 520/1200 loss 1.048 kl 0.000 anchor 0.000 0.103s/rec
ep0 step 530/1200 loss 0.774 kl 0.000 anchor 0.000 0.103s/rec
ep0 step 540/1200 loss 0.489 kl 0.000 anchor 0.000 0.102s/rec
ep0 step 550/1200 loss 0.773 kl 0.000 anchor 0.000 0.102s/rec
ep0 step 560/1200 loss 0.804 kl 0.000 anchor 0.000 0.102s/rec
ep0 step 570/1200 loss 1.004 kl 0.000 anchor 0.000 0.101s/rec
ep0 step 580/1200 loss 0.735 kl 0.000 anchor 0.000 0.101s/rec
ep0 step 590/1200 loss 1.219 kl 0.000 anchor 0.000 0.100s/rec
ep0 step 600/1200 loss 0.613 kl 0.000 anchor 0.000 0.099s/rec
ep0 step 610/1200 loss 0.626 kl 0.000 anchor 0.000 0.100s/rec
ep0 step 620/1200 loss 1.424 kl 0.000 anchor 0.000 0.100s/rec
ep0 step 630/1200 loss 0.754 kl 0.000 anchor 0.000 0.100s/rec
ep0 step 640/1200 loss 0.540 kl 0.000 anchor 0.000 0.100s/rec
ep0 step 650/1200 loss 1.077 kl 0.000 anchor 0.000 0.100s/rec
ep0 step 660/1200 loss 0.941 kl 0.000 anchor 0.000 0.100s/rec
ep0 step 670/1200 loss 0.527 kl 0.000 anchor 0.000 0.100s/rec
ep0 step 680/1200 loss 0.354 kl 0.000 anchor 0.000 0.100s/rec
ep0 step 690/1200 loss 0.858 kl 0.000 anchor 0.000 0.099s/rec
ep0 step 700/1200 loss 0.868 kl 0.000 anchor 0.000 0.099s/rec
ep0 step 710/1200 loss 0.652 kl 0.000 anchor 0.000 0.099s/rec
ep0 step 720/1200 loss 0.659 kl 0.000 anchor 0.000 0.099s/rec
ep0 step 730/1200 loss 0.720 kl 0.000 anchor 0.000 0.099s/rec
ep0 step 740/1200 loss 0.558 kl 0.000 anchor 0.000 0.098s/rec
ep0 step 750/1200 loss 0.534 kl 0.000 anchor 0.000 0.098s/rec
ep0 step 760/1200 loss 0.658 kl 0.000 anchor 0.000 0.098s/rec
ep0 step 770/1200 loss 0.601 kl 0.000 anchor 0.000 0.098s/rec
ep0 step 780/1200 loss 0.744 kl 0.000 anchor 0.000 0.098s/rec
ep0 step 790/1200 loss 0.599 kl 0.000 anchor 0.000 0.097s/rec
ep0 step 800/1200 loss 0.703 kl 0.000 anchor 0.000 0.097s/rec
ep0 step 810/1200 loss 0.469 kl 0.000 anchor 0.000 0.097s/rec
ep0 step 820/1200 loss 0.653 kl 0.000 anchor 0.000 0.097s/rec
ep0 step 830/1200 loss 0.695 kl 0.000 anchor 0.000 0.097s/rec
ep0 step 840/1200 loss 0.606 kl 0.000 anchor 0.000 0.097s/rec
ep0 step 850/1200 loss 0.619 kl 0.000 anchor 0.000 0.096s/rec
ep0 step 860/1200 loss 0.469 kl 0.000 anchor 0.000 0.096s/rec
ep0 step 870/1200 loss 0.750 kl 0.000 anchor 0.000 0.096s/rec
ep0 step 880/1200 loss 0.487 kl 0.000 anchor 0.000 0.096s/rec
ep0 step 890/1200 loss 1.018 kl 0.000 anchor 0.000 0.096s/rec
ep0 step 900/1200 loss 0.567 kl 0.000 anchor 0.000 0.095s/rec
ep0 step 910/1200 loss 0.768 kl 0.000 anchor 0.000 0.096s/rec
ep0 step 920/1200 loss 0.428 kl 0.000 anchor 0.000 0.095s/rec
ep0 step 930/1200 loss 0.418 kl 0.000 anchor 0.000 0.095s/rec
ep0 step 940/1200 loss 0.606 kl 0.000 anchor 0.000 0.095s/rec
ep0 step 950/1200 loss 0.579 kl 0.000 anchor 0.000 0.095s/rec
ep0 step 960/1200 loss 0.463 kl 0.000 anchor 0.000 0.095s/rec
ep0 step 970/1200 loss 0.366 kl 0.000 anchor 0.000 0.095s/rec
ep0 step 980/1200 loss 0.774 kl 0.000 anchor 0.000 0.094s/rec
ep0 step 990/1200 loss 0.678 kl 0.000 anchor 0.000 0.094s/rec
ep0 step 1000/1200 loss 0.528 kl 0.000 anchor 0.000 0.094s/rec
ep0 step 1010/1200 loss 0.567 kl 0.000 anchor 0.000 0.094s/rec
ep0 step 1020/1200 loss 0.692 kl 0.000 anchor 0.000 0.094s/rec
ep0 step 1030/1200 loss 0.710 kl 0.000 anchor 0.000 0.094s/rec
ep0 step 1040/1200 loss 0.681 kl 0.000 anchor 0.000 0.093s/rec
ep0 step 1050/1200 loss 0.690 kl 0.000 anchor 0.000 0.093s/rec
ep0 step 1060/1200 loss 0.575 kl 0.000 anchor 0.000 0.093s/rec
ep0 step 1070/1200 loss 0.443 kl 0.000 anchor 0.000 0.093s/rec
ep0 step 1080/1200 loss 0.798 kl 0.000 anchor 0.000 0.093s/rec
ep0 step 1090/1200 loss 0.392 kl 0.000 anchor 0.000 0.093s/rec
ep0 step 1100/1200 loss 0.577 kl 0.000 anchor 0.000 0.093s/rec
ep0 step 1110/1200 loss 0.706 kl 0.000 anchor 0.000 0.093s/rec
ep0 step 1120/1200 loss 0.774 kl 0.000 anchor 0.000 0.093s/rec
ep0 step 1130/1200 loss 0.505 kl 0.000 anchor 0.000 0.093s/rec
ep0 step 1140/1200 loss 0.789 kl 0.000 anchor 0.000 0.092s/rec
ep0 step 1150/1200 loss 0.727 kl 0.000 anchor 0.000 0.093s/rec
ep0 step 1160/1200 loss 0.468 kl 0.000 anchor 0.000 0.093s/rec
ep0 step 1170/1200 loss 0.628 kl 0.000 anchor 0.000 0.093s/rec
ep0 step 1180/1200 loss 0.864 kl 0.000 anchor 0.000 0.093s/rec
ep0 step 1190/1200 loss 0.835 kl 0.000 anchor 0.000 0.093s/rec
ep0 step 1200/1200 loss 0.335 kl 0.000 anchor 0.000 0.093s/rec
/.uv/.venv/lib/python3.13/site-packages/torch/distributed/distributed_c10d.py:4807: UserWarning: No device id is provided via `init_process_group` or `barrier `. Using the current device set by the user. 
  warnings.warn(  # warn only once
/.uv/.venv/lib/python3.13/site-packages/torch/distributed/distributed_c10d.py:4807: UserWarning: No device id is provided via `init_process_group` or `barrier `. Using the current device set by the user. 
  warnings.warn(  # warn only once
saved /runs/sft-resume-e2e-whole/00-trial-0/checkpoint
[rank0]:[W925 01:25:24.598765378 ProcessGroupNCCL.cpp:1538] Warning: WARNING: destroy_process_group() was not called before program exit, which can leak resources. For more info, please see https://pytorch.org/docs/stable/distributed.html#shutdown (function operator())
