Warning: You are sending unauthenticated requests to the HF Hub. Please set a HF_TOKEN to enable higher rate limits and faster downloads.
device=cuda trainable params=33.8M
ablation: training on ['agnews', 'amazon', 'banking77', 'boolq', 'dbpedia14', 'imdb', 'mnli', 'sst5', 'trec', 'yelp'] -> 10000 records
10000 training requests (holdout=[]), questions by type {'score': 3000, 'noul': 5000, 'choice': 5000}
[transformers] `causal_conv1d_fn` is falling back to its reference PyTorch implementation because `causal_conv1d` is not installed. This is correct but much slower; install `causal_conv1d` for the optimized kernel.
ep0 step 10/2500 loss 2.030 kl 0.000 anchor 0.000 2.050s/rec
ep0 step 20/2500 loss 1.920 kl 0.000 anchor 0.000 1.174s/rec
ep0 step 30/2500 loss 2.001 kl 0.000 anchor 0.000 0.844s/rec
ep0 step 40/2500 loss 1.813 kl 0.000 anchor 0.000 0.654s/rec
ep0 step 50/2500 loss 1.602 kl 0.000 anchor 0.000 0.581s/rec
ep0 step 60/2500 loss 1.173 kl 0.000 anchor 0.000 0.509s/rec
ep0 step 70/2500 loss 1.146 kl 0.000 anchor 0.000 0.454s/rec
ep0 step 80/2500 loss 1.240 kl 0.000 anchor 0.000 0.414s/rec
ep0 step 90/2500 loss 1.234 kl 0.000 anchor 0.000 0.379s/rec
ep0 step 100/2500 loss 0.884 kl 0.000 anchor 0.000 0.354s/rec
ep0 step 110/2500 loss 0.791 kl 0.000 anchor 0.000 0.332s/rec
ep0 step 120/2500 loss 0.784 kl 0.000 anchor 0.000 0.316s/rec
ep0 step 130/2500 loss 0.943 kl 0.000 anchor 0.000 0.301s/rec
ep0 step 140/2500 loss 0.962 kl 0.000 anchor 0.000 0.286s/rec
ep0 step 150/2500 loss 0.790 kl 0.000 anchor 0.000 0.276s/rec
ep0 step 160/2500 loss 0.925 kl 0.000 anchor 0.000 0.267s/rec
ep0 step 170/2500 loss 0.743 kl 0.000 anchor 0.000 0.258s/rec
ep0 step 180/2500 loss 0.571 kl 0.000 anchor 0.000 0.251s/rec
ep0 step 190/2500 loss 0.653 kl 0.000 anchor 0.000 0.244s/rec
ep0 step 200/2500 loss 0.604 kl 0.000 anchor 0.000 0.239s/rec
ep0 step 210/2500 loss 0.616 kl 0.000 anchor 0.000 0.233s/rec
ep0 step 220/2500 loss 0.584 kl 0.000 anchor 0.000 0.228s/rec
ep0 step 230/2500 loss 0.694 kl 0.000 anchor 0.000 0.222s/rec
ep0 step 240/2500 loss 0.913 kl 0.000 anchor 0.000 0.218s/rec
ep0 step 250/2500 loss 0.885 kl 0.000 anchor 0.000 0.215s/rec
ep0 step 260/2500 loss 0.792 kl 0.000 anchor 0.000 0.212s/rec
ep0 step 270/2500 loss 0.538 kl 0.000 anchor 0.000 0.208s/rec
ep0 step 280/2500 loss 0.535 kl 0.000 anchor 0.000 0.205s/rec
ep0 step 290/2500 loss 0.905 kl 0.000 anchor 0.000 0.202s/rec
ep0 step 300/2500 loss 0.722 kl 0.000 anchor 0.000 0.199s/rec
ep0 step 310/2500 loss 0.785 kl 0.000 anchor 0.000 0.196s/rec
ep0 step 320/2500 loss 0.573 kl 0.000 anchor 0.000 0.195s/rec
ep0 step 330/2500 loss 0.678 kl 0.000 anchor 0.000 0.192s/rec
ep0 step 340/2500 loss 0.644 kl 0.000 anchor 0.000 0.190s/rec
ep0 step 350/2500 loss 0.402 kl 0.000 anchor 0.000 0.188s/rec
ep0 step 360/2500 loss 0.853 kl 0.000 anchor 0.000 0.192s/rec
ep0 step 370/2500 loss 0.599 kl 0.000 anchor 0.000 0.190s/rec
ep0 step 380/2500 loss 0.469 kl 0.000 anchor 0.000 0.187s/rec
ep0 step 390/2500 loss 0.758 kl 0.000 anchor 0.000 0.185s/rec
ep0 step 400/2500 loss 0.465 kl 0.000 anchor 0.000 0.183s/rec
ep0 step 410/2500 loss 0.653 kl 0.000 anchor 0.000 0.181s/rec
ep0 step 420/2500 loss 0.574 kl 0.000 anchor 0.000 0.180s/rec
ep0 step 430/2500 loss 0.530 kl 0.000 anchor 0.000 0.179s/rec
ep0 step 440/2500 loss 0.614 kl 0.000 anchor 0.000 0.177s/rec
ep0 step 450/2500 loss 0.505 kl 0.000 anchor 0.000 0.176s/rec
ep0 step 460/2500 loss 0.576 kl 0.000 anchor 0.000 0.175s/rec
ep0 step 470/2500 loss 0.487 kl 0.000 anchor 0.000 0.175s/rec
ep0 step 480/2500 loss 0.428 kl 0.000 anchor 0.000 0.174s/rec
ep0 step 490/2500 loss 0.474 kl 0.000 anchor 0.000 0.172s/rec
ep0 step 500/2500 loss 0.294 kl 0.000 anchor 0.000 0.171s/rec
ep0 step 510/2500 loss 0.864 kl 0.000 anchor 0.000 0.170s/rec
ep0 step 520/2500 loss 0.659 kl 0.000 anchor 0.000 0.169s/rec
ep0 step 530/2500 loss 0.534 kl 0.000 anchor 0.000 0.168s/rec
ep0 step 540/2500 loss 1.105 kl 0.000 anchor 0.000 0.167s/rec
ep0 step 550/2500 loss 0.648 kl 0.000 anchor 0.000 0.166s/rec
ep0 step 560/2500 loss 0.567 kl 0.000 anchor 0.000 0.166s/rec
ep0 step 570/2500 loss 0.506 kl 0.000 anchor 0.000 0.165s/rec
ep0 step 580/2500 loss 0.462 kl 0.000 anchor 0.000 0.164s/rec
ep0 step 590/2500 loss 0.568 kl 0.000 anchor 0.000 0.164s/rec
ep0 step 600/2500 loss 0.566 kl 0.000 anchor 0.000 0.163s/rec
ep0 step 610/2500 loss 0.553 kl 0.000 anchor 0.000 0.162s/rec
ep0 step 620/2500 loss 0.670 kl 0.000 anchor 0.000 0.162s/rec
ep0 step 630/2500 loss 0.621 kl 0.000 anchor 0.000 0.161s/rec
ep0 step 640/2500 loss 0.484 kl 0.000 anchor 0.000 0.160s/rec
ep0 step 650/2500 loss 0.594 kl 0.000 anchor 0.000 0.160s/rec
ep0 step 660/2500 loss 0.453 kl 0.000 anchor 0.000 0.159s/rec
ep0 step 670/2500 loss 0.458 kl 0.000 anchor 0.000 0.159s/rec
ep0 step 680/2500 loss 0.469 kl 0.000 anchor 0.000 0.158s/rec
ep0 step 690/2500 loss 0.463 kl 0.000 anchor 0.000 0.158s/rec
ep0 step 700/2500 loss 0.272 kl 0.000 anchor 0.000 0.157s/rec
ep0 step 710/2500 loss 0.504 kl 0.000 anchor 0.000 0.157s/rec
ep0 step 720/2500 loss 0.483 kl 0.000 anchor 0.000 0.156s/rec
ep0 step 730/2500 loss 0.402 kl 0.000 anchor 0.000 0.156s/rec
ep0 step 740/2500 loss 0.474 kl 0.000 anchor 0.000 0.156s/rec
ep0 step 750/2500 loss 0.641 kl 0.000 anchor 0.000 0.155s/rec
ep0 step 760/2500 loss 0.829 kl 0.000 anchor 0.000 0.155s/rec
ep0 step 770/2500 loss 0.502 kl 0.000 anchor 0.000 0.154s/rec
ep0 step 780/2500 loss 0.393 kl 0.000 anchor 0.000 0.154s/rec
ep0 step 790/2500 loss 0.612 kl 0.000 anchor 0.000 0.154s/rec
ep0 step 800/2500 loss 0.500 kl 0.000 anchor 0.000 0.153s/rec
ep0 step 810/2500 loss 0.512 kl 0.000 anchor 0.000 0.153s/rec
ep0 step 820/2500 loss 0.474 kl 0.000 anchor 0.000 0.152s/rec
ep0 step 830/2500 loss 0.568 kl 0.000 anchor 0.000 0.152s/rec
ep0 step 840/2500 loss 0.565 kl 0.000 anchor 0.000 0.152s/rec
ep0 step 850/2500 loss 0.379 kl 0.000 anchor 0.000 0.151s/rec
ep0 step 860/2500 loss 0.506 kl 0.000 anchor 0.000 0.151s/rec
ep0 step 870/2500 loss 0.612 kl 0.000 anchor 0.000 0.151s/rec
ep0 step 880/2500 loss 0.427 kl 0.000 anchor 0.000 0.150s/rec
ep0 step 890/2500 loss 0.610 kl 0.000 anchor 0.000 0.150s/rec
ep0 step 900/2500 loss 0.484 kl 0.000 anchor 0.000 0.150s/rec
ep0 step 910/2500 loss 0.385 kl 0.000 anchor 0.000 0.149s/rec
ep0 step 920/2500 loss 0.786 kl 0.000 anchor 0.000 0.149s/rec
ep0 step 930/2500 loss 0.554 kl 0.000 anchor 0.000 0.149s/rec
ep0 step 940/2500 loss 0.480 kl 0.000 anchor 0.000 0.149s/rec
ep0 step 950/2500 loss 0.630 kl 0.000 anchor 0.000 0.148s/rec
ep0 step 960/2500 loss 0.345 kl 0.000 anchor 0.000 0.148s/rec
ep0 step 970/2500 loss 0.273 kl 0.000 anchor 0.000 0.148s/rec
ep0 step 980/2500 loss 0.442 kl 0.000 anchor 0.000 0.147s/rec
ep0 step 990/2500 loss 0.832 kl 0.000 anchor 0.000 0.147s/rec
ep0 step 1000/2500 loss 0.290 kl 0.000 anchor 0.000 0.147s/rec
ep0 step 1010/2500 loss 0.647 kl 0.000 anchor 0.000 0.147s/rec
ep0 step 1020/2500 loss 0.463 kl 0.000 anchor 0.000 0.147s/rec
ep0 step 1030/2500 loss 0.746 kl 0.000 anchor 0.000 0.146s/rec
ep0 step 1040/2500 loss 0.550 kl 0.000 anchor 0.000 0.146s/rec
ep0 step 1050/2500 loss 0.318 kl 0.000 anchor 0.000 0.146s/rec
ep0 step 1060/2500 loss 0.338 kl 0.000 anchor 0.000 0.146s/rec
ep0 step 1070/2500 loss 0.745 kl 0.000 anchor 0.000 0.145s/rec
ep0 step 1080/2500 loss 0.390 kl 0.000 anchor 0.000 0.145s/rec
ep0 step 1090/2500 loss 0.408 kl 0.000 anchor 0.000 0.145s/rec
ep0 step 1100/2500 loss 0.564 kl 0.000 anchor 0.000 0.145s/rec
ep0 step 1110/2500 loss 0.529 kl 0.000 anchor 0.000 0.145s/rec
ep0 step 1120/2500 loss 0.456 kl 0.000 anchor 0.000 0.144s/rec
ep0 step 1130/2500 loss 0.471 kl 0.000 anchor 0.000 0.144s/rec
ep0 step 1140/2500 loss 0.514 kl 0.000 anchor 0.000 0.144s/rec
ep0 step 1150/2500 loss 0.479 kl 0.000 anchor 0.000 0.143s/rec
ep0 step 1160/2500 loss 0.465 kl 0.000 anchor 0.000 0.143s/rec
ep0 step 1170/2500 loss 0.343 kl 0.000 anchor 0.000 0.143s/rec
ep0 step 1180/2500 loss 0.411 kl 0.000 anchor 0.000 0.143s/rec
ep0 step 1190/2500 loss 0.527 kl 0.000 anchor 0.000 0.142s/rec
ep0 step 1200/2500 loss 0.535 kl 0.000 anchor 0.000 0.142s/rec
ep0 step 1210/2500 loss 0.561 kl 0.000 anchor 0.000 0.142s/rec
ep0 step 1220/2500 loss 0.467 kl 0.000 anchor 0.000 0.142s/rec
ep0 step 1230/2500 loss 0.612 kl 0.000 anchor 0.000 0.142s/rec
ep0 step 1240/2500 loss 0.668 kl 0.000 anchor 0.000 0.142s/rec
ep0 step 1250/2500 loss 0.454 kl 0.000 anchor 0.000 0.142s/rec
ep1 step 1260/2500 loss 0.252 kl 0.000 anchor 0.000 0.141s/rec
ep1 step 1270/2500 loss 0.322 kl 0.000 anchor 0.000 0.141s/rec
ep1 step 1280/2500 loss 0.877 kl 0.000 anchor 0.000 0.141s/rec
ep1 step 1290/2500 loss 0.318 kl 0.000 anchor 0.000 0.141s/rec
ep1 step 1300/2500 loss 0.398 kl 0.000 anchor 0.000 0.141s/rec
ep1 step 1310/2500 loss 0.376 kl 0.000 anchor 0.000 0.141s/rec
ep1 step 1320/2500 loss 0.419 kl 0.000 anchor 0.000 0.141s/rec
ep1 step 1330/2500 loss 0.227 kl 0.000 anchor 0.000 0.140s/rec
ep1 step 1340/2500 loss 0.161 kl 0.000 anchor 0.000 0.140s/rec
ep1 step 1350/2500 loss 0.323 kl 0.000 anchor 0.000 0.140s/rec
ep1 step 1360/2500 loss 0.672 kl 0.000 anchor 0.000 0.140s/rec
ep1 step 1370/2500 loss 0.227 kl 0.000 anchor 0.000 0.140s/rec
ep1 step 1380/2500 loss 0.185 kl 0.000 anchor 0.000 0.140s/rec
ep1 step 1390/2500 loss 0.520 kl 0.000 anchor 0.000 0.140s/rec
ep1 step 1400/2500 loss 0.210 kl 0.000 anchor 0.000 0.140s/rec
ep1 step 1410/2500 loss 0.214 kl 0.000 anchor 0.000 0.139s/rec
ep1 step 1420/2500 loss 0.240 kl 0.000 anchor 0.000 0.139s/rec
ep1 step 1430/2500 loss 0.568 kl 0.000 anchor 0.000 0.139s/rec
ep1 step 1440/2500 loss 0.473 kl 0.000 anchor 0.000 0.139s/rec
ep1 step 1450/2500 loss 0.274 kl 0.000 anchor 0.000 0.139s/rec
ep1 step 1460/2500 loss 0.459 kl 0.000 anchor 0.000 0.139s/rec
ep1 step 1470/2500 loss 0.308 kl 0.000 anchor 0.000 0.139s/rec
ep1 step 1480/2500 loss 0.236 kl 0.000 anchor 0.000 0.139s/rec
ep1 step 1490/2500 loss 0.234 kl 0.000 anchor 0.000 0.139s/rec
ep1 step 1500/2500 loss 0.484 kl 0.000 anchor 0.000 0.139s/rec
ep1 step 1510/2500 loss 0.305 kl 0.000 anchor 0.000 0.139s/rec
ep1 step 1520/2500 loss 0.220 kl 0.000 anchor 0.000 0.138s/rec
ep1 step 1530/2500 loss 0.396 kl 0.000 anchor 0.000 0.138s/rec
ep1 step 1540/2500 loss 0.343 kl 0.000 anchor 0.000 0.138s/rec
ep1 step 1550/2500 loss 0.439 kl 0.000 anchor 0.000 0.138s/rec
ep1 step 1560/2500 loss 0.305 kl 0.000 anchor 0.000 0.138s/rec
ep1 step 1570/2500 loss 0.566 kl 0.000 anchor 0.000 0.138s/rec
ep1 step 1580/2500 loss 0.434 kl 0.000 anchor 0.000 0.138s/rec
ep1 step 1590/2500 loss 0.600 kl 0.000 anchor 0.000 0.138s/rec
ep1 step 1600/2500 loss 0.297 kl 0.000 anchor 0.000 0.138s/rec
ep1 step 1610/2500 loss 0.271 kl 0.000 anchor 0.000 0.138s/rec
ep1 step 1620/2500 loss 0.129 kl 0.000 anchor 0.000 0.138s/rec
ep1 step 1630/2500 loss 0.503 kl 0.000 anchor 0.000 0.137s/rec
ep1 step 1640/2500 loss 0.288 kl 0.000 anchor 0.000 0.137s/rec
ep1 step 1650/2500 loss 0.508 kl 0.000 anchor 0.000 0.137s/rec
ep1 step 1660/2500 loss 0.337 kl 0.000 anchor 0.000 0.137s/rec
ep1 step 1670/2500 loss 0.239 kl 0.000 anchor 0.000 0.137s/rec
ep1 step 1680/2500 loss 0.321 kl 0.000 anchor 0.000 0.137s/rec
ep1 step 1690/2500 loss 0.314 kl 0.000 anchor 0.000 0.137s/rec
ep1 step 1700/2500 loss 0.237 kl 0.000 anchor 0.000 0.137s/rec
ep1 step 1710/2500 loss 0.200 kl 0.000 anchor 0.000 0.137s/rec
ep1 step 1720/2500 loss 0.247 kl 0.000 anchor 0.000 0.137s/rec
ep1 step 1730/2500 loss 0.206 kl 0.000 anchor 0.000 0.136s/rec
ep1 step 1740/2500 loss 0.358 kl 0.000 anchor 0.000 0.136s/rec
ep1 step 1750/2500 loss 0.608 kl 0.000 anchor 0.000 0.136s/rec
ep1 step 1760/2500 loss 0.591 kl 0.000 anchor 0.000 0.136s/rec
ep1 step 1770/2500 loss 0.246 kl 0.000 anchor 0.000 0.136s/rec
ep1 step 1780/2500 loss 0.237 kl 0.000 anchor 0.000 0.136s/rec
ep1 step 1790/2500 loss 0.398 kl 0.000 anchor 0.000 0.136s/rec
ep1 step 1800/2500 loss 0.261 kl 0.000 anchor 0.000 0.136s/rec
ep1 step 1810/2500 loss 0.424 kl 0.000 anchor 0.000 0.136s/rec
ep1 step 1820/2500 loss 0.189 kl 0.000 anchor 0.000 0.135s/rec
ep1 step 1830/2500 loss 0.474 kl 0.000 anchor 0.000 0.135s/rec
ep1 step 1840/2500 loss 0.223 kl 0.000 anchor 0.000 0.135s/rec
ep1 step 1850/2500 loss 0.247 kl 0.000 anchor 0.000 0.135s/rec
ep1 step 1860/2500 loss 0.276 kl 0.000 anchor 0.000 0.135s/rec
ep1 step 1870/2500 loss 0.346 kl 0.000 anchor 0.000 0.135s/rec
ep1 step 1880/2500 loss 0.308 kl 0.000 anchor 0.000 0.135s/rec
ep1 step 1890/2500 loss 0.278 kl 0.000 anchor 0.000 0.135s/rec
ep1 step 1900/2500 loss 0.214 kl 0.000 anchor 0.000 0.135s/rec
ep1 step 1910/2500 loss 0.313 kl 0.000 anchor 0.000 0.135s/rec
ep1 step 1920/2500 loss 0.235 kl 0.000 anchor 0.000 0.135s/rec
ep1 step 1930/2500 loss 0.143 kl 0.000 anchor 0.000 0.135s/rec
ep1 step 1940/2500 loss 0.306 kl 0.000 anchor 0.000 0.134s/rec
ep1 step 1950/2500 loss 0.234 kl 0.000 anchor 0.000 0.134s/rec
ep1 step 1960/2500 loss 0.280 kl 0.000 anchor 0.000 0.134s/rec
ep1 step 1970/2500 loss 0.361 kl 0.000 anchor 0.000 0.134s/rec
ep1 step 1980/2500 loss 0.345 kl 0.000 anchor 0.000 0.134s/rec
ep1 step 1990/2500 loss 0.567 kl 0.000 anchor 0.000 0.134s/rec
ep1 step 2000/2500 loss 0.665 kl 0.000 anchor 0.000 0.134s/rec
ep1 step 2010/2500 loss 0.207 kl 0.000 anchor 0.000 0.134s/rec
ep1 step 2020/2500 loss 0.235 kl 0.000 anchor 0.000 0.134s/rec
ep1 step 2030/2500 loss 0.515 kl 0.000 anchor 0.000 0.134s/rec
ep1 step 2040/2500 loss 0.449 kl 0.000 anchor 0.000 0.134s/rec
ep1 step 2050/2500 loss 0.401 kl 0.000 anchor 0.000 0.134s/rec
ep1 step 2060/2500 loss 0.283 kl 0.000 anchor 0.000 0.134s/rec
ep1 step 2070/2500 loss 0.271 kl 0.000 anchor 0.000 0.133s/rec
ep1 step 2080/2500 loss 0.306 kl 0.000 anchor 0.000 0.133s/rec
ep1 step 2090/2500 loss 0.239 kl 0.000 anchor 0.000 0.133s/rec
ep1 step 2100/2500 loss 0.295 kl 0.000 anchor 0.000 0.133s/rec
ep1 step 2110/2500 loss 0.257 kl 0.000 anchor 0.000 0.133s/rec
ep1 step 2120/2500 loss 0.407 kl 0.000 anchor 0.000 0.133s/rec
ep1 step 2130/2500 loss 0.500 kl 0.000 anchor 0.000 0.133s/rec
ep1 step 2140/2500 loss 0.265 kl 0.000 anchor 0.000 0.133s/rec
ep1 step 2150/2500 loss 0.222 kl 0.000 anchor 0.000 0.133s/rec
ep1 step 2160/2500 loss 0.195 kl 0.000 anchor 0.000 0.133s/rec
ep1 step 2170/2500 loss 0.389 kl 0.000 anchor 0.000 0.133s/rec
ep1 step 2180/2500 loss 0.336 kl 0.000 anchor 0.000 0.133s/rec
ep1 step 2190/2500 loss 0.324 kl 0.000 anchor 0.000 0.133s/rec
ep1 step 2200/2500 loss 0.233 kl 0.000 anchor 0.000 0.133s/rec
ep1 step 2210/2500 loss 0.184 kl 0.000 anchor 0.000 0.132s/rec
ep1 step 2220/2500 loss 0.278 kl 0.000 anchor 0.000 0.132s/rec
ep1 step 2230/2500 loss 0.283 kl 0.000 anchor 0.000 0.132s/rec
ep1 step 2240/2500 loss 0.358 kl 0.000 anchor 0.000 0.132s/rec
ep1 step 2250/2500 loss 0.178 kl 0.000 anchor 0.000 0.132s/rec
ep1 step 2260/2500 loss 0.236 kl 0.000 anchor 0.000 0.132s/rec
ep1 step 2270/2500 loss 0.184 kl 0.000 anchor 0.000 0.132s/rec
ep1 step 2280/2500 loss 0.279 kl 0.000 anchor 0.000 0.132s/rec
ep1 step 2290/2500 loss 0.354 kl 0.000 anchor 0.000 0.132s/rec
ep1 step 2300/2500 loss 0.417 kl 0.000 anchor 0.000 0.132s/rec
ep1 step 2310/2500 loss 0.254 kl 0.000 anchor 0.000 0.132s/rec
ep1 step 2320/2500 loss 0.242 kl 0.000 anchor 0.000 0.132s/rec
ep1 step 2330/2500 loss 0.368 kl 0.000 anchor 0.000 0.132s/rec
ep1 step 2340/2500 loss 0.215 kl 0.000 anchor 0.000 0.132s/rec
ep1 step 2350/2500 loss 0.239 kl 0.000 anchor 0.000 0.131s/rec
ep1 step 2360/2500 loss 0.195 kl 0.000 anchor 0.000 0.131s/rec
ep1 step 2370/2500 loss 0.149 kl 0.000 anchor 0.000 0.131s/rec
ep1 step 2380/2500 loss 0.148 kl 0.000 anchor 0.000 0.131s/rec
ep1 step 2390/2500 loss 0.217 kl 0.000 anchor 0.000 0.131s/rec
ep1 step 2400/2500 loss 0.232 kl 0.000 anchor 0.000 0.131s/rec
ep1 step 2410/2500 loss 0.188 kl 0.000 anchor 0.000 0.131s/rec
ep1 step 2420/2500 loss 0.455 kl 0.000 anchor 0.000 0.131s/rec
ep1 step 2430/2500 loss 0.134 kl 0.000 anchor 0.000 0.131s/rec
ep1 step 2440/2500 loss 0.160 kl 0.000 anchor 0.000 0.131s/rec
ep1 step 2450/2500 loss 0.433 kl 0.000 anchor 0.000 0.131s/rec
ep1 step 2460/2500 loss 0.295 kl 0.000 anchor 0.000 0.131s/rec
ep1 step 2470/2500 loss 0.426 kl 0.000 anchor 0.000 0.131s/rec
ep1 step 2480/2500 loss 0.134 kl 0.000 anchor 0.000 0.131s/rec
ep1 step 2490/2500 loss 0.302 kl 0.000 anchor 0.000 0.131s/rec
ep1 step 2500/2500 loss 0.278 kl 0.000 anchor 0.000 0.131s/rec
saved /runs/q35-4b-nopolicy/00-trial-0/checkpoint
