Warning: You are sending unauthenticated requests to the HF Hub. Please set a HF_TOKEN to enable higher rate limits and faster downloads.
device=cuda trainable params=45.4M
12576 training requests (holdout=[]), questions by type {'score': 3448, 'noul': 5224, 'choice': 6904}
[transformers] `causal_conv1d_fn` is falling back to its reference PyTorch implementation because `causal_conv1d` is not installed. This is correct but much slower; install `causal_conv1d` for the optimized kernel.
ep0 step 10/3144 loss 2.078 kl 0.000 anchor 0.000 1.970s/rec
ep0 step 20/3144 loss 1.529 kl 0.000 anchor 0.000 1.134s/rec
ep0 step 30/3144 loss 1.617 kl 0.000 anchor 0.000 0.804s/rec
ep0 step 40/3144 loss 1.502 kl 0.000 anchor 0.000 0.636s/rec
ep0 step 50/3144 loss 1.630 kl 0.000 anchor 0.000 0.558s/rec
ep0 step 60/3144 loss 1.365 kl 0.000 anchor 0.000 0.493s/rec
ep0 step 70/3144 loss 1.259 kl 0.000 anchor 0.000 0.453s/rec
ep0 step 80/3144 loss 1.155 kl 0.000 anchor 0.000 0.422s/rec
ep0 step 90/3144 loss 1.050 kl 0.000 anchor 0.000 0.395s/rec
ep0 step 100/3144 loss 1.040 kl 0.000 anchor 0.000 0.378s/rec
ep0 step 110/3144 loss 0.897 kl 0.000 anchor 0.000 0.362s/rec
ep0 step 120/3144 loss 0.670 kl 0.000 anchor 0.000 0.351s/rec
ep0 step 130/3144 loss 0.965 kl 0.000 anchor 0.000 0.337s/rec
ep0 step 140/3144 loss 0.649 kl 0.000 anchor 0.000 0.331s/rec
ep0 step 150/3144 loss 0.969 kl 0.000 anchor 0.000 0.323s/rec
ep0 step 160/3144 loss 0.656 kl 0.000 anchor 0.000 0.315s/rec
ep0 step 170/3144 loss 0.738 kl 0.000 anchor 0.000 0.308s/rec
ep0 step 180/3144 loss 0.872 kl 0.000 anchor 0.000 0.303s/rec
ep0 step 190/3144 loss 0.604 kl 0.000 anchor 0.000 0.296s/rec
ep0 step 200/3144 loss 0.612 kl 0.000 anchor 0.000 0.291s/rec
ep0 step 210/3144 loss 0.795 kl 0.000 anchor 0.000 0.289s/rec
ep0 step 220/3144 loss 0.664 kl 0.000 anchor 0.000 0.285s/rec
ep0 step 230/3144 loss 0.494 kl 0.000 anchor 0.000 0.281s/rec
ep0 step 240/3144 loss 0.637 kl 0.000 anchor 0.000 0.285s/rec
ep0 step 250/3144 loss 0.474 kl 0.000 anchor 0.000 0.283s/rec
ep0 step 260/3144 loss 0.683 kl 0.000 anchor 0.000 0.280s/rec
ep0 step 270/3144 loss 0.992 kl 0.000 anchor 0.000 0.278s/rec
ep0 step 280/3144 loss 0.744 kl 0.000 anchor 0.000 0.276s/rec
ep0 step 290/3144 loss 0.683 kl 0.000 anchor 0.000 0.274s/rec
ep0 step 300/3144 loss 0.463 kl 0.000 anchor 0.000 0.271s/rec
ep0 step 310/3144 loss 0.584 kl 0.000 anchor 0.000 0.269s/rec
ep0 step 320/3144 loss 0.598 kl 0.000 anchor 0.000 0.268s/rec
ep0 step 330/3144 loss 0.665 kl 0.000 anchor 0.000 0.266s/rec
ep0 step 340/3144 loss 0.439 kl 0.000 anchor 0.000 0.265s/rec
ep0 step 350/3144 loss 0.557 kl 0.000 anchor 0.000 0.264s/rec
ep0 step 360/3144 loss 0.558 kl 0.000 anchor 0.000 0.263s/rec
ep0 step 370/3144 loss 0.576 kl 0.000 anchor 0.000 0.261s/rec
ep0 step 380/3144 loss 0.611 kl 0.000 anchor 0.000 0.260s/rec
ep0 step 390/3144 loss 0.472 kl 0.000 anchor 0.000 0.259s/rec
ep0 step 400/3144 loss 0.689 kl 0.000 anchor 0.000 0.258s/rec
ep0 step 410/3144 loss 0.444 kl 0.000 anchor 0.000 0.257s/rec
ep0 step 420/3144 loss 0.471 kl 0.000 anchor 0.000 0.256s/rec
ep0 step 430/3144 loss 0.507 kl 0.000 anchor 0.000 0.255s/rec
ep0 step 440/3144 loss 0.443 kl 0.000 anchor 0.000 0.254s/rec
ep0 step 450/3144 loss 0.617 kl 0.000 anchor 0.000 0.253s/rec
ep0 step 460/3144 loss 0.459 kl 0.000 anchor 0.000 0.252s/rec
ep0 step 470/3144 loss 0.573 kl 0.000 anchor 0.000 0.252s/rec
ep0 step 480/3144 loss 0.535 kl 0.000 anchor 0.000 0.251s/rec
ep0 step 490/3144 loss 0.370 kl 0.000 anchor 0.000 0.251s/rec
ep0 step 500/3144 loss 0.302 kl 0.000 anchor 0.000 0.249s/rec
ep0 step 510/3144 loss 0.420 kl 0.000 anchor 0.000 0.248s/rec
ep0 step 520/3144 loss 0.633 kl 0.000 anchor 0.000 0.248s/rec
ep0 step 530/3144 loss 0.331 kl 0.000 anchor 0.000 0.247s/rec
ep0 step 540/3144 loss 0.568 kl 0.000 anchor 0.000 0.246s/rec
ep0 step 550/3144 loss 0.658 kl 0.000 anchor 0.000 0.246s/rec
ep0 step 560/3144 loss 0.559 kl 0.000 anchor 0.000 0.245s/rec
ep0 step 570/3144 loss 0.546 kl 0.000 anchor 0.000 0.245s/rec
ep0 step 580/3144 loss 0.458 kl 0.000 anchor 0.000 0.244s/rec
ep0 step 590/3144 loss 0.416 kl 0.000 anchor 0.000 0.244s/rec
ep0 step 600/3144 loss 0.279 kl 0.000 anchor 0.000 0.243s/rec
ep0 step 610/3144 loss 0.436 kl 0.000 anchor 0.000 0.243s/rec
ep0 step 620/3144 loss 0.525 kl 0.000 anchor 0.000 0.242s/rec
ep0 step 630/3144 loss 0.442 kl 0.000 anchor 0.000 0.242s/rec
ep0 step 640/3144 loss 0.385 kl 0.000 anchor 0.000 0.241s/rec
ep0 step 650/3144 loss 0.645 kl 0.000 anchor 0.000 0.241s/rec
ep0 step 660/3144 loss 0.662 kl 0.000 anchor 0.000 0.240s/rec
ep0 step 670/3144 loss 0.403 kl 0.000 anchor 0.000 0.240s/rec
ep0 step 680/3144 loss 0.661 kl 0.000 anchor 0.000 0.240s/rec
ep0 step 690/3144 loss 0.435 kl 0.000 anchor 0.000 0.239s/rec
ep0 step 700/3144 loss 0.438 kl 0.000 anchor 0.000 0.239s/rec
ep0 step 710/3144 loss 0.541 kl 0.000 anchor 0.000 0.238s/rec
ep0 step 720/3144 loss 0.425 kl 0.000 anchor 0.000 0.238s/rec
ep0 step 730/3144 loss 0.539 kl 0.000 anchor 0.000 0.238s/rec
ep0 step 740/3144 loss 0.499 kl 0.000 anchor 0.000 0.238s/rec
ep0 step 750/3144 loss 0.361 kl 0.000 anchor 0.000 0.237s/rec
ep0 step 760/3144 loss 0.418 kl 0.000 anchor 0.000 0.237s/rec
ep0 step 770/3144 loss 0.756 kl 0.000 anchor 0.000 0.237s/rec
ep0 step 780/3144 loss 0.679 kl 0.000 anchor 0.000 0.236s/rec
ep0 step 790/3144 loss 0.367 kl 0.000 anchor 0.000 0.236s/rec
ep0 step 800/3144 loss 0.537 kl 0.000 anchor 0.000 0.235s/rec
ep0 step 810/3144 loss 0.707 kl 0.000 anchor 0.000 0.235s/rec
ep0 step 820/3144 loss 0.340 kl 0.000 anchor 0.000 0.235s/rec
ep0 step 830/3144 loss 0.659 kl 0.000 anchor 0.000 0.234s/rec
ep0 step 840/3144 loss 0.473 kl 0.000 anchor 0.000 0.234s/rec
ep0 step 850/3144 loss 0.428 kl 0.000 anchor 0.000 0.234s/rec
ep0 step 860/3144 loss 0.443 kl 0.000 anchor 0.000 0.233s/rec
ep0 step 870/3144 loss 0.770 kl 0.000 anchor 0.000 0.233s/rec
ep0 step 880/3144 loss 0.422 kl 0.000 anchor 0.000 0.233s/rec
ep0 step 890/3144 loss 0.505 kl 0.000 anchor 0.000 0.233s/rec
ep0 step 900/3144 loss 0.457 kl 0.000 anchor 0.000 0.232s/rec
ep0 step 910/3144 loss 0.650 kl 0.000 anchor 0.000 0.232s/rec
ep0 step 920/3144 loss 0.324 kl 0.000 anchor 0.000 0.232s/rec
ep0 step 930/3144 loss 0.367 kl 0.000 anchor 0.000 0.232s/rec
ep0 step 940/3144 loss 0.452 kl 0.000 anchor 0.000 0.232s/rec
ep0 step 950/3144 loss 0.372 kl 0.000 anchor 0.000 0.231s/rec
ep0 step 960/3144 loss 0.496 kl 0.000 anchor 0.000 0.231s/rec
ep0 step 970/3144 loss 0.358 kl 0.000 anchor 0.000 0.230s/rec
ep0 step 980/3144 loss 0.932 kl 0.000 anchor 0.000 0.230s/rec
ep0 step 990/3144 loss 0.481 kl 0.000 anchor 0.000 0.230s/rec
ep0 step 1000/3144 loss 0.585 kl 0.000 anchor 0.000 0.229s/rec
ep0 step 1010/3144 loss 0.489 kl 0.000 anchor 0.000 0.229s/rec
ep0 step 1020/3144 loss 0.469 kl 0.000 anchor 0.000 0.229s/rec
ep0 step 1030/3144 loss 0.460 kl 0.000 anchor 0.000 0.229s/rec
ep0 step 1040/3144 loss 0.379 kl 0.000 anchor 0.000 0.228s/rec
ep0 step 1050/3144 loss 0.787 kl 0.000 anchor 0.000 0.228s/rec
ep0 step 1060/3144 loss 0.596 kl 0.000 anchor 0.000 0.228s/rec
ep0 step 1070/3144 loss 0.546 kl 0.000 anchor 0.000 0.228s/rec
ep0 step 1080/3144 loss 0.423 kl 0.000 anchor 0.000 0.228s/rec
ep0 step 1090/3144 loss 0.405 kl 0.000 anchor 0.000 0.228s/rec
ep0 step 1100/3144 loss 0.407 kl 0.000 anchor 0.000 0.228s/rec
ep0 step 1110/3144 loss 0.564 kl 0.000 anchor 0.000 0.228s/rec
ep0 step 1120/3144 loss 0.490 kl 0.000 anchor 0.000 0.227s/rec
ep0 step 1130/3144 loss 0.259 kl 0.000 anchor 0.000 0.227s/rec
ep0 step 1140/3144 loss 0.764 kl 0.000 anchor 0.000 0.227s/rec
ep0 step 1150/3144 loss 0.579 kl 0.000 anchor 0.000 0.227s/rec
ep0 step 1160/3144 loss 0.505 kl 0.000 anchor 0.000 0.226s/rec
ep0 step 1170/3144 loss 0.563 kl 0.000 anchor 0.000 0.227s/rec
ep0 step 1180/3144 loss 0.595 kl 0.000 anchor 0.000 0.227s/rec
ep0 step 1190/3144 loss 0.350 kl 0.000 anchor 0.000 0.227s/rec
ep0 step 1200/3144 loss 0.313 kl 0.000 anchor 0.000 0.227s/rec
ep0 step 1210/3144 loss 0.259 kl 0.000 anchor 0.000 0.226s/rec
ep0 step 1220/3144 loss 0.719 kl 0.000 anchor 0.000 0.226s/rec
ep0 step 1230/3144 loss 0.397 kl 0.000 anchor 0.000 0.226s/rec
ep0 step 1240/3144 loss 0.438 kl 0.000 anchor 0.000 0.226s/rec
ep0 step 1250/3144 loss 0.481 kl 0.000 anchor 0.000 0.226s/rec
ep0 step 1260/3144 loss 0.400 kl 0.000 anchor 0.000 0.226s/rec
ep0 step 1270/3144 loss 0.556 kl 0.000 anchor 0.000 0.225s/rec
ep0 step 1280/3144 loss 0.358 kl 0.000 anchor 0.000 0.225s/rec
ep0 step 1290/3144 loss 0.444 kl 0.000 anchor 0.000 0.225s/rec
ep0 step 1300/3144 loss 0.395 kl 0.000 anchor 0.000 0.225s/rec
ep0 step 1310/3144 loss 0.367 kl 0.000 anchor 0.000 0.225s/rec
ep0 step 1320/3144 loss 0.302 kl 0.000 anchor 0.000 0.225s/rec
ep0 step 1330/3144 loss 0.343 kl 0.000 anchor 0.000 0.225s/rec
ep0 step 1340/3144 loss 0.457 kl 0.000 anchor 0.000 0.225s/rec
ep0 step 1350/3144 loss 0.377 kl 0.000 anchor 0.000 0.224s/rec
ep0 step 1360/3144 loss 0.307 kl 0.000 anchor 0.000 0.224s/rec
ep0 step 1370/3144 loss 0.557 kl 0.000 anchor 0.000 0.224s/rec
ep0 step 1380/3144 loss 0.301 kl 0.000 anchor 0.000 0.224s/rec
ep0 step 1390/3144 loss 0.445 kl 0.000 anchor 0.000 0.224s/rec
ep0 step 1400/3144 loss 0.532 kl 0.000 anchor 0.000 0.224s/rec
ep0 step 1410/3144 loss 0.187 kl 0.000 anchor 0.000 0.224s/rec
ep0 step 1420/3144 loss 0.557 kl 0.000 anchor 0.000 0.224s/rec
ep0 step 1430/3144 loss 0.460 kl 0.000 anchor 0.000 0.224s/rec
ep0 step 1440/3144 loss 0.370 kl 0.000 anchor 0.000 0.223s/rec
ep0 step 1450/3144 loss 0.332 kl 0.000 anchor 0.000 0.223s/rec
ep0 step 1460/3144 loss 0.516 kl 0.000 anchor 0.000 0.223s/rec
ep0 step 1470/3144 loss 0.243 kl 0.000 anchor 0.000 0.223s/rec
ep0 step 1480/3144 loss 0.443 kl 0.000 anchor 0.000 0.223s/rec
ep0 step 1490/3144 loss 0.326 kl 0.000 anchor 0.000 0.223s/rec
ep0 step 1500/3144 loss 0.246 kl 0.000 anchor 0.000 0.223s/rec
ep0 step 1510/3144 loss 0.373 kl 0.000 anchor 0.000 0.223s/rec
ep0 step 1520/3144 loss 0.323 kl 0.000 anchor 0.000 0.223s/rec
ep0 step 1530/3144 loss 0.283 kl 0.000 anchor 0.000 0.223s/rec
ep0 step 1540/3144 loss 0.325 kl 0.000 anchor 0.000 0.223s/rec
ep0 step 1550/3144 loss 0.405 kl 0.000 anchor 0.000 0.223s/rec
ep0 step 1560/3144 loss 0.518 kl 0.000 anchor 0.000 0.222s/rec
ep0 step 1570/3144 loss 0.460 kl 0.000 anchor 0.000 0.222s/rec
ep1 step 1580/3144 loss 0.301 kl 0.000 anchor 0.000 0.222s/rec
ep1 step 1590/3144 loss 0.231 kl 0.000 anchor 0.000 0.222s/rec
ep1 step 1600/3144 loss 0.180 kl 0.000 anchor 0.000 0.222s/rec
ep1 step 1610/3144 loss 0.456 kl 0.000 anchor 0.000 0.222s/rec
ep1 step 1620/3144 loss 0.279 kl 0.000 anchor 0.000 0.222s/rec
ep1 step 1630/3144 loss 0.415 kl 0.000 anchor 0.000 0.222s/rec
ep1 step 1640/3144 loss 0.204 kl 0.000 anchor 0.000 0.222s/rec
ep1 step 1650/3144 loss 0.134 kl 0.000 anchor 0.000 0.222s/rec
ep1 step 1660/3144 loss 0.350 kl 0.000 anchor 0.000 0.222s/rec
ep1 step 1670/3144 loss 0.280 kl 0.000 anchor 0.000 0.221s/rec
ep1 step 1680/3144 loss 0.320 kl 0.000 anchor 0.000 0.221s/rec
ep1 step 1690/3144 loss 0.445 kl 0.000 anchor 0.000 0.221s/rec
ep1 step 1700/3144 loss 0.301 kl 0.000 anchor 0.000 0.221s/rec
ep1 step 1710/3144 loss 0.269 kl 0.000 anchor 0.000 0.221s/rec
ep1 step 1720/3144 loss 0.448 kl 0.000 anchor 0.000 0.221s/rec
ep1 step 1730/3144 loss 0.407 kl 0.000 anchor 0.000 0.221s/rec
ep1 step 1740/3144 loss 0.405 kl 0.000 anchor 0.000 0.221s/rec
ep1 step 1750/3144 loss 0.224 kl 0.000 anchor 0.000 0.221s/rec
ep1 step 1760/3144 loss 0.300 kl 0.000 anchor 0.000 0.221s/rec
ep1 step 1770/3144 loss 0.356 kl 0.000 anchor 0.000 0.221s/rec
ep1 step 1780/3144 loss 0.219 kl 0.000 anchor 0.000 0.221s/rec
ep1 step 1790/3144 loss 0.300 kl 0.000 anchor 0.000 0.221s/rec
ep1 step 1800/3144 loss 0.255 kl 0.000 anchor 0.000 0.221s/rec
ep1 step 1810/3144 loss 0.260 kl 0.000 anchor 0.000 0.221s/rec
ep1 step 1820/3144 loss 0.505 kl 0.000 anchor 0.000 0.221s/rec
ep1 step 1830/3144 loss 0.375 kl 0.000 anchor 0.000 0.221s/rec
ep1 step 1840/3144 loss 0.591 kl 0.000 anchor 0.000 0.221s/rec
ep1 step 1850/3144 loss 0.479 kl 0.000 anchor 0.000 0.221s/rec
ep1 step 1860/3144 loss 0.437 kl 0.000 anchor 0.000 0.221s/rec
ep1 step 1870/3144 loss 0.197 kl 0.000 anchor 0.000 0.221s/rec
ep1 step 1880/3144 loss 0.332 kl 0.000 anchor 0.000 0.221s/rec
ep1 step 1890/3144 loss 0.439 kl 0.000 anchor 0.000 0.221s/rec
ep1 step 1900/3144 loss 0.252 kl 0.000 anchor 0.000 0.221s/rec
ep1 step 1910/3144 loss 0.515 kl 0.000 anchor 0.000 0.220s/rec
ep1 step 1920/3144 loss 0.220 kl 0.000 anchor 0.000 0.220s/rec
ep1 step 1930/3144 loss 0.690 kl 0.000 anchor 0.000 0.220s/rec
ep1 step 1940/3144 loss 0.294 kl 0.000 anchor 0.000 0.220s/rec
ep1 step 1950/3144 loss 0.226 kl 0.000 anchor 0.000 0.220s/rec
ep1 step 1960/3144 loss 0.335 kl 0.000 anchor 0.000 0.220s/rec
ep1 step 1970/3144 loss 0.340 kl 0.000 anchor 0.000 0.220s/rec
ep1 step 1980/3144 loss 0.294 kl 0.000 anchor 0.000 0.220s/rec
ep1 step 1990/3144 loss 0.139 kl 0.000 anchor 0.000 0.220s/rec
ep1 step 2000/3144 loss 0.292 kl 0.000 anchor 0.000 0.220s/rec
ep1 step 2010/3144 loss 0.379 kl 0.000 anchor 0.000 0.220s/rec
ep1 step 2020/3144 loss 0.201 kl 0.000 anchor 0.000 0.220s/rec
ep1 step 2030/3144 loss 0.375 kl 0.000 anchor 0.000 0.220s/rec
ep1 step 2040/3144 loss 0.384 kl 0.000 anchor 0.000 0.220s/rec
ep1 step 2050/3144 loss 0.359 kl 0.000 anchor 0.000 0.220s/rec
ep1 step 2060/3144 loss 0.174 kl 0.000 anchor 0.000 0.220s/rec
ep1 step 2070/3144 loss 0.286 kl 0.000 anchor 0.000 0.220s/rec
ep1 step 2080/3144 loss 0.183 kl 0.000 anchor 0.000 0.220s/rec
ep1 step 2090/3144 loss 0.132 kl 0.000 anchor 0.000 0.220s/rec
ep1 step 2100/3144 loss 0.164 kl 0.000 anchor 0.000 0.220s/rec
ep1 step 2110/3144 loss 0.311 kl 0.000 anchor 0.000 0.220s/rec
ep1 step 2120/3144 loss 0.283 kl 0.000 anchor 0.000 0.220s/rec
ep1 step 2130/3144 loss 0.416 kl 0.000 anchor 0.000 0.220s/rec
ep1 step 2140/3144 loss 0.309 kl 0.000 anchor 0.000 0.220s/rec
ep1 step 2150/3144 loss 0.277 kl 0.000 anchor 0.000 0.220s/rec
ep1 step 2160/3144 loss 0.312 kl 0.000 anchor 0.000 0.220s/rec
ep1 step 2170/3144 loss 0.340 kl 0.000 anchor 0.000 0.220s/rec
ep1 step 2180/3144 loss 0.186 kl 0.000 anchor 0.000 0.220s/rec
ep1 step 2190/3144 loss 0.191 kl 0.000 anchor 0.000 0.220s/rec
ep1 step 2200/3144 loss 0.294 kl 0.000 anchor 0.000 0.220s/rec
ep1 step 2210/3144 loss 0.286 kl 0.000 anchor 0.000 0.220s/rec
ep1 step 2220/3144 loss 0.164 kl 0.000 anchor 0.000 0.220s/rec
ep1 step 2230/3144 loss 0.249 kl 0.000 anchor 0.000 0.220s/rec
ep1 step 2240/3144 loss 0.331 kl 0.000 anchor 0.000 0.220s/rec
ep1 step 2250/3144 loss 0.228 kl 0.000 anchor 0.000 0.219s/rec
ep1 step 2260/3144 loss 0.186 kl 0.000 anchor 0.000 0.219s/rec
ep1 step 2270/3144 loss 0.204 kl 0.000 anchor 0.000 0.219s/rec
ep1 step 2280/3144 loss 0.382 kl 0.000 anchor 0.000 0.219s/rec
ep1 step 2290/3144 loss 0.226 kl 0.000 anchor 0.000 0.219s/rec
ep1 step 2300/3144 loss 0.339 kl 0.000 anchor 0.000 0.219s/rec
ep1 step 2310/3144 loss 0.181 kl 0.000 anchor 0.000 0.219s/rec
ep1 step 2320/3144 loss 0.202 kl 0.000 anchor 0.000 0.219s/rec
ep1 step 2330/3144 loss 0.237 kl 0.000 anchor 0.000 0.219s/rec
ep1 step 2340/3144 loss 0.261 kl 0.000 anchor 0.000 0.219s/rec
ep1 step 2350/3144 loss 0.387 kl 0.000 anchor 0.000 0.219s/rec
ep1 step 2360/3144 loss 0.392 kl 0.000 anchor 0.000 0.219s/rec
ep1 step 2370/3144 loss 0.244 kl 0.000 anchor 0.000 0.219s/rec
ep1 step 2380/3144 loss 0.631 kl 0.000 anchor 0.000 0.219s/rec
ep1 step 2390/3144 loss 0.408 kl 0.000 anchor 0.000 0.219s/rec
ep1 step 2400/3144 loss 0.235 kl 0.000 anchor 0.000 0.219s/rec
ep1 step 2410/3144 loss 0.318 kl 0.000 anchor 0.000 0.219s/rec
ep1 step 2420/3144 loss 0.253 kl 0.000 anchor 0.000 0.219s/rec
ep1 step 2430/3144 loss 0.153 kl 0.000 anchor 0.000 0.219s/rec
ep1 step 2440/3144 loss 0.267 kl 0.000 anchor 0.000 0.219s/rec
ep1 step 2450/3144 loss 0.184 kl 0.000 anchor 0.000 0.219s/rec
ep1 step 2460/3144 loss 0.482 kl 0.000 anchor 0.000 0.219s/rec
ep1 step 2470/3144 loss 0.134 kl 0.000 anchor 0.000 0.218s/rec
ep1 step 2480/3144 loss 0.235 kl 0.000 anchor 0.000 0.218s/rec
ep1 step 2490/3144 loss 0.426 kl 0.000 anchor 0.000 0.218s/rec
ep1 step 2500/3144 loss 0.461 kl 0.000 anchor 0.000 0.218s/rec
ep1 step 2510/3144 loss 0.380 kl 0.000 anchor 0.000 0.218s/rec
ep1 step 2520/3144 loss 0.402 kl 0.000 anchor 0.000 0.218s/rec
ep1 step 2530/3144 loss 0.225 kl 0.000 anchor 0.000 0.218s/rec
ep1 step 2540/3144 loss 0.273 kl 0.000 anchor 0.000 0.218s/rec
ep1 step 2550/3144 loss 0.333 kl 0.000 anchor 0.000 0.218s/rec
ep1 step 2560/3144 loss 0.234 kl 0.000 anchor 0.000 0.218s/rec
ep1 step 2570/3144 loss 0.405 kl 0.000 anchor 0.000 0.218s/rec
ep1 step 2580/3144 loss 0.140 kl 0.000 anchor 0.000 0.218s/rec
ep1 step 2590/3144 loss 0.188 kl 0.000 anchor 0.000 0.218s/rec
ep1 step 2600/3144 loss 0.259 kl 0.000 anchor 0.000 0.218s/rec
ep1 step 2610/3144 loss 0.147 kl 0.000 anchor 0.000 0.218s/rec
ep1 step 2620/3144 loss 0.306 kl 0.000 anchor 0.000 0.218s/rec
ep1 step 2630/3144 loss 0.223 kl 0.000 anchor 0.000 0.218s/rec
ep1 step 2640/3144 loss 0.302 kl 0.000 anchor 0.000 0.218s/rec
ep1 step 2650/3144 loss 0.140 kl 0.000 anchor 0.000 0.218s/rec
ep1 step 2660/3144 loss 0.143 kl 0.000 anchor 0.000 0.218s/rec
ep1 step 2670/3144 loss 0.305 kl 0.000 anchor 0.000 0.218s/rec
ep1 step 2680/3144 loss 0.204 kl 0.000 anchor 0.000 0.218s/rec
ep1 step 2690/3144 loss 0.396 kl 0.000 anchor 0.000 0.218s/rec
ep1 step 2700/3144 loss 0.371 kl 0.000 anchor 0.000 0.218s/rec
ep1 step 2710/3144 loss 0.458 kl 0.000 anchor 0.000 0.218s/rec
ep1 step 2720/3144 loss 0.244 kl 0.000 anchor 0.000 0.218s/rec
ep1 step 2730/3144 loss 0.348 kl 0.000 anchor 0.000 0.218s/rec
ep1 step 2740/3144 loss 0.297 kl 0.000 anchor 0.000 0.218s/rec
ep1 step 2750/3144 loss 0.433 kl 0.000 anchor 0.000 0.218s/rec
ep1 step 2760/3144 loss 0.117 kl 0.000 anchor 0.000 0.218s/rec
ep1 step 2770/3144 loss 0.352 kl 0.000 anchor 0.000 0.218s/rec
ep1 step 2780/3144 loss 0.289 kl 0.000 anchor 0.000 0.218s/rec
ep1 step 2790/3144 loss 0.183 kl 0.000 anchor 0.000 0.218s/rec
ep1 step 2800/3144 loss 0.321 kl 0.000 anchor 0.000 0.218s/rec
ep1 step 2810/3144 loss 0.189 kl 0.000 anchor 0.000 0.218s/rec
ep1 step 2820/3144 loss 0.174 kl 0.000 anchor 0.000 0.218s/rec
ep1 step 2830/3144 loss 0.159 kl 0.000 anchor 0.000 0.218s/rec
ep1 step 2840/3144 loss 0.266 kl 0.000 anchor 0.000 0.218s/rec
ep1 step 2850/3144 loss 0.129 kl 0.000 anchor 0.000 0.218s/rec
ep1 step 2860/3144 loss 0.376 kl 0.000 anchor 0.000 0.217s/rec
ep1 step 2870/3144 loss 0.300 kl 0.000 anchor 0.000 0.217s/rec
ep1 step 2880/3144 loss 0.278 kl 0.000 anchor 0.000 0.217s/rec
ep1 step 2890/3144 loss 0.304 kl 0.000 anchor 0.000 0.217s/rec
ep1 step 2900/3144 loss 0.205 kl 0.000 anchor 0.000 0.217s/rec
ep1 step 2910/3144 loss 0.367 kl 0.000 anchor 0.000 0.217s/rec
ep1 step 2920/3144 loss 0.107 kl 0.000 anchor 0.000 0.217s/rec
ep1 step 2930/3144 loss 0.166 kl 0.000 anchor 0.000 0.217s/rec
ep1 step 2940/3144 loss 0.218 kl 0.000 anchor 0.000 0.217s/rec
ep1 step 2950/3144 loss 0.368 kl 0.000 anchor 0.000 0.217s/rec
ep1 step 2960/3144 loss 0.309 kl 0.000 anchor 0.000 0.217s/rec
ep1 step 2970/3144 loss 0.458 kl 0.000 anchor 0.000 0.217s/rec
ep1 step 2980/3144 loss 0.290 kl 0.000 anchor 0.000 0.217s/rec
ep1 step 2990/3144 loss 0.114 kl 0.000 anchor 0.000 0.217s/rec
ep1 step 3000/3144 loss 0.220 kl 0.000 anchor 0.000 0.217s/rec
ep1 step 3010/3144 loss 0.364 kl 0.000 anchor 0.000 0.217s/rec
ep1 step 3020/3144 loss 0.506 kl 0.000 anchor 0.000 0.217s/rec
ep1 step 3030/3144 loss 0.383 kl 0.000 anchor 0.000 0.217s/rec
ep1 step 3040/3144 loss 0.214 kl 0.000 anchor 0.000 0.217s/rec
ep1 step 3050/3144 loss 0.371 kl 0.000 anchor 0.000 0.217s/rec
ep1 step 3060/3144 loss 0.314 kl 0.000 anchor 0.000 0.217s/rec
ep1 step 3070/3144 loss 0.428 kl 0.000 anchor 0.000 0.216s/rec
ep1 step 3080/3144 loss 0.179 kl 0.000 anchor 0.000 0.216s/rec
ep1 step 3090/3144 loss 0.277 kl 0.000 anchor 0.000 0.217s/rec
ep1 step 3100/3144 loss 0.206 kl 0.000 anchor 0.000 0.217s/rec
ep1 step 3110/3144 loss 0.272 kl 0.000 anchor 0.000 0.217s/rec
ep1 step 3120/3144 loss 0.264 kl 0.000 anchor 0.000 0.217s/rec
ep1 step 3130/3144 loss 0.355 kl 0.000 anchor 0.000 0.217s/rec
ep1 step 3140/3144 loss 0.255 kl 0.000 anchor 0.000 0.217s/rec
saved /runs/r4-q35-9b-inst2/00-trial-0/checkpoint
