Warning: You are sending unauthenticated requests to the HF Hub. Please set a HF_TOKEN to enable higher rate limits and faster downloads.
delta: warm start from /__modal/volumes/vo-kEMu8BkBAIrorAQI6V8f2D/hub/models--jaredpalmer--kev-4b/snapshots/f780095d6511e6304868ff46ca2b74ee3eba29d8: 496 adapter tensors and the pointer head loaded
device=cuda trainable params=33.8M
replay: 2000 of 12576 suite training records mixed with 900 from evals/night2/dates.jsonl
2900 training requests (holdout=[]), questions by type {'noul': 1152, 'score': 1131, 'choice': 1105}
[transformers] `causal_conv1d_fn` is falling back to its reference PyTorch implementation because `causal_conv1d` is not installed. This is correct but much slower; install `causal_conv1d` for the optimized kernel.
ep0 step 10/363 loss 0.198 kl 0.000 anchor 0.000 1.618s/rec
ep0 step 20/363 loss 0.293 kl 0.000 anchor 0.000 0.977s/rec
ep0 step 30/363 loss 0.180 kl 0.000 anchor 0.000 0.681s/rec
ep0 step 40/363 loss 0.157 kl 0.000 anchor 0.000 0.544s/rec
ep0 step 50/363 loss 0.249 kl 0.000 anchor 0.000 0.458s/rec
ep0 step 60/363 loss 0.263 kl 0.000 anchor 0.000 0.436s/rec
ep0 step 70/363 loss 0.114 kl 0.000 anchor 0.000 0.385s/rec
ep0 step 80/363 loss 0.301 kl 0.000 anchor 0.000 0.351s/rec
ep0 step 90/363 loss 0.320 kl 0.000 anchor 0.000 0.326s/rec
ep0 step 100/363 loss 0.208 kl 0.000 anchor 0.000 0.310s/rec
ep0 step 110/363 loss 0.251 kl 0.000 anchor 0.000 0.292s/rec
ep0 step 120/363 loss 0.356 kl 0.000 anchor 0.000 0.274s/rec
ep0 step 130/363 loss 0.107 kl 0.000 anchor 0.000 0.261s/rec
ep0 step 140/363 loss 0.209 kl 0.000 anchor 0.000 0.249s/rec
ep0 step 150/363 loss 0.325 kl 0.000 anchor 0.000 0.240s/rec
ep0 step 160/363 loss 0.082 kl 0.000 anchor 0.000 0.232s/rec
ep0 step 170/363 loss 0.159 kl 0.000 anchor 0.000 0.225s/rec
ep0 step 180/363 loss 0.333 kl 0.000 anchor 0.000 0.220s/rec
ep0 step 190/363 loss 0.302 kl 0.000 anchor 0.000 0.213s/rec
ep0 step 200/363 loss 0.161 kl 0.000 anchor 0.000 0.207s/rec
ep0 step 210/363 loss 0.264 kl 0.000 anchor 0.000 0.203s/rec
ep0 step 220/363 loss 0.184 kl 0.000 anchor 0.000 0.199s/rec
ep0 step 230/363 loss 0.374 kl 0.000 anchor 0.000 0.196s/rec
ep0 step 240/363 loss 0.109 kl 0.000 anchor 0.000 0.192s/rec
ep0 step 250/363 loss 0.179 kl 0.000 anchor 0.000 0.188s/rec
ep0 step 260/363 loss 0.135 kl 0.000 anchor 0.000 0.185s/rec
ep0 step 270/363 loss 0.072 kl 0.000 anchor 0.000 0.183s/rec
ep0 step 280/363 loss 0.153 kl 0.000 anchor 0.000 0.180s/rec
ep0 step 290/363 loss 0.243 kl 0.000 anchor 0.000 0.178s/rec
ep0 step 300/363 loss 0.056 kl 0.000 anchor 0.000 0.175s/rec
ep0 step 310/363 loss 0.563 kl 0.000 anchor 0.000 0.173s/rec
ep0 step 320/363 loss 0.246 kl 0.000 anchor 0.000 0.172s/rec
ep0 step 330/363 loss 0.637 kl 0.000 anchor 0.000 0.170s/rec
ep0 step 340/363 loss 0.218 kl 0.000 anchor 0.000 0.168s/rec
ep0 step 350/363 loss 0.196 kl 0.000 anchor 0.000 0.166s/rec
ep0 step 360/363 loss 0.075 kl 0.000 anchor 0.000 0.164s/rec
saved /runs/night2-4b/00-trial-0/checkpoint
