Warning: You are sending unauthenticated requests to the HF Hub. Please set a HF_TOKEN to enable higher rate limits and faster downloads.
delta: warm start from /__modal/volumes/vo-kEMu8BkBAIrorAQI6V8f2D/hub/models--jaredpalmer--kev-4b/snapshots/f780095d6511e6304868ff46ca2b74ee3eba29d8: 496 adapter tensors and the pointer head loaded
device=cuda trainable params=33.8M
replay: 2000 of 12576 suite training records mixed with 800 from evals/night2/assertion.jsonl
2800 training requests (holdout=[]), questions by type {'noul': 1872, 'score': 531, 'choice': 1105}
[transformers] `causal_conv1d_fn` is falling back to its reference PyTorch implementation because `causal_conv1d` is not installed. This is correct but much slower; install `causal_conv1d` for the optimized kernel.
ep0 step 10/350 loss 0.169 kl 0.000 anchor 0.000 1.658s/rec
ep0 step 20/350 loss 0.193 kl 0.000 anchor 0.000 1.020s/rec
ep0 step 30/350 loss 0.122 kl 0.000 anchor 0.000 0.795s/rec
ep0 step 40/350 loss 0.103 kl 0.000 anchor 0.000 0.629s/rec
ep0 step 50/350 loss 0.254 kl 0.000 anchor 0.000 0.530s/rec
ep0 step 60/350 loss 0.241 kl 0.000 anchor 0.000 0.464s/rec
ep0 step 70/350 loss 0.128 kl 0.000 anchor 0.000 0.422s/rec
ep0 step 80/350 loss 0.441 kl 0.000 anchor 0.000 0.386s/rec
ep0 step 90/350 loss 0.303 kl 0.000 anchor 0.000 0.357s/rec
ep0 step 100/350 loss 0.154 kl 0.000 anchor 0.000 0.335s/rec
ep0 step 110/350 loss 0.084 kl 0.000 anchor 0.000 0.312s/rec
ep0 step 120/350 loss 0.201 kl 0.000 anchor 0.000 0.295s/rec
ep0 step 130/350 loss 0.195 kl 0.000 anchor 0.000 0.281s/rec
ep0 step 140/350 loss 0.126 kl 0.000 anchor 0.000 0.270s/rec
ep0 step 150/350 loss 0.140 kl 0.000 anchor 0.000 0.259s/rec
ep0 step 160/350 loss 0.213 kl 0.000 anchor 0.000 0.250s/rec
ep0 step 170/350 loss 0.139 kl 0.000 anchor 0.000 0.241s/rec
ep0 step 180/350 loss 0.330 kl 0.000 anchor 0.000 0.233s/rec
ep0 step 190/350 loss 0.416 kl 0.000 anchor 0.000 0.228s/rec
ep0 step 200/350 loss 0.328 kl 0.000 anchor 0.000 0.223s/rec
ep0 step 210/350 loss 0.206 kl 0.000 anchor 0.000 0.218s/rec
ep0 step 220/350 loss 0.305 kl 0.000 anchor 0.000 0.212s/rec
ep0 step 230/350 loss 0.240 kl 0.000 anchor 0.000 0.209s/rec
ep0 step 240/350 loss 0.104 kl 0.000 anchor 0.000 0.205s/rec
ep0 step 250/350 loss 0.185 kl 0.000 anchor 0.000 0.210s/rec
ep0 step 260/350 loss 0.105 kl 0.000 anchor 0.000 0.207s/rec
ep0 step 270/350 loss 0.151 kl 0.000 anchor 0.000 0.204s/rec
ep0 step 280/350 loss 0.153 kl 0.000 anchor 0.000 0.201s/rec
ep0 step 290/350 loss 0.187 kl 0.000 anchor 0.000 0.198s/rec
ep0 step 300/350 loss 0.391 kl 0.000 anchor 0.000 0.195s/rec
ep0 step 310/350 loss 0.366 kl 0.000 anchor 0.000 0.192s/rec
ep0 step 320/350 loss 0.246 kl 0.000 anchor 0.000 0.190s/rec
ep0 step 330/350 loss 0.239 kl 0.000 anchor 0.000 0.188s/rec
ep0 step 340/350 loss 0.139 kl 0.000 anchor 0.000 0.185s/rec
ep0 step 350/350 loss 0.094 kl 0.000 anchor 0.000 0.183s/rec
saved /runs/night2-4b/02-trial-2/checkpoint
