delta: warm start from /__modal/volumes/vo-kEMu8BkBAIrorAQI6V8f2D/hub/models--jaredpalmer--kev-4b/snapshots/485ace8703592fcf405488b262449990824cfed1: 496 adapter tensors and the pointer head loaded
device=cuda trainable params=33.8M
3425 training requests (holdout=[]), questions by type {'noul': 1255, 'score': 1442, 'choice': 1208}
[transformers] `causal_conv1d_fn` is falling back to its reference PyTorch implementation because `causal_conv1d` is not installed. This is correct but much slower; install `causal_conv1d` for the optimized kernel.
ep0 step 10/429 loss 0.168 kl 0.000 anchor 0.000 2.070s/rec
ep0 step 20/429 loss 0.320 kl 0.000 anchor 0.000 1.174s/rec
ep0 step 30/429 loss 0.181 kl 0.000 anchor 0.000 0.913s/rec
ep0 step 40/429 loss 0.119 kl 0.000 anchor 0.000 0.718s/rec
ep0 step 50/429 loss 0.164 kl 0.000 anchor 0.000 0.602s/rec
ep0 step 60/429 loss 0.188 kl 0.000 anchor 0.000 0.523s/rec
ep0 step 70/429 loss 0.134 kl 0.000 anchor 0.000 0.462s/rec
ep0 step 80/429 loss 0.555 kl 0.000 anchor 0.000 0.416s/rec
ep0 step 90/429 loss 0.242 kl 0.000 anchor 0.000 0.380s/rec
ep0 step 100/429 loss 0.187 kl 0.000 anchor 0.000 0.354s/rec
ep0 step 110/429 loss 0.184 kl 0.000 anchor 0.000 0.334s/rec
ep0 step 120/429 loss 0.171 kl 0.000 anchor 0.000 0.314s/rec
ep0 step 130/429 loss 0.163 kl 0.000 anchor 0.000 0.300s/rec
ep0 step 140/429 loss 0.174 kl 0.000 anchor 0.000 0.288s/rec
ep0 step 150/429 loss 0.173 kl 0.000 anchor 0.000 0.278s/rec
ep0 step 160/429 loss 0.167 kl 0.000 anchor 0.000 0.268s/rec
ep0 step 170/429 loss 0.109 kl 0.000 anchor 0.000 0.260s/rec
ep0 step 180/429 loss 0.090 kl 0.000 anchor 0.000 0.252s/rec
ep0 step 190/429 loss 0.175 kl 0.000 anchor 0.000 0.244s/rec
ep0 step 200/429 loss 0.143 kl 0.000 anchor 0.000 0.238s/rec
ep0 step 210/429 loss 0.175 kl 0.000 anchor 0.000 0.232s/rec
ep0 step 220/429 loss 0.133 kl 0.000 anchor 0.000 0.227s/rec
ep0 step 230/429 loss 0.052 kl 0.000 anchor 0.000 0.222s/rec
ep0 step 240/429 loss 0.269 kl 0.000 anchor 0.000 0.218s/rec
ep0 step 250/429 loss 0.122 kl 0.000 anchor 0.000 0.214s/rec
ep0 step 260/429 loss 0.144 kl 0.000 anchor 0.000 0.210s/rec
ep0 step 270/429 loss 0.136 kl 0.000 anchor 0.000 0.207s/rec
ep0 step 280/429 loss 0.145 kl 0.000 anchor 0.000 0.204s/rec
ep0 step 290/429 loss 0.096 kl 0.000 anchor 0.000 0.200s/rec
ep0 step 300/429 loss 0.196 kl 0.000 anchor 0.000 0.197s/rec
ep0 step 310/429 loss 0.136 kl 0.000 anchor 0.000 0.195s/rec
ep0 step 320/429 loss 0.178 kl 0.000 anchor 0.000 0.192s/rec
ep0 step 330/429 loss 0.143 kl 0.000 anchor 0.000 0.190s/rec
ep0 step 340/429 loss 0.399 kl 0.000 anchor 0.000 0.188s/rec
ep0 step 350/429 loss 0.109 kl 0.000 anchor 0.000 0.186s/rec
ep0 step 360/429 loss 0.198 kl 0.000 anchor 0.000 0.185s/rec
ep0 step 370/429 loss 0.220 kl 0.000 anchor 0.000 0.183s/rec
ep0 step 380/429 loss 0.192 kl 0.000 anchor 0.000 0.189s/rec
ep0 step 390/429 loss 0.141 kl 0.000 anchor 0.000 0.187s/rec
ep0 step 400/429 loss 0.115 kl 0.000 anchor 0.000 0.185s/rec
ep0 step 410/429 loss 0.137 kl 0.000 anchor 0.000 0.184s/rec
ep0 step 420/429 loss 0.113 kl 0.000 anchor 0.000 0.183s/rec
saved /runs/calibration-screen-4b-s11-r2/04-trial-4/checkpoint
