Warning: You are sending unauthenticated requests to the HF Hub. Please set a HF_TOKEN to enable higher rate limits and faster downloads.
device=cuda trainable params=22.2M
12576 training requests (holdout=[]), questions by type {'score': 3448, 'noul': 5224, 'choice': 6904}
[transformers] `causal_conv1d_fn` is falling back to its reference PyTorch implementation because `causal_conv1d` is not installed. This is correct but much slower; install `causal_conv1d` for the optimized kernel.
ep0 step 10/3144 loss 2.388 kl 0.000 anchor 0.000 2.062s/rec
ep0 step 20/3144 loss 1.742 kl 0.000 anchor 0.000 1.224s/rec
ep0 step 30/3144 loss 1.674 kl 0.000 anchor 0.000 0.888s/rec
ep0 step 40/3144 loss 1.574 kl 0.000 anchor 0.000 0.718s/rec
ep0 step 50/3144 loss 1.703 kl 0.000 anchor 0.000 0.643s/rec
ep0 step 60/3144 loss 1.518 kl 0.000 anchor 0.000 0.579s/rec
ep0 step 70/3144 loss 1.361 kl 0.000 anchor 0.000 0.539s/rec
ep0 step 80/3144 loss 1.400 kl 0.000 anchor 0.000 0.506s/rec
ep0 step 90/3144 loss 1.395 kl 0.000 anchor 0.000 0.477s/rec
ep0 step 100/3144 loss 1.342 kl 0.000 anchor 0.000 0.462s/rec
ep0 step 110/3144 loss 1.301 kl 0.000 anchor 0.000 0.447s/rec
ep0 step 120/3144 loss 1.019 kl 0.000 anchor 0.000 0.436s/rec
ep0 step 130/3144 loss 0.900 kl 0.000 anchor 0.000 0.422s/rec
ep0 step 140/3144 loss 0.808 kl 0.000 anchor 0.000 0.417s/rec
ep0 step 150/3144 loss 1.123 kl 0.000 anchor 0.000 0.407s/rec
ep0 step 160/3144 loss 0.724 kl 0.000 anchor 0.000 0.400s/rec
ep0 step 170/3144 loss 0.846 kl 0.000 anchor 0.000 0.392s/rec
ep0 step 180/3144 loss 0.880 kl 0.000 anchor 0.000 0.388s/rec
ep0 step 190/3144 loss 0.535 kl 0.000 anchor 0.000 0.380s/rec
ep0 step 200/3144 loss 0.675 kl 0.000 anchor 0.000 0.374s/rec
ep0 step 210/3144 loss 0.962 kl 0.000 anchor 0.000 0.372s/rec
ep0 step 220/3144 loss 0.521 kl 0.000 anchor 0.000 0.368s/rec
ep0 step 230/3144 loss 0.558 kl 0.000 anchor 0.000 0.364s/rec
ep0 step 240/3144 loss 0.825 kl 0.000 anchor 0.000 0.369s/rec
ep0 step 250/3144 loss 0.547 kl 0.000 anchor 0.000 0.367s/rec
ep0 step 260/3144 loss 0.475 kl 0.000 anchor 0.000 0.363s/rec
ep0 step 270/3144 loss 0.689 kl 0.000 anchor 0.000 0.361s/rec
ep0 step 280/3144 loss 0.735 kl 0.000 anchor 0.000 0.359s/rec
ep0 step 290/3144 loss 0.721 kl 0.000 anchor 0.000 0.357s/rec
ep0 step 300/3144 loss 0.534 kl 0.000 anchor 0.000 0.355s/rec
ep0 step 310/3144 loss 0.549 kl 0.000 anchor 0.000 0.353s/rec
ep0 step 320/3144 loss 0.500 kl 0.000 anchor 0.000 0.352s/rec
ep0 step 330/3144 loss 0.591 kl 0.000 anchor 0.000 0.350s/rec
ep0 step 340/3144 loss 0.395 kl 0.000 anchor 0.000 0.350s/rec
ep0 step 350/3144 loss 0.610 kl 0.000 anchor 0.000 0.349s/rec
ep0 step 360/3144 loss 0.512 kl 0.000 anchor 0.000 0.347s/rec
ep0 step 370/3144 loss 0.506 kl 0.000 anchor 0.000 0.345s/rec
ep0 step 380/3144 loss 0.541 kl 0.000 anchor 0.000 0.344s/rec
ep0 step 390/3144 loss 0.548 kl 0.000 anchor 0.000 0.342s/rec
ep0 step 400/3144 loss 0.644 kl 0.000 anchor 0.000 0.341s/rec
ep0 step 410/3144 loss 0.393 kl 0.000 anchor 0.000 0.340s/rec
ep0 step 420/3144 loss 0.310 kl 0.000 anchor 0.000 0.339s/rec
ep0 step 430/3144 loss 0.465 kl 0.000 anchor 0.000 0.338s/rec
ep0 step 440/3144 loss 0.491 kl 0.000 anchor 0.000 0.337s/rec
ep0 step 450/3144 loss 0.548 kl 0.000 anchor 0.000 0.337s/rec
ep0 step 460/3144 loss 0.497 kl 0.000 anchor 0.000 0.336s/rec
ep0 step 470/3144 loss 0.489 kl 0.000 anchor 0.000 0.335s/rec
ep0 step 480/3144 loss 0.424 kl 0.000 anchor 0.000 0.334s/rec
ep0 step 490/3144 loss 0.413 kl 0.000 anchor 0.000 0.333s/rec
ep0 step 500/3144 loss 0.320 kl 0.000 anchor 0.000 0.332s/rec
ep0 step 510/3144 loss 0.289 kl 0.000 anchor 0.000 0.331s/rec
ep0 step 520/3144 loss 0.554 kl 0.000 anchor 0.000 0.331s/rec
ep0 step 530/3144 loss 0.504 kl 0.000 anchor 0.000 0.330s/rec
ep0 step 540/3144 loss 0.710 kl 0.000 anchor 0.000 0.330s/rec
ep0 step 550/3144 loss 0.474 kl 0.000 anchor 0.000 0.329s/rec
ep0 step 560/3144 loss 0.521 kl 0.000 anchor 0.000 0.328s/rec
ep0 step 570/3144 loss 0.458 kl 0.000 anchor 0.000 0.327s/rec
ep0 step 580/3144 loss 0.472 kl 0.000 anchor 0.000 0.327s/rec
ep0 step 590/3144 loss 0.380 kl 0.000 anchor 0.000 0.326s/rec
ep0 step 600/3144 loss 0.278 kl 0.000 anchor 0.000 0.325s/rec
ep0 step 610/3144 loss 0.475 kl 0.000 anchor 0.000 0.325s/rec
ep0 step 620/3144 loss 0.467 kl 0.000 anchor 0.000 0.324s/rec
ep0 step 630/3144 loss 0.680 kl 0.000 anchor 0.000 0.324s/rec
ep0 step 640/3144 loss 0.343 kl 0.000 anchor 0.000 0.324s/rec
ep0 step 650/3144 loss 0.615 kl 0.000 anchor 0.000 0.323s/rec
ep0 step 660/3144 loss 0.559 kl 0.000 anchor 0.000 0.323s/rec
ep0 step 670/3144 loss 0.439 kl 0.000 anchor 0.000 0.322s/rec
ep0 step 680/3144 loss 0.393 kl 0.000 anchor 0.000 0.322s/rec
ep0 step 690/3144 loss 0.389 kl 0.000 anchor 0.000 0.322s/rec
ep0 step 700/3144 loss 0.451 kl 0.000 anchor 0.000 0.321s/rec
ep0 step 710/3144 loss 0.443 kl 0.000 anchor 0.000 0.320s/rec
ep0 step 720/3144 loss 0.487 kl 0.000 anchor 0.000 0.320s/rec
ep0 step 730/3144 loss 0.593 kl 0.000 anchor 0.000 0.320s/rec
ep0 step 740/3144 loss 0.491 kl 0.000 anchor 0.000 0.320s/rec
ep0 step 750/3144 loss 0.338 kl 0.000 anchor 0.000 0.319s/rec
ep0 step 760/3144 loss 0.482 kl 0.000 anchor 0.000 0.319s/rec
ep0 step 770/3144 loss 0.488 kl 0.000 anchor 0.000 0.319s/rec
ep0 step 780/3144 loss 0.525 kl 0.000 anchor 0.000 0.318s/rec
ep0 step 790/3144 loss 0.580 kl 0.000 anchor 0.000 0.318s/rec
ep0 step 800/3144 loss 0.471 kl 0.000 anchor 0.000 0.317s/rec
ep0 step 810/3144 loss 0.758 kl 0.000 anchor 0.000 0.317s/rec
ep0 step 820/3144 loss 0.346 kl 0.000 anchor 0.000 0.317s/rec
ep0 step 830/3144 loss 0.363 kl 0.000 anchor 0.000 0.316s/rec
ep0 step 840/3144 loss 0.512 kl 0.000 anchor 0.000 0.316s/rec
ep0 step 850/3144 loss 0.489 kl 0.000 anchor 0.000 0.316s/rec
ep0 step 860/3144 loss 0.401 kl 0.000 anchor 0.000 0.316s/rec
ep0 step 870/3144 loss 0.724 kl 0.000 anchor 0.000 0.315s/rec
ep0 step 880/3144 loss 0.347 kl 0.000 anchor 0.000 0.314s/rec
ep0 step 890/3144 loss 0.607 kl 0.000 anchor 0.000 0.314s/rec
ep0 step 900/3144 loss 0.458 kl 0.000 anchor 0.000 0.314s/rec
ep0 step 910/3144 loss 0.568 kl 0.000 anchor 0.000 0.313s/rec
ep0 step 920/3144 loss 0.286 kl 0.000 anchor 0.000 0.313s/rec
ep0 step 930/3144 loss 0.405 kl 0.000 anchor 0.000 0.313s/rec
ep0 step 940/3144 loss 0.486 kl 0.000 anchor 0.000 0.312s/rec
ep0 step 950/3144 loss 0.341 kl 0.000 anchor 0.000 0.312s/rec
ep0 step 960/3144 loss 0.385 kl 0.000 anchor 0.000 0.311s/rec
ep0 step 970/3144 loss 0.258 kl 0.000 anchor 0.000 0.311s/rec
ep0 step 980/3144 loss 0.923 kl 0.000 anchor 0.000 0.310s/rec
ep0 step 990/3144 loss 0.451 kl 0.000 anchor 0.000 0.310s/rec
ep0 step 1000/3144 loss 0.530 kl 0.000 anchor 0.000 0.309s/rec
ep0 step 1010/3144 loss 0.458 kl 0.000 anchor 0.000 0.309s/rec
ep0 step 1020/3144 loss 0.449 kl 0.000 anchor 0.000 0.309s/rec
ep0 step 1030/3144 loss 0.375 kl 0.000 anchor 0.000 0.309s/rec
ep0 step 1040/3144 loss 0.453 kl 0.000 anchor 0.000 0.308s/rec
ep0 step 1050/3144 loss 0.723 kl 0.000 anchor 0.000 0.308s/rec
ep0 step 1060/3144 loss 0.552 kl 0.000 anchor 0.000 0.308s/rec
ep0 step 1070/3144 loss 0.495 kl 0.000 anchor 0.000 0.308s/rec
ep0 step 1080/3144 loss 0.366 kl 0.000 anchor 0.000 0.308s/rec
ep0 step 1090/3144 loss 0.365 kl 0.000 anchor 0.000 0.308s/rec
ep0 step 1100/3144 loss 0.362 kl 0.000 anchor 0.000 0.308s/rec
ep0 step 1110/3144 loss 0.539 kl 0.000 anchor 0.000 0.308s/rec
ep0 step 1120/3144 loss 0.471 kl 0.000 anchor 0.000 0.308s/rec
ep0 step 1130/3144 loss 0.325 kl 0.000 anchor 0.000 0.307s/rec
ep0 step 1140/3144 loss 0.616 kl 0.000 anchor 0.000 0.307s/rec
ep0 step 1150/3144 loss 0.461 kl 0.000 anchor 0.000 0.306s/rec
ep0 step 1160/3144 loss 0.499 kl 0.000 anchor 0.000 0.306s/rec
ep0 step 1170/3144 loss 0.544 kl 0.000 anchor 0.000 0.306s/rec
ep0 step 1180/3144 loss 0.693 kl 0.000 anchor 0.000 0.306s/rec
ep0 step 1190/3144 loss 0.287 kl 0.000 anchor 0.000 0.306s/rec
ep0 step 1200/3144 loss 0.209 kl 0.000 anchor 0.000 0.306s/rec
ep0 step 1210/3144 loss 0.338 kl 0.000 anchor 0.000 0.306s/rec
ep0 step 1220/3144 loss 0.647 kl 0.000 anchor 0.000 0.306s/rec
ep0 step 1230/3144 loss 0.364 kl 0.000 anchor 0.000 0.306s/rec
ep0 step 1240/3144 loss 0.333 kl 0.000 anchor 0.000 0.305s/rec
ep0 step 1250/3144 loss 0.564 kl 0.000 anchor 0.000 0.305s/rec
ep0 step 1260/3144 loss 0.463 kl 0.000 anchor 0.000 0.305s/rec
ep0 step 1270/3144 loss 0.588 kl 0.000 anchor 0.000 0.305s/rec
ep0 step 1280/3144 loss 0.314 kl 0.000 anchor 0.000 0.304s/rec
ep0 step 1290/3144 loss 0.374 kl 0.000 anchor 0.000 0.304s/rec
ep0 step 1300/3144 loss 0.312 kl 0.000 anchor 0.000 0.304s/rec
ep0 step 1310/3144 loss 0.316 kl 0.000 anchor 0.000 0.304s/rec
ep0 step 1320/3144 loss 0.248 kl 0.000 anchor 0.000 0.304s/rec
ep0 step 1330/3144 loss 0.396 kl 0.000 anchor 0.000 0.304s/rec
ep0 step 1340/3144 loss 0.439 kl 0.000 anchor 0.000 0.303s/rec
ep0 step 1350/3144 loss 0.339 kl 0.000 anchor 0.000 0.303s/rec
ep0 step 1360/3144 loss 0.355 kl 0.000 anchor 0.000 0.303s/rec
ep0 step 1370/3144 loss 0.651 kl 0.000 anchor 0.000 0.303s/rec
ep0 step 1380/3144 loss 0.259 kl 0.000 anchor 0.000 0.303s/rec
ep0 step 1390/3144 loss 0.362 kl 0.000 anchor 0.000 0.303s/rec
ep0 step 1400/3144 loss 0.613 kl 0.000 anchor 0.000 0.303s/rec
ep0 step 1410/3144 loss 0.176 kl 0.000 anchor 0.000 0.303s/rec
ep0 step 1420/3144 loss 0.506 kl 0.000 anchor 0.000 0.303s/rec
ep0 step 1430/3144 loss 0.530 kl 0.000 anchor 0.000 0.303s/rec
ep0 step 1440/3144 loss 0.261 kl 0.000 anchor 0.000 0.302s/rec
ep0 step 1450/3144 loss 0.375 kl 0.000 anchor 0.000 0.302s/rec
ep0 step 1460/3144 loss 0.611 kl 0.000 anchor 0.000 0.302s/rec
ep0 step 1470/3144 loss 0.223 kl 0.000 anchor 0.000 0.302s/rec
ep0 step 1480/3144 loss 0.433 kl 0.000 anchor 0.000 0.302s/rec
ep0 step 1490/3144 loss 0.244 kl 0.000 anchor 0.000 0.302s/rec
ep0 step 1500/3144 loss 0.215 kl 0.000 anchor 0.000 0.301s/rec
ep0 step 1510/3144 loss 0.297 kl 0.000 anchor 0.000 0.301s/rec
ep0 step 1520/3144 loss 0.323 kl 0.000 anchor 0.000 0.302s/rec
ep0 step 1530/3144 loss 0.293 kl 0.000 anchor 0.000 0.302s/rec
ep0 step 1540/3144 loss 0.354 kl 0.000 anchor 0.000 0.301s/rec
ep0 step 1550/3144 loss 0.447 kl 0.000 anchor 0.000 0.302s/rec
ep0 step 1560/3144 loss 0.442 kl 0.000 anchor 0.000 0.302s/rec
ep0 step 1570/3144 loss 0.362 kl 0.000 anchor 0.000 0.301s/rec
ep1 step 1580/3144 loss 0.348 kl 0.000 anchor 0.000 0.301s/rec
ep1 step 1590/3144 loss 0.260 kl 0.000 anchor 0.000 0.301s/rec
ep1 step 1600/3144 loss 0.286 kl 0.000 anchor 0.000 0.301s/rec
ep1 step 1610/3144 loss 0.351 kl 0.000 anchor 0.000 0.301s/rec
ep1 step 1620/3144 loss 0.363 kl 0.000 anchor 0.000 0.301s/rec
ep1 step 1630/3144 loss 0.305 kl 0.000 anchor 0.000 0.301s/rec
ep1 step 1640/3144 loss 0.252 kl 0.000 anchor 0.000 0.301s/rec
ep1 step 1650/3144 loss 0.235 kl 0.000 anchor 0.000 0.300s/rec
ep1 step 1660/3144 loss 0.243 kl 0.000 anchor 0.000 0.301s/rec
ep1 step 1670/3144 loss 0.259 kl 0.000 anchor 0.000 0.300s/rec
ep1 step 1680/3144 loss 0.743 kl 0.000 anchor 0.000 0.300s/rec
ep1 step 1690/3144 loss 0.585 kl 0.000 anchor 0.000 0.300s/rec
ep1 step 1700/3144 loss 0.269 kl 0.000 anchor 0.000 0.300s/rec
ep1 step 1710/3144 loss 0.261 kl 0.000 anchor 0.000 0.300s/rec
ep1 step 1720/3144 loss 0.298 kl 0.000 anchor 0.000 0.300s/rec
ep1 step 1730/3144 loss 0.393 kl 0.000 anchor 0.000 0.300s/rec
ep1 step 1740/3144 loss 0.429 kl 0.000 anchor 0.000 0.300s/rec
ep1 step 1750/3144 loss 0.259 kl 0.000 anchor 0.000 0.300s/rec
ep1 step 1760/3144 loss 0.312 kl 0.000 anchor 0.000 0.300s/rec
ep1 step 1770/3144 loss 0.480 kl 0.000 anchor 0.000 0.300s/rec
ep1 step 1780/3144 loss 0.192 kl 0.000 anchor 0.000 0.300s/rec
ep1 step 1790/3144 loss 0.398 kl 0.000 anchor 0.000 0.300s/rec
ep1 step 1800/3144 loss 0.265 kl 0.000 anchor 0.000 0.300s/rec
ep1 step 1810/3144 loss 0.190 kl 0.000 anchor 0.000 0.300s/rec
ep1 step 1820/3144 loss 0.577 kl 0.000 anchor 0.000 0.300s/rec
ep1 step 1830/3144 loss 0.504 kl 0.000 anchor 0.000 0.300s/rec
ep1 step 1840/3144 loss 0.438 kl 0.000 anchor 0.000 0.300s/rec
ep1 step 1850/3144 loss 0.471 kl 0.000 anchor 0.000 0.300s/rec
ep1 step 1860/3144 loss 0.415 kl 0.000 anchor 0.000 0.300s/rec
ep1 step 1870/3144 loss 0.271 kl 0.000 anchor 0.000 0.300s/rec
ep1 step 1880/3144 loss 0.359 kl 0.000 anchor 0.000 0.300s/rec
ep1 step 1890/3144 loss 0.489 kl 0.000 anchor 0.000 0.300s/rec
ep1 step 1900/3144 loss 0.298 kl 0.000 anchor 0.000 0.300s/rec
ep1 step 1910/3144 loss 0.563 kl 0.000 anchor 0.000 0.300s/rec
ep1 step 1920/3144 loss 0.297 kl 0.000 anchor 0.000 0.300s/rec
ep1 step 1930/3144 loss 0.623 kl 0.000 anchor 0.000 0.300s/rec
ep1 step 1940/3144 loss 0.239 kl 0.000 anchor 0.000 0.300s/rec
ep1 step 1950/3144 loss 0.216 kl 0.000 anchor 0.000 0.300s/rec
ep1 step 1960/3144 loss 0.340 kl 0.000 anchor 0.000 0.299s/rec
ep1 step 1970/3144 loss 0.396 kl 0.000 anchor 0.000 0.299s/rec
ep1 step 1980/3144 loss 0.340 kl 0.000 anchor 0.000 0.300s/rec
ep1 step 1990/3144 loss 0.159 kl 0.000 anchor 0.000 0.300s/rec
ep1 step 2000/3144 loss 0.315 kl 0.000 anchor 0.000 0.300s/rec
ep1 step 2010/3144 loss 0.514 kl 0.000 anchor 0.000 0.299s/rec
ep1 step 2020/3144 loss 0.179 kl 0.000 anchor 0.000 0.299s/rec
ep1 step 2030/3144 loss 0.438 kl 0.000 anchor 0.000 0.299s/rec
ep1 step 2040/3144 loss 0.399 kl 0.000 anchor 0.000 0.299s/rec
ep1 step 2050/3144 loss 0.313 kl 0.000 anchor 0.000 0.299s/rec
ep1 step 2060/3144 loss 0.193 kl 0.000 anchor 0.000 0.299s/rec
ep1 step 2070/3144 loss 0.305 kl 0.000 anchor 0.000 0.299s/rec
ep1 step 2080/3144 loss 0.290 kl 0.000 anchor 0.000 0.299s/rec
ep1 step 2090/3144 loss 0.127 kl 0.000 anchor 0.000 0.299s/rec
ep1 step 2100/3144 loss 0.252 kl 0.000 anchor 0.000 0.299s/rec
ep1 step 2110/3144 loss 0.536 kl 0.000 anchor 0.000 0.299s/rec
ep1 step 2120/3144 loss 0.218 kl 0.000 anchor 0.000 0.299s/rec
ep1 step 2130/3144 loss 0.276 kl 0.000 anchor 0.000 0.299s/rec
ep1 step 2140/3144 loss 0.420 kl 0.000 anchor 0.000 0.299s/rec
ep1 step 2150/3144 loss 0.250 kl 0.000 anchor 0.000 0.299s/rec
ep1 step 2160/3144 loss 0.293 kl 0.000 anchor 0.000 0.299s/rec
ep1 step 2170/3144 loss 0.450 kl 0.000 anchor 0.000 0.299s/rec
ep1 step 2180/3144 loss 0.216 kl 0.000 anchor 0.000 0.299s/rec
ep1 step 2190/3144 loss 0.152 kl 0.000 anchor 0.000 0.299s/rec
ep1 step 2200/3144 loss 0.280 kl 0.000 anchor 0.000 0.299s/rec
ep1 step 2210/3144 loss 0.283 kl 0.000 anchor 0.000 0.299s/rec
ep1 step 2220/3144 loss 0.224 kl 0.000 anchor 0.000 0.299s/rec
ep1 step 2230/3144 loss 0.303 kl 0.000 anchor 0.000 0.299s/rec
ep1 step 2240/3144 loss 0.492 kl 0.000 anchor 0.000 0.299s/rec
ep1 step 2250/3144 loss 0.354 kl 0.000 anchor 0.000 0.299s/rec
ep1 step 2260/3144 loss 0.298 kl 0.000 anchor 0.000 0.299s/rec
ep1 step 2270/3144 loss 0.223 kl 0.000 anchor 0.000 0.299s/rec
ep1 step 2280/3144 loss 0.410 kl 0.000 anchor 0.000 0.299s/rec
ep1 step 2290/3144 loss 0.206 kl 0.000 anchor 0.000 0.299s/rec
ep1 step 2300/3144 loss 0.444 kl 0.000 anchor 0.000 0.299s/rec
ep1 step 2310/3144 loss 0.256 kl 0.000 anchor 0.000 0.299s/rec
ep1 step 2320/3144 loss 0.196 kl 0.000 anchor 0.000 0.299s/rec
ep1 step 2330/3144 loss 0.315 kl 0.000 anchor 0.000 0.299s/rec
ep1 step 2340/3144 loss 0.243 kl 0.000 anchor 0.000 0.299s/rec
ep1 step 2350/3144 loss 0.214 kl 0.000 anchor 0.000 0.299s/rec
ep1 step 2360/3144 loss 0.385 kl 0.000 anchor 0.000 0.299s/rec
ep1 step 2370/3144 loss 0.201 kl 0.000 anchor 0.000 0.299s/rec
ep1 step 2380/3144 loss 0.669 kl 0.000 anchor 0.000 0.299s/rec
ep1 step 2390/3144 loss 0.519 kl 0.000 anchor 0.000 0.299s/rec
ep1 step 2400/3144 loss 0.220 kl 0.000 anchor 0.000 0.299s/rec
ep1 step 2410/3144 loss 0.297 kl 0.000 anchor 0.000 0.299s/rec
ep1 step 2420/3144 loss 0.274 kl 0.000 anchor 0.000 0.299s/rec
ep1 step 2430/3144 loss 0.267 kl 0.000 anchor 0.000 0.299s/rec
ep1 step 2440/3144 loss 0.287 kl 0.000 anchor 0.000 0.298s/rec
ep1 step 2450/3144 loss 0.250 kl 0.000 anchor 0.000 0.298s/rec
ep1 step 2460/3144 loss 0.559 kl 0.000 anchor 0.000 0.298s/rec
ep1 step 2470/3144 loss 0.132 kl 0.000 anchor 0.000 0.298s/rec
ep1 step 2480/3144 loss 0.160 kl 0.000 anchor 0.000 0.298s/rec
ep1 step 2490/3144 loss 0.355 kl 0.000 anchor 0.000 0.298s/rec
ep1 step 2500/3144 loss 0.480 kl 0.000 anchor 0.000 0.298s/rec
ep1 step 2510/3144 loss 0.387 kl 0.000 anchor 0.000 0.298s/rec
ep1 step 2520/3144 loss 0.310 kl 0.000 anchor 0.000 0.298s/rec
ep1 step 2530/3144 loss 0.239 kl 0.000 anchor 0.000 0.298s/rec
ep1 step 2540/3144 loss 0.287 kl 0.000 anchor 0.000 0.298s/rec
ep1 step 2550/3144 loss 0.310 kl 0.000 anchor 0.000 0.298s/rec
ep1 step 2560/3144 loss 0.271 kl 0.000 anchor 0.000 0.298s/rec
ep1 step 2570/3144 loss 0.399 kl 0.000 anchor 0.000 0.298s/rec
ep1 step 2580/3144 loss 0.115 kl 0.000 anchor 0.000 0.298s/rec
ep1 step 2590/3144 loss 0.195 kl 0.000 anchor 0.000 0.298s/rec
ep1 step 2600/3144 loss 0.270 kl 0.000 anchor 0.000 0.298s/rec
ep1 step 2610/3144 loss 0.156 kl 0.000 anchor 0.000 0.298s/rec
ep1 step 2620/3144 loss 0.297 kl 0.000 anchor 0.000 0.298s/rec
ep1 step 2630/3144 loss 0.228 kl 0.000 anchor 0.000 0.298s/rec
ep1 step 2640/3144 loss 0.334 kl 0.000 anchor 0.000 0.298s/rec
ep1 step 2650/3144 loss 0.143 kl 0.000 anchor 0.000 0.298s/rec
ep1 step 2660/3144 loss 0.157 kl 0.000 anchor 0.000 0.298s/rec
ep1 step 2670/3144 loss 0.294 kl 0.000 anchor 0.000 0.298s/rec
ep1 step 2680/3144 loss 0.227 kl 0.000 anchor 0.000 0.298s/rec
ep1 step 2690/3144 loss 0.440 kl 0.000 anchor 0.000 0.298s/rec
ep1 step 2700/3144 loss 0.279 kl 0.000 anchor 0.000 0.298s/rec
ep1 step 2710/3144 loss 0.470 kl 0.000 anchor 0.000 0.298s/rec
ep1 step 2720/3144 loss 0.267 kl 0.000 anchor 0.000 0.298s/rec
ep1 step 2730/3144 loss 0.271 kl 0.000 anchor 0.000 0.298s/rec
ep1 step 2740/3144 loss 0.278 kl 0.000 anchor 0.000 0.297s/rec
ep1 step 2750/3144 loss 0.350 kl 0.000 anchor 0.000 0.298s/rec
ep1 step 2760/3144 loss 0.109 kl 0.000 anchor 0.000 0.298s/rec
ep1 step 2770/3144 loss 0.515 kl 0.000 anchor 0.000 0.298s/rec
ep1 step 2780/3144 loss 0.362 kl 0.000 anchor 0.000 0.298s/rec
ep1 step 2790/3144 loss 0.216 kl 0.000 anchor 0.000 0.298s/rec
ep1 step 2800/3144 loss 0.566 kl 0.000 anchor 0.000 0.298s/rec
ep1 step 2810/3144 loss 0.252 kl 0.000 anchor 0.000 0.297s/rec
ep1 step 2820/3144 loss 0.214 kl 0.000 anchor 0.000 0.297s/rec
ep1 step 2830/3144 loss 0.187 kl 0.000 anchor 0.000 0.297s/rec
ep1 step 2840/3144 loss 0.274 kl 0.000 anchor 0.000 0.297s/rec
ep1 step 2850/3144 loss 0.149 kl 0.000 anchor 0.000 0.297s/rec
ep1 step 2860/3144 loss 0.327 kl 0.000 anchor 0.000 0.297s/rec
ep1 step 2870/3144 loss 0.263 kl 0.000 anchor 0.000 0.297s/rec
ep1 step 2880/3144 loss 0.253 kl 0.000 anchor 0.000 0.297s/rec
ep1 step 2890/3144 loss 0.222 kl 0.000 anchor 0.000 0.297s/rec
ep1 step 2900/3144 loss 0.271 kl 0.000 anchor 0.000 0.297s/rec
ep1 step 2910/3144 loss 0.264 kl 0.000 anchor 0.000 0.297s/rec
ep1 step 2920/3144 loss 0.110 kl 0.000 anchor 0.000 0.297s/rec
ep1 step 2930/3144 loss 0.268 kl 0.000 anchor 0.000 0.297s/rec
ep1 step 2940/3144 loss 0.190 kl 0.000 anchor 0.000 0.297s/rec
ep1 step 2950/3144 loss 0.379 kl 0.000 anchor 0.000 0.297s/rec
ep1 step 2960/3144 loss 0.281 kl 0.000 anchor 0.000 0.297s/rec
ep1 step 2970/3144 loss 0.503 kl 0.000 anchor 0.000 0.297s/rec
ep1 step 2980/3144 loss 0.303 kl 0.000 anchor 0.000 0.297s/rec
ep1 step 2990/3144 loss 0.158 kl 0.000 anchor 0.000 0.297s/rec
ep1 step 3000/3144 loss 0.231 kl 0.000 anchor 0.000 0.297s/rec
ep1 step 3010/3144 loss 0.326 kl 0.000 anchor 0.000 0.297s/rec
ep1 step 3020/3144 loss 0.549 kl 0.000 anchor 0.000 0.297s/rec
ep1 step 3030/3144 loss 0.351 kl 0.000 anchor 0.000 0.297s/rec
ep1 step 3040/3144 loss 0.347 kl 0.000 anchor 0.000 0.297s/rec
ep1 step 3050/3144 loss 0.359 kl 0.000 anchor 0.000 0.297s/rec
ep1 step 3060/3144 loss 0.513 kl 0.000 anchor 0.000 0.297s/rec
ep1 step 3070/3144 loss 0.525 kl 0.000 anchor 0.000 0.297s/rec
ep1 step 3080/3144 loss 0.148 kl 0.000 anchor 0.000 0.297s/rec
ep1 step 3090/3144 loss 0.351 kl 0.000 anchor 0.000 0.297s/rec
ep1 step 3100/3144 loss 0.226 kl 0.000 anchor 0.000 0.297s/rec
ep1 step 3110/3144 loss 0.257 kl 0.000 anchor 0.000 0.297s/rec
ep1 step 3120/3144 loss 0.233 kl 0.000 anchor 0.000 0.297s/rec
ep1 step 3130/3144 loss 0.539 kl 0.000 anchor 0.000 0.297s/rec
ep1 step 3140/3144 loss 0.291 kl 0.000 anchor 0.000 0.297s/rec
saved /runs/night2-36b6/00-trial-0/checkpoint
