Warning: You are sending unauthenticated requests to the HF Hub. Please set a HF_TOKEN to enable higher rate limits and faster downloads.
delta: warm start from /__modal/volumes/vo-kEMu8BkBAIrorAQI6V8f2D/hub/models--jaredpalmer--kev-0.8b/snapshots/54f4f8777356cd5bbbb6c6919c657f26e6f2f6d8: 372 adapter tensors and the pointer head loaded
device=cuda trainable params=11.3M
12576 training requests (holdout=[]), questions by type {'choice': 6904, 'noul': 5224, 'score': 3448}
[transformers] `causal_conv1d_fn` is falling back to its reference PyTorch implementation because `causal_conv1d` is not installed. This is correct but much slower; install `causal_conv1d` for the optimized kernel.
ep0 step 10/1572 loss 1.228 kl 0.000 anchor 0.000 1.553s/rec
ep0 step 20/1572 loss 1.216 kl 0.000 anchor 0.000 0.918s/rec
ep0 step 30/1572 loss 1.161 kl 0.000 anchor 0.000 0.691s/rec
ep0 step 40/1572 loss 0.967 kl 0.000 anchor 0.000 0.540s/rec
ep0 step 50/1572 loss 0.824 kl 0.000 anchor 0.000 0.448s/rec
ep0 step 60/1572 loss 0.446 kl 0.000 anchor 0.000 0.387s/rec
ep0 step 70/1572 loss 0.692 kl 0.000 anchor 0.000 0.336s/rec
ep0 step 80/1572 loss 0.685 kl 0.000 anchor 0.000 0.298s/rec
ep0 step 90/1572 loss 0.523 kl 0.000 anchor 0.000 0.269s/rec
ep0 step 100/1572 loss 0.670 kl 0.000 anchor 0.000 0.242s/rec
ep0 step 110/1572 loss 0.525 kl 0.000 anchor 0.000 0.223s/rec
ep0 step 120/1572 loss 0.508 kl 0.000 anchor 0.000 0.206s/rec
ep0 step 130/1572 loss 0.611 kl 0.000 anchor 0.000 0.194s/rec
ep0 step 140/1572 loss 0.510 kl 0.000 anchor 0.000 0.181s/rec
ep0 step 150/1572 loss 0.494 kl 0.000 anchor 0.000 0.171s/rec
ep0 step 160/1572 loss 0.563 kl 0.000 anchor 0.000 0.162s/rec
ep0 step 170/1572 loss 0.554 kl 0.000 anchor 0.000 0.154s/rec
ep0 step 180/1572 loss 0.405 kl 0.000 anchor 0.000 0.147s/rec
ep0 step 190/1572 loss 0.443 kl 0.000 anchor 0.000 0.142s/rec
ep0 step 200/1572 loss 0.560 kl 0.000 anchor 0.000 0.136s/rec
ep0 step 210/1572 loss 0.674 kl 0.000 anchor 0.000 0.131s/rec
ep0 step 220/1572 loss 0.463 kl 0.000 anchor 0.000 0.126s/rec
ep0 step 230/1572 loss 0.499 kl 0.000 anchor 0.000 0.122s/rec
ep0 step 240/1572 loss 0.528 kl 0.000 anchor 0.000 0.119s/rec
ep0 step 250/1572 loss 0.474 kl 0.000 anchor 0.000 0.116s/rec
ep0 step 260/1572 loss 0.511 kl 0.000 anchor 0.000 0.113s/rec
ep0 step 270/1572 loss 0.562 kl 0.000 anchor 0.000 0.109s/rec
ep0 step 280/1572 loss 0.484 kl 0.000 anchor 0.000 0.107s/rec
ep0 step 290/1572 loss 0.616 kl 0.000 anchor 0.000 0.105s/rec
ep0 step 300/1572 loss 0.494 kl 0.000 anchor 0.000 0.103s/rec
ep0 step 310/1572 loss 0.464 kl 0.000 anchor 0.000 0.101s/rec
ep0 step 320/1572 loss 0.399 kl 0.000 anchor 0.000 0.098s/rec
ep0 step 330/1572 loss 0.388 kl 0.000 anchor 0.000 0.096s/rec
ep0 step 340/1572 loss 0.524 kl 0.000 anchor 0.000 0.094s/rec
ep0 step 350/1572 loss 0.485 kl 0.000 anchor 0.000 0.093s/rec
ep0 step 360/1572 loss 0.592 kl 0.000 anchor 0.000 0.091s/rec
ep0 step 370/1572 loss 0.558 kl 0.000 anchor 0.000 0.089s/rec
ep0 step 380/1572 loss 0.507 kl 0.000 anchor 0.000 0.088s/rec
ep0 step 390/1572 loss 0.491 kl 0.000 anchor 0.000 0.086s/rec
ep0 step 400/1572 loss 0.443 kl 0.000 anchor 0.000 0.085s/rec
ep0 step 410/1572 loss 0.645 kl 0.000 anchor 0.000 0.084s/rec
ep0 step 420/1572 loss 0.557 kl 0.000 anchor 0.000 0.082s/rec
ep0 step 430/1572 loss 0.396 kl 0.000 anchor 0.000 0.081s/rec
ep0 step 440/1572 loss 0.427 kl 0.000 anchor 0.000 0.080s/rec
ep0 step 450/1572 loss 0.415 kl 0.000 anchor 0.000 0.079s/rec
ep0 step 460/1572 loss 0.506 kl 0.000 anchor 0.000 0.078s/rec
ep0 step 470/1572 loss 0.532 kl 0.000 anchor 0.000 0.077s/rec
ep0 step 480/1572 loss 0.439 kl 0.000 anchor 0.000 0.076s/rec
ep0 step 490/1572 loss 0.469 kl 0.000 anchor 0.000 0.075s/rec
ep0 step 500/1572 loss 0.552 kl 0.000 anchor 0.000 0.074s/rec
ep0 step 510/1572 loss 0.494 kl 0.000 anchor 0.000 0.073s/rec
ep0 step 520/1572 loss 0.511 kl 0.000 anchor 0.000 0.072s/rec
ep0 step 530/1572 loss 0.424 kl 0.000 anchor 0.000 0.072s/rec
ep0 step 540/1572 loss 0.518 kl 0.000 anchor 0.000 0.071s/rec
ep0 step 550/1572 loss 0.550 kl 0.000 anchor 0.000 0.070s/rec
ep0 step 560/1572 loss 0.392 kl 0.000 anchor 0.000 0.069s/rec
ep0 step 570/1572 loss 0.375 kl 0.000 anchor 0.000 0.069s/rec
ep0 step 580/1572 loss 0.394 kl 0.000 anchor 0.000 0.068s/rec
ep0 step 590/1572 loss 0.570 kl 0.000 anchor 0.000 0.067s/rec
ep0 step 600/1572 loss 0.438 kl 0.000 anchor 0.000 0.067s/rec
ep0 step 610/1572 loss 0.421 kl 0.000 anchor 0.000 0.066s/rec
ep0 step 620/1572 loss 0.474 kl 0.000 anchor 0.000 0.066s/rec
ep0 step 630/1572 loss 0.488 kl 0.000 anchor 0.000 0.065s/rec
ep0 step 640/1572 loss 0.622 kl 0.000 anchor 0.000 0.065s/rec
ep0 step 650/1572 loss 0.596 kl 0.000 anchor 0.000 0.064s/rec
ep0 step 660/1572 loss 0.517 kl 0.000 anchor 0.000 0.064s/rec
ep0 step 670/1572 loss 0.520 kl 0.000 anchor 0.000 0.063s/rec
ep0 step 680/1572 loss 0.444 kl 0.000 anchor 0.000 0.062s/rec
ep0 step 690/1572 loss 0.560 kl 0.000 anchor 0.000 0.062s/rec
ep0 step 700/1572 loss 0.554 kl 0.000 anchor 0.000 0.061s/rec
ep0 step 710/1572 loss 0.453 kl 0.000 anchor 0.000 0.061s/rec
ep0 step 720/1572 loss 0.460 kl 0.000 anchor 0.000 0.061s/rec
ep0 step 730/1572 loss 0.539 kl 0.000 anchor 0.000 0.060s/rec
ep0 step 740/1572 loss 0.585 kl 0.000 anchor 0.000 0.060s/rec
ep0 step 750/1572 loss 0.512 kl 0.000 anchor 0.000 0.059s/rec
ep0 step 760/1572 loss 0.414 kl 0.000 anchor 0.000 0.059s/rec
ep0 step 770/1572 loss 0.478 kl 0.000 anchor 0.000 0.059s/rec
ep0 step 780/1572 loss 0.425 kl 0.000 anchor 0.000 0.058s/rec
ep0 step 790/1572 loss 0.482 kl 0.000 anchor 0.000 0.058s/rec
ep0 step 800/1572 loss 0.465 kl 0.000 anchor 0.000 0.058s/rec
ep0 step 810/1572 loss 0.621 kl 0.000 anchor 0.000 0.058s/rec
ep0 step 820/1572 loss 0.538 kl 0.000 anchor 0.000 0.057s/rec
ep0 step 830/1572 loss 0.590 kl 0.000 anchor 0.000 0.057s/rec
ep0 step 840/1572 loss 0.472 kl 0.000 anchor 0.000 0.057s/rec
ep0 step 850/1572 loss 0.456 kl 0.000 anchor 0.000 0.056s/rec
ep0 step 860/1572 loss 0.491 kl 0.000 anchor 0.000 0.056s/rec
ep0 step 870/1572 loss 0.470 kl 0.000 anchor 0.000 0.056s/rec
ep0 step 880/1572 loss 0.382 kl 0.000 anchor 0.000 0.056s/rec
ep0 step 890/1572 loss 0.534 kl 0.000 anchor 0.000 0.055s/rec
ep0 step 900/1572 loss 0.474 kl 0.000 anchor 0.000 0.055s/rec
ep0 step 910/1572 loss 0.542 kl 0.000 anchor 0.000 0.055s/rec
ep0 step 920/1572 loss 0.419 kl 0.000 anchor 0.000 0.054s/rec
ep0 step 930/1572 loss 0.414 kl 0.000 anchor 0.000 0.054s/rec
ep0 step 940/1572 loss 0.486 kl 0.000 anchor 0.000 0.054s/rec
ep0 step 950/1572 loss 0.509 kl 0.000 anchor 0.000 0.054s/rec
ep0 step 960/1572 loss 0.483 kl 0.000 anchor 0.000 0.053s/rec
ep0 step 970/1572 loss 0.691 kl 0.000 anchor 0.000 0.053s/rec
ep0 step 980/1572 loss 0.456 kl 0.000 anchor 0.000 0.053s/rec
ep0 step 990/1572 loss 0.519 kl 0.000 anchor 0.000 0.053s/rec
ep0 step 1000/1572 loss 0.451 kl 0.000 anchor 0.000 0.053s/rec
ep0 step 1010/1572 loss 0.468 kl 0.000 anchor 0.000 0.052s/rec
ep0 step 1020/1572 loss 0.636 kl 0.000 anchor 0.000 0.052s/rec
ep0 step 1030/1572 loss 0.428 kl 0.000 anchor 0.000 0.052s/rec
ep0 step 1040/1572 loss 0.510 kl 0.000 anchor 0.000 0.052s/rec
ep0 step 1050/1572 loss 0.519 kl 0.000 anchor 0.000 0.052s/rec
ep0 step 1060/1572 loss 0.480 kl 0.000 anchor 0.000 0.051s/rec
ep0 step 1070/1572 loss 0.421 kl 0.000 anchor 0.000 0.051s/rec
ep0 step 1080/1572 loss 0.389 kl 0.000 anchor 0.000 0.051s/rec
ep0 step 1090/1572 loss 0.471 kl 0.000 anchor 0.000 0.051s/rec
ep0 step 1100/1572 loss 0.508 kl 0.000 anchor 0.000 0.051s/rec
ep0 step 1110/1572 loss 0.587 kl 0.000 anchor 0.000 0.050s/rec
ep0 step 1120/1572 loss 0.477 kl 0.000 anchor 0.000 0.050s/rec
ep0 step 1130/1572 loss 0.523 kl 0.000 anchor 0.000 0.050s/rec
ep0 step 1140/1572 loss 0.401 kl 0.000 anchor 0.000 0.050s/rec
ep0 step 1150/1572 loss 0.435 kl 0.000 anchor 0.000 0.050s/rec
ep0 step 1160/1572 loss 0.446 kl 0.000 anchor 0.000 0.050s/rec
ep0 step 1170/1572 loss 0.311 kl 0.000 anchor 0.000 0.049s/rec
ep0 step 1180/1572 loss 0.383 kl 0.000 anchor 0.000 0.049s/rec
ep0 step 1190/1572 loss 0.458 kl 0.000 anchor 0.000 0.049s/rec
ep0 step 1200/1572 loss 0.359 kl 0.000 anchor 0.000 0.049s/rec
ep0 step 1210/1572 loss 0.430 kl 0.000 anchor 0.000 0.049s/rec
ep0 step 1220/1572 loss 0.488 kl 0.000 anchor 0.000 0.049s/rec
ep0 step 1230/1572 loss 0.573 kl 0.000 anchor 0.000 0.048s/rec
ep0 step 1240/1572 loss 0.461 kl 0.000 anchor 0.000 0.048s/rec
ep0 step 1250/1572 loss 0.423 kl 0.000 anchor 0.000 0.048s/rec
