Warning: You are sending unauthenticated requests to the HF Hub. Please set a HF_TOKEN to enable higher rate limits and faster downloads.
delta: warm start from /__modal/volumes/vo-kEMu8BkBAIrorAQI6V8f2D/hub/models--jaredpalmer--kev-4b/snapshots/485ace8703592fcf405488b262449990824cfed1: 496 adapter tensors and the pointer head loaded
device=cuda trainable params=33.8M
replay: 2000 of 12576 suite training records mixed with 1738 from evals/round4/ambiguity-v1/hard.jsonl
3738 training requests (holdout=[]), questions by type {'choice': 1653, 'noul': 1826, 'score': 1569}
[transformers] `causal_conv1d_fn` is falling back to its reference PyTorch implementation because `causal_conv1d` is not installed. This is correct but much slower; install `causal_conv1d` for the optimized kernel.
ep0 step 10/468 loss 0.566 kl 0.000 anchor 0.000 1.758s/rec
ep0 step 20/468 loss 0.308 kl 0.000 anchor 0.000 1.068s/rec
ep0 step 30/468 loss 0.320 kl 0.000 anchor 0.000 0.733s/rec
ep0 step 40/468 loss 0.224 kl 0.000 anchor 0.000 0.580s/rec
ep0 step 50/468 loss 0.244 kl 0.000 anchor 0.000 0.491s/rec
ep0 step 60/468 loss 0.202 kl 0.000 anchor 0.000 0.431s/rec
ep0 step 70/468 loss 0.462 kl 0.000 anchor 0.000 0.414s/rec
ep0 step 80/468 loss 0.224 kl 0.000 anchor 0.000 0.375s/rec
ep0 step 90/468 loss 0.238 kl 0.000 anchor 0.000 0.344s/rec
ep0 step 100/468 loss 0.282 kl 0.000 anchor 0.000 0.322s/rec
ep0 step 110/468 loss 0.316 kl 0.000 anchor 0.000 0.302s/rec
ep0 step 120/468 loss 0.247 kl 0.000 anchor 0.000 0.287s/rec
ep0 step 130/468 loss 0.282 kl 0.000 anchor 0.000 0.273s/rec
ep0 step 140/468 loss 0.351 kl 0.000 anchor 0.000 0.261s/rec
ep0 step 150/468 loss 0.502 kl 0.000 anchor 0.000 0.252s/rec
ep0 step 160/468 loss 0.292 kl 0.000 anchor 0.000 0.244s/rec
ep0 step 170/468 loss 0.373 kl 0.000 anchor 0.000 0.236s/rec
ep0 step 180/468 loss 0.402 kl 0.000 anchor 0.000 0.230s/rec
ep0 step 190/468 loss 0.492 kl 0.000 anchor 0.000 0.224s/rec
ep0 step 200/468 loss 0.227 kl 0.000 anchor 0.000 0.218s/rec
ep0 step 210/468 loss 0.497 kl 0.000 anchor 0.000 0.213s/rec
ep0 step 220/468 loss 0.288 kl 0.000 anchor 0.000 0.209s/rec
ep0 step 230/468 loss 0.382 kl 0.000 anchor 0.000 0.204s/rec
ep0 step 240/468 loss 0.339 kl 0.000 anchor 0.000 0.199s/rec
ep0 step 250/468 loss 0.316 kl 0.000 anchor 0.000 0.196s/rec
ep0 step 260/468 loss 0.366 kl 0.000 anchor 0.000 0.193s/rec
ep0 step 270/468 loss 0.186 kl 0.000 anchor 0.000 0.190s/rec
ep0 step 280/468 loss 0.300 kl 0.000 anchor 0.000 0.187s/rec
ep0 step 290/468 loss 0.309 kl 0.000 anchor 0.000 0.185s/rec
ep0 step 300/468 loss 0.302 kl 0.000 anchor 0.000 0.183s/rec
ep0 step 310/468 loss 0.266 kl 0.000 anchor 0.000 0.181s/rec
ep0 step 320/468 loss 0.688 kl 0.000 anchor 0.000 0.178s/rec
ep0 step 330/468 loss 0.411 kl 0.000 anchor 0.000 0.176s/rec
ep0 step 340/468 loss 0.556 kl 0.000 anchor 0.000 0.174s/rec
ep0 step 350/468 loss 0.379 kl 0.000 anchor 0.000 0.172s/rec
ep0 step 360/468 loss 0.318 kl 0.000 anchor 0.000 0.171s/rec
ep0 step 370/468 loss 0.268 kl 0.000 anchor 0.000 0.169s/rec
ep0 step 380/468 loss 0.402 kl 0.000 anchor 0.000 0.167s/rec
ep0 step 390/468 loss 0.363 kl 0.000 anchor 0.000 0.166s/rec
ep0 step 400/468 loss 0.357 kl 0.000 anchor 0.000 0.164s/rec
ep0 step 410/468 loss 0.549 kl 0.000 anchor 0.000 0.163s/rec
ep0 step 420/468 loss 0.364 kl 0.000 anchor 0.000 0.161s/rec
ep0 step 430/468 loss 0.346 kl 0.000 anchor 0.000 0.160s/rec
ep0 step 440/468 loss 0.321 kl 0.000 anchor 0.000 0.159s/rec
ep0 step 450/468 loss 0.243 kl 0.000 anchor 0.000 0.159s/rec
ep0 step 460/468 loss 0.316 kl 0.000 anchor 0.000 0.158s/rec
saved /runs/r4-deltas/03-trial-3/checkpoint
