Warning: You are sending unauthenticated requests to the HF Hub. Please set a HF_TOKEN to enable higher rate limits and faster downloads.
delta: warm start from /__modal/volumes/vo-kEMu8BkBAIrorAQI6V8f2D/hub/models--jaredpalmer--kev-9b/snapshots/6281032426a9ca3a08374d137bf9dfd8afd78e8a: 496 adapter tensors and the pointer head loaded
device=cuda trainable params=45.4M
replay: 2000 of 12576 suite training records mixed with 800 from evals/night2/assertion.jsonl
2800 training requests (holdout=[]), questions by type {'noul': 1872, 'score': 531, 'choice': 1105}
[transformers] `causal_conv1d_fn` is falling back to its reference PyTorch implementation because `causal_conv1d` is not installed. This is correct but much slower; install `causal_conv1d` for the optimized kernel.
ep0 step 10/350 loss 0.111 kl 0.000 anchor 0.000 1.362s/rec
ep0 step 20/350 loss 0.150 kl 0.000 anchor 0.000 0.780s/rec
ep0 step 30/350 loss 0.064 kl 0.000 anchor 0.000 0.571s/rec
ep0 step 40/350 loss 0.162 kl 0.000 anchor 0.000 0.469s/rec
ep0 step 50/350 loss 0.141 kl 0.000 anchor 0.000 0.407s/rec
ep0 step 60/350 loss 0.283 kl 0.000 anchor 0.000 0.366s/rec
ep0 step 70/350 loss 0.190 kl 0.000 anchor 0.000 0.362s/rec
ep0 step 80/350 loss 0.292 kl 0.000 anchor 0.000 0.341s/rec
ep0 step 90/350 loss 0.280 kl 0.000 anchor 0.000 0.322s/rec
ep0 step 100/350 loss 0.127 kl 0.000 anchor 0.000 0.306s/rec
ep0 step 110/350 loss 0.105 kl 0.000 anchor 0.000 0.288s/rec
ep0 step 120/350 loss 0.105 kl 0.000 anchor 0.000 0.276s/rec
ep0 step 130/350 loss 0.295 kl 0.000 anchor 0.000 0.266s/rec
ep0 step 140/350 loss 0.144 kl 0.000 anchor 0.000 0.259s/rec
ep0 step 150/350 loss 0.259 kl 0.000 anchor 0.000 0.252s/rec
ep0 step 160/350 loss 0.220 kl 0.000 anchor 0.000 0.246s/rec
ep0 step 170/350 loss 0.277 kl 0.000 anchor 0.000 0.240s/rec
ep0 step 180/350 loss 0.349 kl 0.000 anchor 0.000 0.235s/rec
ep0 step 190/350 loss 0.311 kl 0.000 anchor 0.000 0.232s/rec
ep0 step 200/350 loss 0.244 kl 0.000 anchor 0.000 0.228s/rec
ep0 step 210/350 loss 0.104 kl 0.000 anchor 0.000 0.224s/rec
ep0 step 220/350 loss 0.298 kl 0.000 anchor 0.000 0.220s/rec
ep0 step 230/350 loss 0.199 kl 0.000 anchor 0.000 0.218s/rec
ep0 step 240/350 loss 0.116 kl 0.000 anchor 0.000 0.216s/rec
ep0 step 250/350 loss 0.164 kl 0.000 anchor 0.000 0.214s/rec
ep0 step 260/350 loss 0.149 kl 0.000 anchor 0.000 0.212s/rec
ep0 step 270/350 loss 0.148 kl 0.000 anchor 0.000 0.210s/rec
ep0 step 280/350 loss 0.181 kl 0.000 anchor 0.000 0.208s/rec
ep0 step 290/350 loss 0.200 kl 0.000 anchor 0.000 0.207s/rec
ep0 step 300/350 loss 0.427 kl 0.000 anchor 0.000 0.205s/rec
ep0 step 310/350 loss 0.470 kl 0.000 anchor 0.000 0.203s/rec
ep0 step 320/350 loss 0.127 kl 0.000 anchor 0.000 0.202s/rec
ep0 step 330/350 loss 0.266 kl 0.000 anchor 0.000 0.200s/rec
ep0 step 340/350 loss 0.100 kl 0.000 anchor 0.000 0.198s/rec
ep0 step 350/350 loss 0.053 kl 0.000 anchor 0.000 0.197s/rec
saved /runs/night2-9b/02-trial-2/checkpoint
