delta: warm start from /__modal/volumes/vo-kEMu8BkBAIrorAQI6V8f2D/hub/models--jaredpalmer--kev-4b/snapshots/485ace8703592fcf405488b262449990824cfed1: 496 adapter tensors and the pointer head loaded
device=cuda trainable params=33.8M
3425 training requests (holdout=[]), questions by type {'noul': 1255, 'score': 1442, 'choice': 1208}
[transformers] `causal_conv1d_fn` is falling back to its reference PyTorch implementation because `causal_conv1d` is not installed. This is correct but much slower; install `causal_conv1d` for the optimized kernel.
ep0 step 10/429 loss 0.178 kl 0.000 anchor 0.000 1.848s/rec
ep0 step 20/429 loss 0.363 kl 0.000 anchor 0.000 1.052s/rec
ep0 step 30/429 loss 0.219 kl 0.000 anchor 0.000 0.825s/rec
ep0 step 40/429 loss 0.142 kl 0.000 anchor 0.000 0.652s/rec
ep0 step 50/429 loss 0.242 kl 0.000 anchor 0.000 0.548s/rec
ep0 step 60/429 loss 0.255 kl 0.000 anchor 0.000 0.479s/rec
ep0 step 70/429 loss 0.205 kl 0.000 anchor 0.000 0.425s/rec
ep0 step 80/429 loss 0.803 kl 0.000 anchor 0.000 0.384s/rec
ep0 step 90/429 loss 0.373 kl 0.000 anchor 0.000 0.352s/rec
ep0 step 100/429 loss 0.248 kl 0.000 anchor 0.000 0.330s/rec
ep0 step 110/429 loss 0.228 kl 0.000 anchor 0.000 0.312s/rec
ep0 step 120/429 loss 0.259 kl 0.000 anchor 0.000 0.295s/rec
ep0 step 130/429 loss 0.215 kl 0.000 anchor 0.000 0.282s/rec
ep0 step 140/429 loss 0.275 kl 0.000 anchor 0.000 0.272s/rec
ep0 step 150/429 loss 0.266 kl 0.000 anchor 0.000 0.263s/rec
ep0 step 160/429 loss 0.225 kl 0.000 anchor 0.000 0.254s/rec
ep0 step 170/429 loss 0.167 kl 0.000 anchor 0.000 0.246s/rec
ep0 step 180/429 loss 0.114 kl 0.000 anchor 0.000 0.239s/rec
ep0 step 190/429 loss 0.198 kl 0.000 anchor 0.000 0.232s/rec
ep0 step 200/429 loss 0.184 kl 0.000 anchor 0.000 0.226s/rec
ep0 step 210/429 loss 0.304 kl 0.000 anchor 0.000 0.221s/rec
ep0 step 220/429 loss 0.198 kl 0.000 anchor 0.000 0.216s/rec
ep0 step 230/429 loss 0.054 kl 0.000 anchor 0.000 0.212s/rec
ep0 step 240/429 loss 0.445 kl 0.000 anchor 0.000 0.208s/rec
ep0 step 250/429 loss 0.199 kl 0.000 anchor 0.000 0.204s/rec
ep0 step 260/429 loss 0.233 kl 0.000 anchor 0.000 0.201s/rec
ep0 step 270/429 loss 0.194 kl 0.000 anchor 0.000 0.198s/rec
ep0 step 280/429 loss 0.161 kl 0.000 anchor 0.000 0.195s/rec
ep0 step 290/429 loss 0.116 kl 0.000 anchor 0.000 0.192s/rec
ep0 step 300/429 loss 0.244 kl 0.000 anchor 0.000 0.189s/rec
ep0 step 310/429 loss 0.211 kl 0.000 anchor 0.000 0.187s/rec
ep0 step 320/429 loss 0.248 kl 0.000 anchor 0.000 0.184s/rec
ep0 step 330/429 loss 0.175 kl 0.000 anchor 0.000 0.182s/rec
ep0 step 340/429 loss 0.639 kl 0.000 anchor 0.000 0.180s/rec
ep0 step 350/429 loss 0.172 kl 0.000 anchor 0.000 0.178s/rec
ep0 step 360/429 loss 0.263 kl 0.000 anchor 0.000 0.177s/rec
ep0 step 370/429 loss 0.321 kl 0.000 anchor 0.000 0.175s/rec
ep0 step 380/429 loss 0.268 kl 0.000 anchor 0.000 0.181s/rec
ep0 step 390/429 loss 0.199 kl 0.000 anchor 0.000 0.179s/rec
ep0 step 400/429 loss 0.177 kl 0.000 anchor 0.000 0.177s/rec
ep0 step 410/429 loss 0.208 kl 0.000 anchor 0.000 0.176s/rec
ep0 step 420/429 loss 0.142 kl 0.000 anchor 0.000 0.175s/rec
saved /runs/calibration-screen-4b-s11-r2/01-trial-1/checkpoint
