Warning: You are sending unauthenticated requests to the HF Hub. Please set a HF_TOKEN to enable higher rate limits and faster downloads.
delta: warm start from /__modal/volumes/vo-kEMu8BkBAIrorAQI6V8f2D/hub/models--jaredpalmer--kev-9b/snapshots/6281032426a9ca3a08374d137bf9dfd8afd78e8a: 496 adapter tensors and the pointer head loaded
device=cuda trainable params=45.4M
replay: 2000 of 12576 suite training records mixed with 1425 from evals/night2/dates_unknowable.jsonl
3425 training requests (holdout=[]), questions by type {'noul': 1268, 'score': 1431, 'choice': 1214}
[transformers] `causal_conv1d_fn` is falling back to its reference PyTorch implementation because `causal_conv1d` is not installed. This is correct but much slower; install `causal_conv1d` for the optimized kernel.
ep0 step 10/429 loss 0.277 kl 0.000 anchor 0.000 1.622s/rec
ep0 step 20/429 loss 0.443 kl 0.000 anchor 0.000 0.904s/rec
ep0 step 30/429 loss 0.216 kl 0.000 anchor 0.000 0.675s/rec
ep0 step 40/429 loss 0.366 kl 0.000 anchor 0.000 0.569s/rec
ep0 step 50/429 loss 0.260 kl 0.000 anchor 0.000 0.500s/rec
ep0 step 60/429 loss 0.188 kl 0.000 anchor 0.000 0.476s/rec
ep0 step 70/429 loss 0.210 kl 0.000 anchor 0.000 0.434s/rec
ep0 step 80/429 loss 0.302 kl 0.000 anchor 0.000 0.403s/rec
ep0 step 90/429 loss 0.185 kl 0.000 anchor 0.000 0.380s/rec
ep0 step 100/429 loss 0.305 kl 0.000 anchor 0.000 0.361s/rec
ep0 step 110/429 loss 0.407 kl 0.000 anchor 0.000 0.348s/rec
ep0 step 120/429 loss 0.222 kl 0.000 anchor 0.000 0.334s/rec
ep0 step 130/429 loss 0.438 kl 0.000 anchor 0.000 0.324s/rec
ep0 step 140/429 loss 0.181 kl 0.000 anchor 0.000 0.315s/rec
ep0 step 150/429 loss 0.123 kl 0.000 anchor 0.000 0.307s/rec
ep0 step 160/429 loss 0.284 kl 0.000 anchor 0.000 0.298s/rec
ep0 step 170/429 loss 0.163 kl 0.000 anchor 0.000 0.290s/rec
ep0 step 180/429 loss 0.271 kl 0.000 anchor 0.000 0.286s/rec
ep0 step 190/429 loss 0.183 kl 0.000 anchor 0.000 0.281s/rec
ep0 step 200/429 loss 0.192 kl 0.000 anchor 0.000 0.277s/rec
ep0 step 210/429 loss 0.135 kl 0.000 anchor 0.000 0.273s/rec
ep0 step 220/429 loss 0.522 kl 0.000 anchor 0.000 0.269s/rec
ep0 step 230/429 loss 0.216 kl 0.000 anchor 0.000 0.266s/rec
ep0 step 240/429 loss 0.275 kl 0.000 anchor 0.000 0.262s/rec
ep0 step 250/429 loss 0.255 kl 0.000 anchor 0.000 0.260s/rec
ep0 step 260/429 loss 0.357 kl 0.000 anchor 0.000 0.258s/rec
ep0 step 270/429 loss 0.172 kl 0.000 anchor 0.000 0.255s/rec
ep0 step 280/429 loss 0.287 kl 0.000 anchor 0.000 0.253s/rec
ep0 step 290/429 loss 0.204 kl 0.000 anchor 0.000 0.251s/rec
ep0 step 300/429 loss 0.249 kl 0.000 anchor 0.000 0.249s/rec
ep0 step 310/429 loss 0.112 kl 0.000 anchor 0.000 0.248s/rec
ep0 step 320/429 loss 0.275 kl 0.000 anchor 0.000 0.246s/rec
ep0 step 330/429 loss 0.304 kl 0.000 anchor 0.000 0.245s/rec
ep0 step 340/429 loss 0.295 kl 0.000 anchor 0.000 0.244s/rec
ep0 step 350/429 loss 0.325 kl 0.000 anchor 0.000 0.242s/rec
ep0 step 360/429 loss 0.214 kl 0.000 anchor 0.000 0.241s/rec
ep0 step 370/429 loss 0.330 kl 0.000 anchor 0.000 0.239s/rec
ep0 step 380/429 loss 0.174 kl 0.000 anchor 0.000 0.238s/rec
ep0 step 390/429 loss 0.262 kl 0.000 anchor 0.000 0.237s/rec
ep0 step 400/429 loss 0.223 kl 0.000 anchor 0.000 0.235s/rec
ep0 step 410/429 loss 0.152 kl 0.000 anchor 0.000 0.234s/rec
ep0 step 420/429 loss 0.176 kl 0.000 anchor 0.000 0.233s/rec
saved /runs/night2-9b-du/00-trial-0/checkpoint
