delta: warm start from /__modal/volumes/vo-kEMu8BkBAIrorAQI6V8f2D/hub/models--jaredpalmer--kev-9b/snapshots/2629c06a5aeb0feb3b9783bafed17ed8f39ecf5c: 496 adapter tensors and the pointer head loaded
device=cuda trainable params=45.4M
replay: 2000 of 12576 suite training records mixed with 4538 from evals/round5/combined-v1/soft.jsonl
6538 training requests (holdout=[]), questions by type {'choice': 3186, 'score': 2361, 'noul': 2977}
[transformers] `causal_conv1d_fn` is falling back to its reference PyTorch implementation because `causal_conv1d` is not installed. This is correct but much slower; install `causal_conv1d` for the optimized kernel.
ep0 step 10/818 loss 1.098 kl 0.000 anchor 0.000 4.943s/rec
ep0 step 20/818 loss 1.538 kl 0.000 anchor 0.000 3.411s/rec
ep0 step 30/818 loss 1.723 kl 0.000 anchor 0.000 2.538s/rec
ep0 step 40/818 loss 0.939 kl 0.000 anchor 0.000 2.286s/rec
ep0 step 50/818 loss 0.923 kl 0.000 anchor 0.000 2.007s/rec
ep0 step 60/818 loss 0.616 kl 0.000 anchor 0.000 1.810s/rec
ep0 step 70/818 loss 1.073 kl 0.000 anchor 0.000 1.695s/rec
ep0 step 80/818 loss 0.738 kl 0.000 anchor 0.000 1.579s/rec
ep0 step 90/818 loss 0.732 kl 0.000 anchor 0.000 1.484s/rec
ep0 step 100/818 loss 0.694 kl 0.000 anchor 0.000 1.414s/rec
ep0 step 110/818 loss 0.785 kl 0.000 anchor 0.000 1.388s/rec
ep0 step 120/818 loss 0.754 kl 0.000 anchor 0.000 1.336s/rec
ep0 step 130/818 loss 0.705 kl 0.000 anchor 0.000 1.306s/rec
ep0 step 140/818 loss 0.722 kl 0.000 anchor 0.000 1.298s/rec
ep0 step 150/818 loss 0.634 kl 0.000 anchor 0.000 1.276s/rec
ep0 step 160/818 loss 0.785 kl 0.000 anchor 0.000 1.253s/rec
ep0 step 170/818 loss 0.861 kl 0.000 anchor 0.000 1.243s/rec
ep0 step 180/818 loss 0.473 kl 0.000 anchor 0.000 1.220s/rec
ep0 step 190/818 loss 0.892 kl 0.000 anchor 0.000 1.205s/rec
ep0 step 200/818 loss 0.659 kl 0.000 anchor 0.000 1.198s/rec
ep0 step 210/818 loss 0.697 kl 0.000 anchor 0.000 1.183s/rec
ep0 step 220/818 loss 0.630 kl 0.000 anchor 0.000 1.172s/rec
ep0 step 230/818 loss 0.834 kl 0.000 anchor 0.000 1.160s/rec
ep0 step 240/818 loss 0.540 kl 0.000 anchor 0.000 1.143s/rec
ep0 step 250/818 loss 0.775 kl 0.000 anchor 0.000 1.137s/rec
ep0 step 260/818 loss 0.599 kl 0.000 anchor 0.000 1.135s/rec
ep0 step 270/818 loss 0.505 kl 0.000 anchor 0.000 1.123s/rec
ep0 step 280/818 loss 0.585 kl 0.000 anchor 0.000 1.114s/rec
ep0 step 290/818 loss 0.732 kl 0.000 anchor 0.000 1.113s/rec
ep0 step 300/818 loss 0.720 kl 0.000 anchor 0.000 1.106s/rec
ep0 step 310/818 loss 0.643 kl 0.000 anchor 0.000 1.102s/rec
ep0 step 320/818 loss 0.571 kl 0.000 anchor 0.000 1.097s/rec
ep0 step 330/818 loss 0.703 kl 0.000 anchor 0.000 1.089s/rec
ep0 step 340/818 loss 0.554 kl 0.000 anchor 0.000 1.092s/rec
ep0 step 350/818 loss 0.508 kl 0.000 anchor 0.000 1.085s/rec
ep0 step 360/818 loss 0.704 kl 0.000 anchor 0.000 1.085s/rec
ep0 step 370/818 loss 0.765 kl 0.000 anchor 0.000 1.083s/rec
ep0 step 380/818 loss 0.662 kl 0.000 anchor 0.000 1.077s/rec
ep0 step 390/818 loss 0.718 kl 0.000 anchor 0.000 1.076s/rec
ep0 step 400/818 loss 0.572 kl 0.000 anchor 0.000 1.071s/rec
ep0 step 410/818 loss 0.558 kl 0.000 anchor 0.000 1.068s/rec
ep0 step 420/818 loss 0.626 kl 0.000 anchor 0.000 1.076s/rec
ep0 step 430/818 loss 0.604 kl 0.000 anchor 0.000 1.078s/rec
ep0 step 440/818 loss 0.632 kl 0.000 anchor 0.000 1.071s/rec
ep0 step 450/818 loss 0.704 kl 0.000 anchor 0.000 1.064s/rec
ep0 step 460/818 loss 0.546 kl 0.000 anchor 0.000 1.058s/rec
ep0 step 470/818 loss 0.541 kl 0.000 anchor 0.000 1.053s/rec
ep0 step 480/818 loss 1.034 kl 0.000 anchor 0.000 1.049s/rec
ep0 step 490/818 loss 0.667 kl 0.000 anchor 0.000 1.049s/rec
ep0 step 500/818 loss 0.617 kl 0.000 anchor 0.000 1.048s/rec
ep0 step 510/818 loss 0.550 kl 0.000 anchor 0.000 1.045s/rec
ep0 step 520/818 loss 0.539 kl 0.000 anchor 0.000 1.044s/rec
ep0 step 530/818 loss 0.661 kl 0.000 anchor 0.000 1.041s/rec
ep0 step 540/818 loss 0.795 kl 0.000 anchor 0.000 1.038s/rec
ep0 step 550/818 loss 0.483 kl 0.000 anchor 0.000 1.035s/rec
ep0 step 560/818 loss 0.540 kl 0.000 anchor 0.000 1.036s/rec
ep0 step 570/818 loss 0.577 kl 0.000 anchor 0.000 1.033s/rec
ep0 step 580/818 loss 0.517 kl 0.000 anchor 0.000 1.029s/rec
ep0 step 590/818 loss 0.785 kl 0.000 anchor 0.000 1.028s/rec
ep0 step 600/818 loss 0.592 kl 0.000 anchor 0.000 1.027s/rec
ep0 step 610/818 loss 0.534 kl 0.000 anchor 0.000 1.027s/rec
ep0 step 620/818 loss 0.594 kl 0.000 anchor 0.000 1.027s/rec
ep0 step 630/818 loss 0.739 kl 0.000 anchor 0.000 1.025s/rec
ep0 step 640/818 loss 0.603 kl 0.000 anchor 0.000 1.025s/rec
ep0 step 650/818 loss 0.607 kl 0.000 anchor 0.000 1.022s/rec
ep0 step 660/818 loss 0.765 kl 0.000 anchor 0.000 1.020s/rec
ep0 step 670/818 loss 0.576 kl 0.000 anchor 0.000 1.019s/rec
ep0 step 680/818 loss 0.448 kl 0.000 anchor 0.000 1.016s/rec
ep0 step 690/818 loss 0.669 kl 0.000 anchor 0.000 1.013s/rec
ep0 step 700/818 loss 0.524 kl 0.000 anchor 0.000 1.010s/rec
ep0 step 710/818 loss 0.599 kl 0.000 anchor 0.000 1.012s/rec
ep0 step 720/818 loss 0.574 kl 0.000 anchor 0.000 1.011s/rec
ep0 step 730/818 loss 0.707 kl 0.000 anchor 0.000 1.011s/rec
ep0 step 740/818 loss 0.585 kl 0.000 anchor 0.000 1.011s/rec
ep0 step 750/818 loss 0.538 kl 0.000 anchor 0.000 1.009s/rec
ep0 step 760/818 loss 0.581 kl 0.000 anchor 0.000 1.007s/rec
ep0 step 770/818 loss 0.539 kl 0.000 anchor 0.000 1.006s/rec
ep0 step 780/818 loss 0.553 kl 0.000 anchor 0.000 1.005s/rec
ep0 step 790/818 loss 0.545 kl 0.000 anchor 0.000 1.004s/rec
ep0 step 800/818 loss 0.456 kl 0.000 anchor 0.000 1.003s/rec
ep0 step 810/818 loss 0.508 kl 0.000 anchor 0.000 0.999s/rec
Warning: You are sending unauthenticated requests to the HF Hub. Please set a HF_TOKEN to enable higher rate limits and faster downloads.
saved /runs/r5-combined/01-trial-1/checkpoint
