Warning: You are sending unauthenticated requests to the HF Hub. Please set a HF_TOKEN to enable higher rate limits and faster downloads.
delta: warm start from /__modal/volumes/vo-kEMu8BkBAIrorAQI6V8f2D/hub/models--jaredpalmer--kev-4b/snapshots/485ace8703592fcf405488b262449990824cfed1: 496 adapter tensors and the pointer head loaded
device=cuda trainable params=33.8M
replay: 2000 of 12576 suite training records mixed with 4538 from evals/round5/combined-v1/soft.jsonl
6538 training requests (holdout=[]), questions by type {'choice': 3222, 'score': 2312, 'noul': 2992}
[transformers] `causal_conv1d_fn` is falling back to its reference PyTorch implementation because `causal_conv1d` is not installed. This is correct but much slower; install `causal_conv1d` for the optimized kernel.
ep0 step 10/818 loss 1.569 kl 0.000 anchor 0.000 4.223s/rec
ep0 step 20/818 loss 1.477 kl 0.000 anchor 0.000 2.709s/rec
ep0 step 30/818 loss 1.180 kl 0.000 anchor 0.000 2.225s/rec
ep0 step 40/818 loss 0.938 kl 0.000 anchor 0.000 1.899s/rec
ep0 step 50/818 loss 0.778 kl 0.000 anchor 0.000 1.660s/rec
ep0 step 60/818 loss 0.791 kl 0.000 anchor 0.000 1.543s/rec
ep0 step 70/818 loss 0.711 kl 0.000 anchor 0.000 1.431s/rec
ep0 step 80/818 loss 0.885 kl 0.000 anchor 0.000 1.365s/rec
ep0 step 90/818 loss 0.604 kl 0.000 anchor 0.000 1.299s/rec
ep0 step 100/818 loss 0.821 kl 0.000 anchor 0.000 1.232s/rec
ep0 step 110/818 loss 0.593 kl 0.000 anchor 0.000 1.183s/rec
ep0 step 120/818 loss 0.755 kl 0.000 anchor 0.000 1.149s/rec
ep0 step 130/818 loss 0.923 kl 0.000 anchor 0.000 1.130s/rec
ep0 step 140/818 loss 0.798 kl 0.000 anchor 0.000 1.125s/rec
ep0 step 150/818 loss 0.808 kl 0.000 anchor 0.000 1.110s/rec
ep0 step 160/818 loss 0.649 kl 0.000 anchor 0.000 1.088s/rec
ep0 step 170/818 loss 0.686 kl 0.000 anchor 0.000 1.067s/rec
ep0 step 180/818 loss 0.820 kl 0.000 anchor 0.000 1.051s/rec
ep0 step 190/818 loss 0.890 kl 0.000 anchor 0.000 1.036s/rec
ep0 step 200/818 loss 0.895 kl 0.000 anchor 0.000 1.043s/rec
ep0 step 210/818 loss 0.808 kl 0.000 anchor 0.000 1.028s/rec
ep0 step 220/818 loss 0.568 kl 0.000 anchor 0.000 1.015s/rec
ep0 step 230/818 loss 0.850 kl 0.000 anchor 0.000 1.015s/rec
ep0 step 240/818 loss 0.867 kl 0.000 anchor 0.000 1.012s/rec
ep0 step 250/818 loss 0.634 kl 0.000 anchor 0.000 0.998s/rec
ep0 step 260/818 loss 0.753 kl 0.000 anchor 0.000 0.989s/rec
ep0 step 270/818 loss 0.630 kl 0.000 anchor 0.000 0.981s/rec
ep0 step 280/818 loss 0.756 kl 0.000 anchor 0.000 0.974s/rec
ep0 step 290/818 loss 0.649 kl 0.000 anchor 0.000 0.966s/rec
ep0 step 300/818 loss 0.724 kl 0.000 anchor 0.000 0.959s/rec
ep0 step 310/818 loss 0.624 kl 0.000 anchor 0.000 0.946s/rec
ep0 step 320/818 loss 0.792 kl 0.000 anchor 0.000 0.956s/rec
ep0 step 330/818 loss 0.632 kl 0.000 anchor 0.000 0.947s/rec
ep0 step 340/818 loss 0.751 kl 0.000 anchor 0.000 0.941s/rec
ep0 step 350/818 loss 0.651 kl 0.000 anchor 0.000 0.933s/rec
ep0 step 360/818 loss 0.693 kl 0.000 anchor 0.000 0.926s/rec
ep0 step 370/818 loss 0.763 kl 0.000 anchor 0.000 0.922s/rec
ep0 step 380/818 loss 0.674 kl 0.000 anchor 0.000 0.920s/rec
ep0 step 390/818 loss 0.599 kl 0.000 anchor 0.000 0.913s/rec
ep0 step 400/818 loss 0.781 kl 0.000 anchor 0.000 0.910s/rec
ep0 step 410/818 loss 0.775 kl 0.000 anchor 0.000 0.905s/rec
ep0 step 420/818 loss 0.470 kl 0.000 anchor 0.000 0.898s/rec
ep0 step 430/818 loss 0.536 kl 0.000 anchor 0.000 0.899s/rec
ep0 step 440/818 loss 0.521 kl 0.000 anchor 0.000 0.894s/rec
ep0 step 450/818 loss 0.635 kl 0.000 anchor 0.000 0.890s/rec
ep0 step 460/818 loss 0.612 kl 0.000 anchor 0.000 0.884s/rec
ep0 step 470/818 loss 0.687 kl 0.000 anchor 0.000 0.880s/rec
ep0 step 480/818 loss 0.765 kl 0.000 anchor 0.000 0.878s/rec
ep0 step 490/818 loss 0.605 kl 0.000 anchor 0.000 0.873s/rec
ep0 step 500/818 loss 0.592 kl 0.000 anchor 0.000 0.871s/rec
ep0 step 510/818 loss 0.659 kl 0.000 anchor 0.000 0.870s/rec
ep0 step 520/818 loss 0.613 kl 0.000 anchor 0.000 0.868s/rec
ep0 step 530/818 loss 0.505 kl 0.000 anchor 0.000 0.867s/rec
ep0 step 540/818 loss 0.539 kl 0.000 anchor 0.000 0.865s/rec
ep0 step 550/818 loss 0.543 kl 0.000 anchor 0.000 0.861s/rec
ep0 step 560/818 loss 0.480 kl 0.000 anchor 0.000 0.861s/rec
ep0 step 570/818 loss 0.583 kl 0.000 anchor 0.000 0.857s/rec
ep0 step 580/818 loss 0.585 kl 0.000 anchor 0.000 0.856s/rec
ep0 step 590/818 loss 0.649 kl 0.000 anchor 0.000 0.853s/rec
ep0 step 600/818 loss 0.704 kl 0.000 anchor 0.000 0.854s/rec
ep0 step 610/818 loss 0.740 kl 0.000 anchor 0.000 0.853s/rec
ep0 step 620/818 loss 0.663 kl 0.000 anchor 0.000 0.851s/rec
ep0 step 630/818 loss 0.560 kl 0.000 anchor 0.000 0.848s/rec
ep0 step 640/818 loss 0.587 kl 0.000 anchor 0.000 0.848s/rec
ep0 step 650/818 loss 0.637 kl 0.000 anchor 0.000 0.848s/rec
ep0 step 660/818 loss 0.712 kl 0.000 anchor 0.000 0.846s/rec
ep0 step 670/818 loss 0.617 kl 0.000 anchor 0.000 0.844s/rec
ep0 step 680/818 loss 0.673 kl 0.000 anchor 0.000 0.844s/rec
ep0 step 690/818 loss 0.877 kl 0.000 anchor 0.000 0.841s/rec
ep0 step 700/818 loss 0.806 kl 0.000 anchor 0.000 0.838s/rec
ep0 step 710/818 loss 0.715 kl 0.000 anchor 0.000 0.840s/rec
ep0 step 720/818 loss 0.459 kl 0.000 anchor 0.000 0.839s/rec
ep0 step 730/818 loss 0.551 kl 0.000 anchor 0.000 0.837s/rec
ep0 step 740/818 loss 0.487 kl 0.000 anchor 0.000 0.834s/rec
ep0 step 750/818 loss 0.617 kl 0.000 anchor 0.000 0.833s/rec
ep0 step 760/818 loss 0.543 kl 0.000 anchor 0.000 0.833s/rec
ep0 step 770/818 loss 0.778 kl 0.000 anchor 0.000 0.833s/rec
ep0 step 780/818 loss 0.812 kl 0.000 anchor 0.000 0.835s/rec
ep0 step 790/818 loss 0.508 kl 0.000 anchor 0.000 0.833s/rec
ep0 step 800/818 loss 0.629 kl 0.000 anchor 0.000 0.832s/rec
ep0 step 810/818 loss 0.508 kl 0.000 anchor 0.000 0.830s/rec
saved /runs/r5-combined/03-trial-3/checkpoint
