Warning: You are sending unauthenticated requests to the HF Hub. Please set a HF_TOKEN to enable higher rate limits and faster downloads.
delta: warm start from /__modal/volumes/vo-kEMu8BkBAIrorAQI6V8f2D/hub/models--jaredpalmer--kev-0.8b/snapshots/54f4f8777356cd5bbbb6c6919c657f26e6f2f6d8: 372 adapter tensors and the pointer head loaded
device=cuda trainable params=11.3M
12576 training requests (holdout=[]), questions by type {'choice': 6904, 'noul': 5224, 'score': 3448}
[transformers] `causal_conv1d_fn` is falling back to its reference PyTorch implementation because `causal_conv1d` is not installed. This is correct but much slower; install `causal_conv1d` for the optimized kernel.
ep0 step 10/1572 loss 0.680 kl 0.000 anchor 0.000 2.017s/rec
ep0 step 20/1572 loss 0.325 kl 0.000 anchor 0.000 1.189s/rec
ep0 step 30/1572 loss 0.600 kl 0.000 anchor 0.000 0.820s/rec
ep0 step 40/1572 loss 0.422 kl 0.000 anchor 0.000 0.625s/rec
ep0 step 50/1572 loss 0.437 kl 0.000 anchor 0.000 0.516s/rec
ep0 step 60/1572 loss 0.349 kl 0.000 anchor 0.000 0.436s/rec
ep0 step 70/1572 loss 0.437 kl 0.000 anchor 0.000 0.379s/rec
ep0 step 80/1572 loss 0.434 kl 0.000 anchor 0.000 0.336s/rec
ep0 step 90/1572 loss 0.370 kl 0.000 anchor 0.000 0.303s/rec
ep0 step 100/1572 loss 0.382 kl 0.000 anchor 0.000 0.276s/rec
ep0 step 110/1572 loss 0.368 kl 0.000 anchor 0.000 0.255s/rec
ep0 step 120/1572 loss 0.358 kl 0.000 anchor 0.000 0.237s/rec
ep0 step 130/1572 loss 0.467 kl 0.000 anchor 0.000 0.222s/rec
ep0 step 140/1572 loss 0.343 kl 0.000 anchor 0.000 0.208s/rec
ep0 step 150/1572 loss 0.351 kl 0.000 anchor 0.000 0.197s/rec
ep0 step 160/1572 loss 0.445 kl 0.000 anchor 0.000 0.187s/rec
ep0 step 170/1572 loss 0.369 kl 0.000 anchor 0.000 0.178s/rec
ep0 step 180/1572 loss 0.342 kl 0.000 anchor 0.000 0.170s/rec
ep0 step 190/1572 loss 0.277 kl 0.000 anchor 0.000 0.163s/rec
ep0 step 200/1572 loss 0.392 kl 0.000 anchor 0.000 0.157s/rec
ep0 step 210/1572 loss 0.524 kl 0.000 anchor 0.000 0.151s/rec
ep0 step 220/1572 loss 0.380 kl 0.000 anchor 0.000 0.146s/rec
ep0 step 230/1572 loss 0.393 kl 0.000 anchor 0.000 0.141s/rec
ep0 step 240/1572 loss 0.398 kl 0.000 anchor 0.000 0.137s/rec
ep0 step 250/1572 loss 0.349 kl 0.000 anchor 0.000 0.133s/rec
ep0 step 260/1572 loss 0.315 kl 0.000 anchor 0.000 0.131s/rec
ep0 step 270/1572 loss 0.465 kl 0.000 anchor 0.000 0.128s/rec
ep0 step 280/1572 loss 0.324 kl 0.000 anchor 0.000 0.124s/rec
ep0 step 290/1572 loss 0.428 kl 0.000 anchor 0.000 0.121s/rec
ep0 step 300/1572 loss 0.481 kl 0.000 anchor 0.000 0.119s/rec
ep0 step 310/1572 loss 0.344 kl 0.000 anchor 0.000 0.116s/rec
ep0 step 320/1572 loss 0.292 kl 0.000 anchor 0.000 0.114s/rec
ep0 step 330/1572 loss 0.362 kl 0.000 anchor 0.000 0.111s/rec
ep0 step 340/1572 loss 0.374 kl 0.000 anchor 0.000 0.109s/rec
ep0 step 350/1572 loss 0.458 kl 0.000 anchor 0.000 0.107s/rec
ep0 step 360/1572 loss 0.449 kl 0.000 anchor 0.000 0.105s/rec
ep0 step 370/1572 loss 0.473 kl 0.000 anchor 0.000 0.103s/rec
ep0 step 380/1572 loss 0.371 kl 0.000 anchor 0.000 0.101s/rec
ep0 step 390/1572 loss 0.447 kl 0.000 anchor 0.000 0.100s/rec
ep0 step 400/1572 loss 0.398 kl 0.000 anchor 0.000 0.098s/rec
ep0 step 410/1572 loss 0.498 kl 0.000 anchor 0.000 0.097s/rec
ep0 step 420/1572 loss 0.382 kl 0.000 anchor 0.000 0.095s/rec
ep0 step 430/1572 loss 0.369 kl 0.000 anchor 0.000 0.094s/rec
ep0 step 440/1572 loss 0.358 kl 0.000 anchor 0.000 0.092s/rec
ep0 step 450/1572 loss 0.294 kl 0.000 anchor 0.000 0.091s/rec
ep0 step 460/1572 loss 0.354 kl 0.000 anchor 0.000 0.090s/rec
ep0 step 470/1572 loss 0.463 kl 0.000 anchor 0.000 0.089s/rec
ep0 step 480/1572 loss 0.354 kl 0.000 anchor 0.000 0.088s/rec
ep0 step 490/1572 loss 0.319 kl 0.000 anchor 0.000 0.087s/rec
ep0 step 500/1572 loss 0.312 kl 0.000 anchor 0.000 0.086s/rec
ep0 step 510/1572 loss 0.325 kl 0.000 anchor 0.000 0.085s/rec
ep0 step 520/1572 loss 0.397 kl 0.000 anchor 0.000 0.084s/rec
ep0 step 530/1572 loss 0.361 kl 0.000 anchor 0.000 0.083s/rec
ep0 step 540/1572 loss 0.491 kl 0.000 anchor 0.000 0.082s/rec
ep0 step 550/1572 loss 0.438 kl 0.000 anchor 0.000 0.081s/rec
ep0 step 560/1572 loss 0.354 kl 0.000 anchor 0.000 0.080s/rec
ep0 step 570/1572 loss 0.352 kl 0.000 anchor 0.000 0.080s/rec
ep0 step 580/1572 loss 0.313 kl 0.000 anchor 0.000 0.079s/rec
ep0 step 590/1572 loss 0.426 kl 0.000 anchor 0.000 0.078s/rec
ep0 step 600/1572 loss 0.296 kl 0.000 anchor 0.000 0.077s/rec
ep0 step 610/1572 loss 0.356 kl 0.000 anchor 0.000 0.077s/rec
ep0 step 620/1572 loss 0.420 kl 0.000 anchor 0.000 0.076s/rec
ep0 step 630/1572 loss 0.392 kl 0.000 anchor 0.000 0.076s/rec
ep0 step 640/1572 loss 0.410 kl 0.000 anchor 0.000 0.075s/rec
ep0 step 650/1572 loss 0.389 kl 0.000 anchor 0.000 0.074s/rec
ep0 step 660/1572 loss 0.434 kl 0.000 anchor 0.000 0.074s/rec
ep0 step 670/1572 loss 0.324 kl 0.000 anchor 0.000 0.073s/rec
ep0 step 680/1572 loss 0.361 kl 0.000 anchor 0.000 0.073s/rec
ep0 step 690/1572 loss 0.428 kl 0.000 anchor 0.000 0.072s/rec
ep0 step 700/1572 loss 0.368 kl 0.000 anchor 0.000 0.072s/rec
ep0 step 710/1572 loss 0.312 kl 0.000 anchor 0.000 0.071s/rec
ep0 step 720/1572 loss 0.235 kl 0.000 anchor 0.000 0.071s/rec
ep0 step 730/1572 loss 0.441 kl 0.000 anchor 0.000 0.070s/rec
ep0 step 740/1572 loss 0.478 kl 0.000 anchor 0.000 0.070s/rec
ep0 step 750/1572 loss 0.318 kl 0.000 anchor 0.000 0.069s/rec
ep0 step 760/1572 loss 0.381 kl 0.000 anchor 0.000 0.069s/rec
ep0 step 770/1572 loss 0.369 kl 0.000 anchor 0.000 0.068s/rec
ep0 step 780/1572 loss 0.384 kl 0.000 anchor 0.000 0.068s/rec
ep0 step 790/1572 loss 0.320 kl 0.000 anchor 0.000 0.068s/rec
ep0 step 800/1572 loss 0.315 kl 0.000 anchor 0.000 0.067s/rec
ep0 step 810/1572 loss 0.528 kl 0.000 anchor 0.000 0.067s/rec
ep0 step 820/1572 loss 0.435 kl 0.000 anchor 0.000 0.066s/rec
ep0 step 830/1572 loss 0.465 kl 0.000 anchor 0.000 0.066s/rec
ep0 step 840/1572 loss 0.373 kl 0.000 anchor 0.000 0.066s/rec
ep0 step 850/1572 loss 0.249 kl 0.000 anchor 0.000 0.065s/rec
ep0 step 860/1572 loss 0.374 kl 0.000 anchor 0.000 0.065s/rec
ep0 step 870/1572 loss 0.420 kl 0.000 anchor 0.000 0.065s/rec
ep0 step 880/1572 loss 0.376 kl 0.000 anchor 0.000 0.064s/rec
ep0 step 890/1572 loss 0.403 kl 0.000 anchor 0.000 0.064s/rec
ep0 step 900/1572 loss 0.331 kl 0.000 anchor 0.000 0.064s/rec
ep0 step 910/1572 loss 0.431 kl 0.000 anchor 0.000 0.063s/rec
ep0 step 920/1572 loss 0.402 kl 0.000 anchor 0.000 0.063s/rec
ep0 step 930/1572 loss 0.376 kl 0.000 anchor 0.000 0.063s/rec
ep0 step 940/1572 loss 0.371 kl 0.000 anchor 0.000 0.063s/rec
ep0 step 950/1572 loss 0.361 kl 0.000 anchor 0.000 0.062s/rec
ep0 step 960/1572 loss 0.379 kl 0.000 anchor 0.000 0.062s/rec
ep0 step 970/1572 loss 0.417 kl 0.000 anchor 0.000 0.062s/rec
ep0 step 980/1572 loss 0.376 kl 0.000 anchor 0.000 0.062s/rec
ep0 step 990/1572 loss 0.445 kl 0.000 anchor 0.000 0.061s/rec
ep0 step 1000/1572 loss 0.358 kl 0.000 anchor 0.000 0.061s/rec
ep0 step 1010/1572 loss 0.440 kl 0.000 anchor 0.000 0.061s/rec
ep0 step 1020/1572 loss 0.406 kl 0.000 anchor 0.000 0.061s/rec
ep0 step 1030/1572 loss 0.269 kl 0.000 anchor 0.000 0.060s/rec
ep0 step 1040/1572 loss 0.380 kl 0.000 anchor 0.000 0.060s/rec
ep0 step 1050/1572 loss 0.424 kl 0.000 anchor 0.000 0.060s/rec
ep0 step 1060/1572 loss 0.323 kl 0.000 anchor 0.000 0.060s/rec
ep0 step 1070/1572 loss 0.322 kl 0.000 anchor 0.000 0.059s/rec
ep0 step 1080/1572 loss 0.324 kl 0.000 anchor 0.000 0.059s/rec
ep0 step 1090/1572 loss 0.371 kl 0.000 anchor 0.000 0.059s/rec
ep0 step 1100/1572 loss 0.373 kl 0.000 anchor 0.000 0.059s/rec
ep0 step 1110/1572 loss 0.394 kl 0.000 anchor 0.000 0.059s/rec
ep0 step 1120/1572 loss 0.421 kl 0.000 anchor 0.000 0.058s/rec
ep0 step 1130/1572 loss 0.328 kl 0.000 anchor 0.000 0.058s/rec
ep0 step 1140/1572 loss 0.319 kl 0.000 anchor 0.000 0.058s/rec
ep0 step 1150/1572 loss 0.335 kl 0.000 anchor 0.000 0.058s/rec
ep0 step 1160/1572 loss 0.336 kl 0.000 anchor 0.000 0.058s/rec
ep0 step 1170/1572 loss 0.215 kl 0.000 anchor 0.000 0.057s/rec
ep0 step 1180/1572 loss 0.331 kl 0.000 anchor 0.000 0.057s/rec
ep0 step 1190/1572 loss 0.385 kl 0.000 anchor 0.000 0.057s/rec
ep0 step 1200/1572 loss 0.344 kl 0.000 anchor 0.000 0.057s/rec
ep0 step 1210/1572 loss 0.332 kl 0.000 anchor 0.000 0.057s/rec
ep0 step 1220/1572 loss 0.431 kl 0.000 anchor 0.000 0.057s/rec
ep0 step 1230/1572 loss 0.345 kl 0.000 anchor 0.000 0.056s/rec
ep0 step 1240/1572 loss 0.362 kl 0.000 anchor 0.000 0.056s/rec
ep0 step 1250/1572 loss 0.342 kl 0.000 anchor 0.000 0.056s/rec
ep0 step 1260/1572 loss 0.365 kl 0.000 anchor 0.000 0.056s/rec
ep0 step 1270/1572 loss 0.350 kl 0.000 anchor 0.000 0.056s/rec
ep0 step 1280/1572 loss 0.404 kl 0.000 anchor 0.000 0.056s/rec
ep0 step 1290/1572 loss 0.329 kl 0.000 anchor 0.000 0.056s/rec
ep0 step 1300/1572 loss 0.388 kl 0.000 anchor 0.000 0.056s/rec
ep0 step 1310/1572 loss 0.373 kl 0.000 anchor 0.000 0.055s/rec
ep0 step 1320/1572 loss 0.353 kl 0.000 anchor 0.000 0.055s/rec
ep0 step 1330/1572 loss 0.346 kl 0.000 anchor 0.000 0.055s/rec
ep0 step 1340/1572 loss 0.381 kl 0.000 anchor 0.000 0.055s/rec
ep0 step 1350/1572 loss 0.419 kl 0.000 anchor 0.000 0.055s/rec
ep0 step 1360/1572 loss 0.375 kl 0.000 anchor 0.000 0.055s/rec
ep0 step 1370/1572 loss 0.424 kl 0.000 anchor 0.000 0.055s/rec
ep0 step 1380/1572 loss 0.378 kl 0.000 anchor 0.000 0.054s/rec
ep0 step 1390/1572 loss 0.410 kl 0.000 anchor 0.000 0.054s/rec
ep0 step 1400/1572 loss 0.414 kl 0.000 anchor 0.000 0.054s/rec
ep0 step 1410/1572 loss 0.326 kl 0.000 anchor 0.000 0.054s/rec
ep0 step 1420/1572 loss 0.326 kl 0.000 anchor 0.000 0.054s/rec
ep0 step 1430/1572 loss 0.379 kl 0.000 anchor 0.000 0.054s/rec
ep0 step 1440/1572 loss 0.344 kl 0.000 anchor 0.000 0.054s/rec
ep0 step 1450/1572 loss 0.331 kl 0.000 anchor 0.000 0.054s/rec
ep0 step 1460/1572 loss 0.308 kl 0.000 anchor 0.000 0.053s/rec
ep0 step 1470/1572 loss 0.409 kl 0.000 anchor 0.000 0.053s/rec
ep0 step 1480/1572 loss 0.424 kl 0.000 anchor 0.000 0.053s/rec
ep0 step 1490/1572 loss 0.248 kl 0.000 anchor 0.000 0.053s/rec
ep0 step 1500/1572 loss 0.370 kl 0.000 anchor 0.000 0.053s/rec
ep0 step 1510/1572 loss 0.418 kl 0.000 anchor 0.000 0.053s/rec
ep0 step 1520/1572 loss 0.518 kl 0.000 anchor 0.000 0.053s/rec
ep0 step 1530/1572 loss 0.478 kl 0.000 anchor 0.000 0.053s/rec
ep0 step 1540/1572 loss 0.353 kl 0.000 anchor 0.000 0.052s/rec
ep0 step 1550/1572 loss 0.492 kl 0.000 anchor 0.000 0.052s/rec
ep0 step 1560/1572 loss 0.290 kl 0.000 anchor 0.000 0.052s/rec
ep0 step 1570/1572 loss 0.319 kl 0.000 anchor 0.000 0.052s/rec
saved /runs/r4-soft/02-trial-2/checkpoint
