Warning: You are sending unauthenticated requests to the HF Hub. Please set a HF_TOKEN to enable higher rate limits and faster downloads.
delta: warm start from /__modal/volumes/vo-kEMu8BkBAIrorAQI6V8f2D/hub/models--jaredpalmer--kev-9b/snapshots/6281032426a9ca3a08374d137bf9dfd8afd78e8a: 496 adapter tensors and the pointer head loaded
device=cuda trainable params=45.4M
replay: 2000 of 12576 suite training records mixed with 2225 from evals/night2/all.jsonl
4225 training requests (holdout=[]), questions by type {'noul': 2288, 'score': 1431, 'choice': 1214}
[transformers] `causal_conv1d_fn` is falling back to its reference PyTorch implementation because `causal_conv1d` is not installed. This is correct but much slower; install `causal_conv1d` for the optimized kernel.
ep0 step 10/529 loss 0.126 kl 0.000 anchor 0.000 1.738s/rec
ep0 step 20/529 loss 0.305 kl 0.000 anchor 0.000 0.983s/rec
ep0 step 30/529 loss 0.240 kl 0.000 anchor 0.000 0.759s/rec
ep0 step 40/529 loss 0.259 kl 0.000 anchor 0.000 0.639s/rec
ep0 step 50/529 loss 0.365 kl 0.000 anchor 0.000 0.565s/rec
ep0 step 60/529 loss 0.122 kl 0.000 anchor 0.000 0.503s/rec
ep0 step 70/529 loss 0.158 kl 0.000 anchor 0.000 0.462s/rec
ep0 step 80/529 loss 0.398 kl 0.000 anchor 0.000 0.437s/rec
ep0 step 90/529 loss 0.259 kl 0.000 anchor 0.000 0.411s/rec
ep0 step 100/529 loss 0.130 kl 0.000 anchor 0.000 0.392s/rec
ep0 step 110/529 loss 0.668 kl 0.000 anchor 0.000 0.379s/rec
ep0 step 120/529 loss 0.202 kl 0.000 anchor 0.000 0.367s/rec
ep0 step 130/529 loss 0.185 kl 0.000 anchor 0.000 0.353s/rec
ep0 step 140/529 loss 0.226 kl 0.000 anchor 0.000 0.346s/rec
ep0 step 150/529 loss 0.142 kl 0.000 anchor 0.000 0.337s/rec
ep0 step 160/529 loss 0.180 kl 0.000 anchor 0.000 0.345s/rec
ep0 step 170/529 loss 0.196 kl 0.000 anchor 0.000 0.340s/rec
ep0 step 180/529 loss 0.305 kl 0.000 anchor 0.000 0.334s/rec
ep0 step 190/529 loss 0.143 kl 0.000 anchor 0.000 0.328s/rec
ep0 step 200/529 loss 0.727 kl 0.000 anchor 0.000 0.322s/rec
ep0 step 210/529 loss 0.492 kl 0.000 anchor 0.000 0.316s/rec
ep0 step 220/529 loss 0.254 kl 0.000 anchor 0.000 0.311s/rec
ep0 step 230/529 loss 0.113 kl 0.000 anchor 0.000 0.306s/rec
ep0 step 240/529 loss 0.197 kl 0.000 anchor 0.000 0.302s/rec
ep0 step 250/529 loss 0.222 kl 0.000 anchor 0.000 0.298s/rec
ep0 step 260/529 loss 0.322 kl 0.000 anchor 0.000 0.295s/rec
ep0 step 270/529 loss 0.164 kl 0.000 anchor 0.000 0.293s/rec
ep0 step 280/529 loss 0.164 kl 0.000 anchor 0.000 0.291s/rec
ep0 step 290/529 loss 0.158 kl 0.000 anchor 0.000 0.288s/rec
ep0 step 300/529 loss 0.241 kl 0.000 anchor 0.000 0.287s/rec
ep0 step 310/529 loss 0.345 kl 0.000 anchor 0.000 0.285s/rec
ep0 step 320/529 loss 0.143 kl 0.000 anchor 0.000 0.284s/rec
ep0 step 330/529 loss 0.268 kl 0.000 anchor 0.000 0.281s/rec
ep0 step 340/529 loss 0.316 kl 0.000 anchor 0.000 0.279s/rec
ep0 step 350/529 loss 0.217 kl 0.000 anchor 0.000 0.278s/rec
ep0 step 360/529 loss 0.282 kl 0.000 anchor 0.000 0.277s/rec
ep0 step 370/529 loss 0.104 kl 0.000 anchor 0.000 0.275s/rec
ep0 step 380/529 loss 0.225 kl 0.000 anchor 0.000 0.274s/rec
ep0 step 390/529 loss 0.168 kl 0.000 anchor 0.000 0.273s/rec
ep0 step 400/529 loss 0.076 kl 0.000 anchor 0.000 0.272s/rec
ep0 step 410/529 loss 0.092 kl 0.000 anchor 0.000 0.271s/rec
ep0 step 420/529 loss 0.210 kl 0.000 anchor 0.000 0.270s/rec
ep0 step 430/529 loss 0.167 kl 0.000 anchor 0.000 0.269s/rec
ep0 step 440/529 loss 0.210 kl 0.000 anchor 0.000 0.269s/rec
ep0 step 450/529 loss 0.197 kl 0.000 anchor 0.000 0.268s/rec
ep0 step 460/529 loss 0.300 kl 0.000 anchor 0.000 0.267s/rec
ep0 step 470/529 loss 0.393 kl 0.000 anchor 0.000 0.266s/rec
ep0 step 480/529 loss 0.142 kl 0.000 anchor 0.000 0.265s/rec
ep0 step 490/529 loss 0.247 kl 0.000 anchor 0.000 0.264s/rec
ep0 step 500/529 loss 0.266 kl 0.000 anchor 0.000 0.263s/rec
ep0 step 510/529 loss 0.168 kl 0.000 anchor 0.000 0.263s/rec
ep0 step 520/529 loss 0.384 kl 0.000 anchor 0.000 0.263s/rec
saved /runs/night2-9b/03-trial-3/checkpoint
