Warning: You are sending unauthenticated requests to the HF Hub. Please set a HF_TOKEN to enable higher rate limits and faster downloads.
delta: warm start from /__modal/volumes/vo-kEMu8BkBAIrorAQI6V8f2D/hub/models--jaredpalmer--kev-9b/snapshots/2629c06a5aeb0feb3b9783bafed17ed8f39ecf5c: 496 adapter tensors and the pointer head loaded
device=cuda trainable params=45.4M
replay: 2000 of 12576 suite training records mixed with 1738 from evals/round4/ambiguity-v1/soft.jsonl
3738 training requests (holdout=[]), questions by type {'choice': 1653, 'noul': 1826, 'score': 1569}
[transformers] `causal_conv1d_fn` is falling back to its reference PyTorch implementation because `causal_conv1d` is not installed. This is correct but much slower; install `causal_conv1d` for the optimized kernel.
ep0 step 10/468 loss 1.079 kl 0.000 anchor 0.000 1.743s/rec
ep0 step 20/468 loss 0.985 kl 0.000 anchor 0.000 1.080s/rec
ep0 step 30/468 loss 0.791 kl 0.000 anchor 0.000 0.779s/rec
ep0 step 40/468 loss 0.566 kl 0.000 anchor 0.000 0.625s/rec
ep0 step 50/468 loss 0.504 kl 0.000 anchor 0.000 0.550s/rec
ep0 step 60/468 loss 0.448 kl 0.000 anchor 0.000 0.493s/rec
ep0 step 70/468 loss 0.614 kl 0.000 anchor 0.000 0.449s/rec
ep0 step 80/468 loss 0.779 kl 0.000 anchor 0.000 0.417s/rec
ep0 step 90/468 loss 0.502 kl 0.000 anchor 0.000 0.393s/rec
ep0 step 100/468 loss 0.575 kl 0.000 anchor 0.000 0.374s/rec
ep0 step 110/468 loss 0.557 kl 0.000 anchor 0.000 0.359s/rec
ep0 step 120/468 loss 0.486 kl 0.000 anchor 0.000 0.347s/rec
ep0 step 130/468 loss 0.444 kl 0.000 anchor 0.000 0.335s/rec
ep0 step 140/468 loss 0.622 kl 0.000 anchor 0.000 0.326s/rec
ep0 step 150/468 loss 0.514 kl 0.000 anchor 0.000 0.319s/rec
ep0 step 160/468 loss 0.507 kl 0.000 anchor 0.000 0.313s/rec
ep0 step 170/468 loss 0.455 kl 0.000 anchor 0.000 0.306s/rec
ep0 step 180/468 loss 0.538 kl 0.000 anchor 0.000 0.302s/rec
ep0 step 190/468 loss 0.609 kl 0.000 anchor 0.000 0.296s/rec
ep0 step 200/468 loss 0.511 kl 0.000 anchor 0.000 0.292s/rec
