Warning: You are sending unauthenticated requests to the HF Hub. Please set a HF_TOKEN to enable higher rate limits and faster downloads.
device=cuda world=1 trainable params=11.3M
12576 training requests (holdout=[]), questions by type {'score': 3448, 'noul': 5224, 'choice': 6904}
[transformers] `causal_conv1d_fn` is falling back to its reference PyTorch implementation because `causal_conv1d` is not installed. This is correct but much slower; install `causal_conv1d` for the optimized kernel.
ep0 step 10/300 loss 2.524 kl 0.000 anchor 0.000 0.189s/rec
ep0 step 20/300 loss 1.758 kl 0.000 anchor 0.000 0.119s/rec
ep0 step 30/300 loss 1.723 kl 0.000 anchor 0.000 0.089s/rec
ep0 step 40/300 loss 1.637 kl 0.000 anchor 0.000 0.078s/rec
ep0 step 50/300 loss 1.453 kl 0.000 anchor 0.000 0.070s/rec
ep0 step 60/300 loss 1.112 kl 0.000 anchor 0.000 0.064s/rec
ep0 step 70/300 loss 1.266 kl 0.000 anchor 0.000 0.059s/rec
ep0 step 80/300 loss 0.991 kl 0.000 anchor 0.000 0.055s/rec
ep0 step 90/300 loss 1.127 kl 0.000 anchor 0.000 0.053s/rec
ep0 step 100/300 loss 1.023 kl 0.000 anchor 0.000 0.051s/rec
ep0 step 110/300 loss 0.965 kl 0.000 anchor 0.000 0.049s/rec
ep0 step 120/300 loss 0.900 kl 0.000 anchor 0.000 0.047s/rec
ep0 step 130/300 loss 0.947 kl 0.000 anchor 0.000 0.046s/rec
ep0 step 140/300 loss 0.795 kl 0.000 anchor 0.000 0.045s/rec
ep0 step 150/300 loss 0.867 kl 0.000 anchor 0.000 0.045s/rec
ep0 step 160/300 loss 0.775 kl 0.000 anchor 0.000 0.044s/rec
ep0 step 170/300 loss 0.848 kl 0.000 anchor 0.000 0.043s/rec
ep0 step 180/300 loss 0.952 kl 0.000 anchor 0.000 0.042s/rec
ep0 step 190/300 loss 0.788 kl 0.000 anchor 0.000 0.041s/rec
ep0 step 200/300 loss 0.615 kl 0.000 anchor 0.000 0.041s/rec
ep0 step 210/300 loss 0.849 kl 0.000 anchor 0.000 0.040s/rec
ep0 step 220/300 loss 0.541 kl 0.000 anchor 0.000 0.040s/rec
ep0 step 230/300 loss 0.611 kl 0.000 anchor 0.000 0.039s/rec
ep0 step 240/300 loss 0.942 kl 0.000 anchor 0.000 0.039s/rec
ep0 step 250/300 loss 0.620 kl 0.000 anchor 0.000 0.040s/rec
ep0 step 260/300 loss 0.646 kl 0.000 anchor 0.000 0.040s/rec
ep0 step 270/300 loss 0.676 kl 0.000 anchor 0.000 0.039s/rec
ep0 step 280/300 loss 0.809 kl 0.000 anchor 0.000 0.039s/rec
ep0 step 290/300 loss 0.807 kl 0.000 anchor 0.000 0.039s/rec
ep0 step 300/300 loss 0.697 kl 0.000 anchor 0.000 0.038s/rec
saved /runs/sft-smoke-08b-lora/00-trial-0/checkpoint
