Warning: You are sending unauthenticated requests to the HF Hub. Please set a HF_TOKEN to enable higher rate limits and faster downloads.
Warning: You are sending unauthenticated requests to the HF Hub. Please set a HF_TOKEN to enable higher rate limits and faster downloads.
device=cuda world=2 trainable params=752.9M
fetched v7/decision-v7/train.jsonl from jaredpalmer/kev-suites@a88f56db53
12576 training requests (holdout=[]), questions by type {'score': 3448, 'noul': 5224, 'choice': 6904}
snapshots after optimizer steps [300, 600, 900] of 1200 -> /runs/snapshots-e2e-08b/00-trial-0/snapshots/step-<N>/checkpoint
ep0 step 10/1200 loss 3.361 kl 0.000 anchor 0.000 0.344s/rec
ep0 step 20/1200 loss 1.846 kl 0.000 anchor 0.000 0.229s/rec
ep0 step 30/1200 loss 1.734 kl 0.000 anchor 0.000 0.175s/rec
ep0 step 40/1200 loss 1.293 kl 0.000 anchor 0.000 0.142s/rec
ep0 step 50/1200 loss 1.457 kl 0.000 anchor 0.000 0.133s/rec
ep0 step 60/1200 loss 1.305 kl 0.000 anchor 0.000 0.141s/rec
ep0 step 70/1200 loss 1.063 kl 0.000 anchor 0.000 0.136s/rec
ep0 step 80/1200 loss 1.078 kl 0.000 anchor 0.000 0.129s/rec
ep0 step 90/1200 loss 0.796 kl 0.000 anchor 0.000 0.127s/rec
ep0 step 100/1200 loss 1.838 kl 0.000 anchor 0.000 0.132s/rec
ep0 step 110/1200 loss 1.625 kl 0.000 anchor 0.000 0.137s/rec
ep0 step 120/1200 loss 1.066 kl 0.000 anchor 0.000 0.136s/rec
ep0 step 130/1200 loss 1.491 kl 0.000 anchor 0.000 0.137s/rec
ep0 step 140/1200 loss 1.004 kl 0.000 anchor 0.000 0.137s/rec
ep0 step 150/1200 loss 0.896 kl 0.000 anchor 0.000 0.134s/rec
ep0 step 160/1200 loss 0.823 kl 0.000 anchor 0.000 0.134s/rec
ep0 step 170/1200 loss 1.027 kl 0.000 anchor 0.000 0.135s/rec
ep0 step 180/1200 loss 1.116 kl 0.000 anchor 0.000 0.135s/rec
ep0 step 190/1200 loss 1.486 kl 0.000 anchor 0.000 0.137s/rec
ep0 step 200/1200 loss 0.784 kl 0.000 anchor 0.000 0.137s/rec
ep0 step 210/1200 loss 0.995 kl 0.000 anchor 0.000 0.137s/rec
ep0 step 220/1200 loss 0.901 kl 0.000 anchor 0.000 0.137s/rec
ep0 step 230/1200 loss 0.684 kl 0.000 anchor 0.000 0.135s/rec
ep0 step 240/1200 loss 1.013 kl 0.000 anchor 0.000 0.133s/rec
ep0 step 250/1200 loss 0.825 kl 0.000 anchor 0.000 0.134s/rec
ep0 step 260/1200 loss 1.125 kl 0.000 anchor 0.000 0.136s/rec
ep0 step 270/1200 loss 0.892 kl 0.000 anchor 0.000 0.135s/rec
ep0 step 280/1200 loss 0.991 kl 0.000 anchor 0.000 0.135s/rec
ep0 step 290/1200 loss 1.314 kl 0.000 anchor 0.000 0.135s/rec
ep0 step 300/1200 loss 0.894 kl 0.000 anchor 0.000 0.134s/rec
snapshot step 300: /runs/snapshots-e2e-08b/00-trial-0/snapshots/step-300/checkpoint (training blocked 0.8 s, written in 5.3 s)
ep0 step 310/1200 loss 1.106 kl 0.000 anchor 0.000 0.138s/rec
ep0 step 320/1200 loss 0.797 kl 0.000 anchor 0.000 0.138s/rec
ep0 step 330/1200 loss 1.045 kl 0.000 anchor 0.000 0.137s/rec
ep0 step 340/1200 loss 0.541 kl 0.000 anchor 0.000 0.138s/rec
ep0 step 350/1200 loss 0.874 kl 0.000 anchor 0.000 0.137s/rec
ep0 step 360/1200 loss 0.717 kl 0.000 anchor 0.000 0.138s/rec
ep0 step 370/1200 loss 0.692 kl 0.000 anchor 0.000 0.137s/rec
ep0 step 380/1200 loss 0.829 kl 0.000 anchor 0.000 0.137s/rec
ep0 step 390/1200 loss 0.554 kl 0.000 anchor 0.000 0.136s/rec
ep0 step 400/1200 loss 1.070 kl 0.000 anchor 0.000 0.136s/rec
ep0 step 410/1200 loss 0.713 kl 0.000 anchor 0.000 0.136s/rec
ep0 step 420/1200 loss 0.407 kl 0.000 anchor 0.000 0.135s/rec
ep0 step 430/1200 loss 0.940 kl 0.000 anchor 0.000 0.136s/rec
ep0 step 440/1200 loss 0.747 kl 0.000 anchor 0.000 0.135s/rec
ep0 step 450/1200 loss 0.827 kl 0.000 anchor 0.000 0.134s/rec
ep0 step 460/1200 loss 0.673 kl 0.000 anchor 0.000 0.135s/rec
ep0 step 470/1200 loss 0.734 kl 0.000 anchor 0.000 0.135s/rec
ep0 step 480/1200 loss 0.582 kl 0.000 anchor 0.000 0.136s/rec
ep0 step 490/1200 loss 1.057 kl 0.000 anchor 0.000 0.135s/rec
ep0 step 500/1200 loss 0.697 kl 0.000 anchor 0.000 0.135s/rec
ep0 step 510/1200 loss 0.899 kl 0.000 anchor 0.000 0.136s/rec
ep0 step 520/1200 loss 1.119 kl 0.000 anchor 0.000 0.135s/rec
ep0 step 530/1200 loss 0.785 kl 0.000 anchor 0.000 0.135s/rec
ep0 step 540/1200 loss 0.483 kl 0.000 anchor 0.000 0.136s/rec
ep0 step 550/1200 loss 0.751 kl 0.000 anchor 0.000 0.135s/rec
ep0 step 560/1200 loss 0.848 kl 0.000 anchor 0.000 0.135s/rec
Warning: You are sending unauthenticated requests to the HF Hub. Please set a HF_TOKEN to enable higher rate limits and faster downloads.
device=cuda world=2 trainable params=752.9M
fetched v7/decision-v7/train.jsonl from jaredpalmer/kev-suites@a88f56db53
12576 training requests (holdout=[]), questions by type {'score': 3448, 'noul': 5224, 'choice': 6904}
resumed from /runs/snapshots-e2e-08b/00-trial-0/checkpoint/resume/step-0000550: step 550, epoch 0, micro-batch 550
snapshots after optimizer steps [300, 600, 900] of 1200 -> /runs/snapshots-e2e-08b/00-trial-0/snapshots/step-<N>/checkpoint
ep0 step 560/1200 loss 0.849 kl 0.000 anchor 0.000 0.162s/rec
ep0 step 570/1200 loss 0.547 kl 0.000 anchor 0.000 0.161s/rec
ep0 step 580/1200 loss 0.675 kl 0.000 anchor 0.000 0.160s/rec
ep0 step 590/1200 loss 1.159 kl 0.000 anchor 0.000 0.159s/rec
ep0 step 600/1200 loss 0.538 kl 0.000 anchor 0.000 0.157s/rec
snapshot step 600: /runs/snapshots-e2e-08b/00-trial-0/snapshots/step-600/checkpoint (training blocked 0.9 s, written in 3.2 s)
ep0 step 610/1200 loss 0.644 kl 0.000 anchor 0.000 0.159s/rec
ep0 step 620/1200 loss 1.050 kl 0.000 anchor 0.000 0.159s/rec
ep0 step 630/1200 loss 0.617 kl 0.000 anchor 0.000 0.158s/rec
ep0 step 640/1200 loss 0.526 kl 0.000 anchor 0.000 0.157s/rec
ep0 step 650/1200 loss 1.093 kl 0.000 anchor 0.000 0.157s/rec
ep0 step 660/1200 loss 0.940 kl 0.000 anchor 0.000 0.158s/rec
ep0 step 670/1200 loss 0.575 kl 0.000 anchor 0.000 0.157s/rec
ep0 step 680/1200 loss 0.326 kl 0.000 anchor 0.000 0.157s/rec
ep0 step 690/1200 loss 0.841 kl 0.000 anchor 0.000 0.156s/rec
ep0 step 700/1200 loss 0.698 kl 0.000 anchor 0.000 0.155s/rec
ep0 step 710/1200 loss 0.552 kl 0.000 anchor 0.000 0.155s/rec
ep0 step 720/1200 loss 0.774 kl 0.000 anchor 0.000 0.154s/rec
ep0 step 730/1200 loss 0.986 kl 0.000 anchor 0.000 0.153s/rec
ep0 step 740/1200 loss 0.485 kl 0.000 anchor 0.000 0.152s/rec
ep0 step 750/1200 loss 0.439 kl 0.000 anchor 0.000 0.151s/rec
ep0 step 760/1200 loss 0.950 kl 0.000 anchor 0.000 0.151s/rec
ep0 step 770/1200 loss 0.450 kl 0.000 anchor 0.000 0.150s/rec
ep0 step 780/1200 loss 0.643 kl 0.000 anchor 0.000 0.149s/rec
ep0 step 790/1200 loss 0.656 kl 0.000 anchor 0.000 0.148s/rec
ep0 step 800/1200 loss 0.650 kl 0.000 anchor 0.000 0.147s/rec
ep0 step 810/1200 loss 0.530 kl 0.000 anchor 0.000 0.147s/rec
ep0 step 820/1200 loss 0.713 kl 0.000 anchor 0.000 0.147s/rec
ep0 step 830/1200 loss 0.777 kl 0.000 anchor 0.000 0.146s/rec
ep0 step 840/1200 loss 0.566 kl 0.000 anchor 0.000 0.145s/rec
ep0 step 850/1200 loss 0.544 kl 0.000 anchor 0.000 0.144s/rec
ep0 step 860/1200 loss 0.436 kl 0.000 anchor 0.000 0.144s/rec
ep0 step 870/1200 loss 0.725 kl 0.000 anchor 0.000 0.143s/rec
ep0 step 880/1200 loss 0.552 kl 0.000 anchor 0.000 0.143s/rec
ep0 step 890/1200 loss 0.978 kl 0.000 anchor 0.000 0.142s/rec
ep0 step 900/1200 loss 0.606 kl 0.000 anchor 0.000 0.141s/rec
snapshot step 900: /runs/snapshots-e2e-08b/00-trial-0/snapshots/step-900/checkpoint (training blocked 0.7 s, written in 6.4 s)
ep0 step 910/1200 loss 0.767 kl 0.000 anchor 0.000 0.142s/rec
ep0 step 920/1200 loss 0.434 kl 0.000 anchor 0.000 0.141s/rec
ep0 step 930/1200 loss 0.361 kl 0.000 anchor 0.000 0.140s/rec
ep0 step 940/1200 loss 0.655 kl 0.000 anchor 0.000 0.140s/rec
ep0 step 950/1200 loss 0.479 kl 0.000 anchor 0.000 0.139s/rec
ep0 step 960/1200 loss 0.535 kl 0.000 anchor 0.000 0.139s/rec
ep0 step 970/1200 loss 0.384 kl 0.000 anchor 0.000 0.138s/rec
ep0 step 980/1200 loss 0.921 kl 0.000 anchor 0.000 0.137s/rec
ep0 step 990/1200 loss 0.619 kl 0.000 anchor 0.000 0.137s/rec
ep0 step 1000/1200 loss 0.464 kl 0.000 anchor 0.000 0.136s/rec
ep0 step 1010/1200 loss 0.601 kl 0.000 anchor 0.000 0.137s/rec
ep0 step 1020/1200 loss 0.638 kl 0.000 anchor 0.000 0.136s/rec
ep0 step 1030/1200 loss 0.614 kl 0.000 anchor 0.000 0.135s/rec
ep0 step 1040/1200 loss 0.733 kl 0.000 anchor 0.000 0.135s/rec
ep0 step 1050/1200 loss 0.636 kl 0.000 anchor 0.000 0.134s/rec
ep0 step 1060/1200 loss 0.590 kl 0.000 anchor 0.000 0.134s/rec
ep0 step 1070/1200 loss 0.501 kl 0.000 anchor 0.000 0.134s/rec
ep0 step 1080/1200 loss 0.655 kl 0.000 anchor 0.000 0.134s/rec
ep0 step 1090/1200 loss 0.390 kl 0.000 anchor 0.000 0.133s/rec
ep0 step 1100/1200 loss 0.470 kl 0.000 anchor 0.000 0.133s/rec
ep0 step 1110/1200 loss 0.635 kl 0.000 anchor 0.000 0.133s/rec
ep0 step 1120/1200 loss 0.463 kl 0.000 anchor 0.000 0.132s/rec
ep0 step 1130/1200 loss 0.552 kl 0.000 anchor 0.000 0.132s/rec
ep0 step 1140/1200 loss 0.886 kl 0.000 anchor 0.000 0.131s/rec
ep0 step 1150/1200 loss 0.993 kl 0.000 anchor 0.000 0.131s/rec
ep0 step 1160/1200 loss 0.556 kl 0.000 anchor 0.000 0.131s/rec
ep0 step 1170/1200 loss 0.600 kl 0.000 anchor 0.000 0.131s/rec
ep0 step 1180/1200 loss 0.972 kl 0.000 anchor 0.000 0.130s/rec
ep0 step 1190/1200 loss 0.927 kl 0.000 anchor 0.000 0.130s/rec
ep0 step 1200/1200 loss 0.434 kl 0.000 anchor 0.000 0.130s/rec
/.uv/.venv/lib/python3.13/site-packages/torch/distributed/distributed_c10d.py:4807: UserWarning: No device id is provided via `init_process_group` or `barrier `. Using the current device set by the user. 
  warnings.warn(  # warn only once
/.uv/.venv/lib/python3.13/site-packages/torch/distributed/distributed_c10d.py:4807: UserWarning: No device id is provided via `init_process_group` or `barrier `. Using the current device set by the user. 
  warnings.warn(  # warn only once
saved /runs/snapshots-e2e-08b/00-trial-0/checkpoint
[rank0]:[W925 23:11:48.968436374 ProcessGroupNCCL.cpp:1538] Warning: WARNING: destroy_process_group() was not called before program exit, which can leak resources. For more info, please see https://pytorch.org/docs/stable/distributed.html#shutdown (function operator())
