Warning: You are sending unauthenticated requests to the HF Hub. Please set a HF_TOKEN to enable higher rate limits and faster downloads.
device=cuda trainable params=11.3M
12576 training requests (holdout=[]), questions by type {'score': 3448, 'noul': 5224, 'choice': 6904}
[transformers] `causal_conv1d_fn` is falling back to its reference PyTorch implementation because `causal_conv1d` is not installed. This is correct but much slower; install `causal_conv1d` for the optimized kernel.
ep0 step 10/3144 loss 1.881 kl 0.000 anchor 0.000 1.694s/rec
ep0 step 20/3144 loss 2.141 kl 0.000 anchor 0.000 1.024s/rec
ep0 step 30/3144 loss 1.893 kl 0.000 anchor 0.000 0.694s/rec
ep0 step 40/3144 loss 1.741 kl 0.000 anchor 0.000 0.544s/rec
ep0 step 50/3144 loss 1.794 kl 0.000 anchor 0.000 0.438s/rec
ep0 step 60/3144 loss 1.776 kl 0.000 anchor 0.000 0.364s/rec
ep0 step 70/3144 loss 1.850 kl 0.000 anchor 0.000 0.314s/rec
ep0 step 80/3144 loss 1.598 kl 0.000 anchor 0.000 0.282s/rec
ep0 step 90/3144 loss 1.326 kl 0.000 anchor 0.000 0.259s/rec
ep0 step 100/3144 loss 1.702 kl 0.000 anchor 0.000 0.236s/rec
ep0 step 110/3144 loss 1.423 kl 0.000 anchor 0.000 0.217s/rec
ep0 step 120/3144 loss 1.348 kl 0.000 anchor 0.000 0.204s/rec
ep0 step 130/3144 loss 1.271 kl 0.000 anchor 0.000 0.190s/rec
ep0 step 140/3144 loss 1.164 kl 0.000 anchor 0.000 0.179s/rec
ep0 step 150/3144 loss 1.059 kl 0.000 anchor 0.000 0.170s/rec
ep0 step 160/3144 loss 0.999 kl 0.000 anchor 0.000 0.162s/rec
ep0 step 170/3144 loss 1.001 kl 0.000 anchor 0.000 0.154s/rec
ep0 step 180/3144 loss 0.998 kl 0.000 anchor 0.000 0.147s/rec
ep0 step 190/3144 loss 1.180 kl 0.000 anchor 0.000 0.141s/rec
ep0 step 200/3144 loss 0.993 kl 0.000 anchor 0.000 0.135s/rec
ep0 step 210/3144 loss 0.993 kl 0.000 anchor 0.000 0.130s/rec
ep0 step 220/3144 loss 0.986 kl 0.000 anchor 0.000 0.126s/rec
ep0 step 230/3144 loss 1.006 kl 0.000 anchor 0.000 0.122s/rec
ep0 step 240/3144 loss 0.704 kl 0.000 anchor 0.000 0.118s/rec
ep0 step 250/3144 loss 0.846 kl 0.000 anchor 0.000 0.114s/rec
ep0 step 260/3144 loss 0.931 kl 0.000 anchor 0.000 0.111s/rec
ep0 step 270/3144 loss 1.061 kl 0.000 anchor 0.000 0.108s/rec
ep0 step 280/3144 loss 0.746 kl 0.000 anchor 0.000 0.107s/rec
ep0 step 290/3144 loss 0.911 kl 0.000 anchor 0.000 0.104s/rec
ep0 step 300/3144 loss 0.883 kl 0.000 anchor 0.000 0.101s/rec
ep0 step 310/3144 loss 1.032 kl 0.000 anchor 0.000 0.099s/rec
ep0 step 320/3144 loss 0.901 kl 0.000 anchor 0.000 0.097s/rec
ep0 step 330/3144 loss 0.770 kl 0.000 anchor 0.000 0.095s/rec
ep0 step 340/3144 loss 0.924 kl 0.000 anchor 0.000 0.093s/rec
ep0 step 350/3144 loss 0.700 kl 0.000 anchor 0.000 0.091s/rec
ep0 step 360/3144 loss 0.761 kl 0.000 anchor 0.000 0.089s/rec
ep0 step 370/3144 loss 1.038 kl 0.000 anchor 0.000 0.088s/rec
ep0 step 380/3144 loss 0.819 kl 0.000 anchor 0.000 0.086s/rec
ep0 step 390/3144 loss 0.864 kl 0.000 anchor 0.000 0.085s/rec
ep0 step 400/3144 loss 0.831 kl 0.000 anchor 0.000 0.083s/rec
ep0 step 410/3144 loss 0.820 kl 0.000 anchor 0.000 0.082s/rec
ep0 step 420/3144 loss 0.828 kl 0.000 anchor 0.000 0.081s/rec
ep0 step 430/3144 loss 0.641 kl 0.000 anchor 0.000 0.080s/rec
ep0 step 440/3144 loss 0.851 kl 0.000 anchor 0.000 0.079s/rec
ep0 step 450/3144 loss 0.689 kl 0.000 anchor 0.000 0.078s/rec
ep0 step 460/3144 loss 0.759 kl 0.000 anchor 0.000 0.077s/rec
ep0 step 470/3144 loss 0.775 kl 0.000 anchor 0.000 0.076s/rec
ep0 step 480/3144 loss 0.501 kl 0.000 anchor 0.000 0.075s/rec
ep0 step 490/3144 loss 0.750 kl 0.000 anchor 0.000 0.079s/rec
ep0 step 500/3144 loss 0.774 kl 0.000 anchor 0.000 0.078s/rec
ep0 step 510/3144 loss 0.644 kl 0.000 anchor 0.000 0.077s/rec
ep0 step 520/3144 loss 0.742 kl 0.000 anchor 0.000 0.076s/rec
ep0 step 530/3144 loss 0.886 kl 0.000 anchor 0.000 0.075s/rec
ep0 step 540/3144 loss 0.973 kl 0.000 anchor 0.000 0.075s/rec
ep0 step 550/3144 loss 0.582 kl 0.000 anchor 0.000 0.074s/rec
ep0 step 560/3144 loss 0.701 kl 0.000 anchor 0.000 0.073s/rec
ep0 step 570/3144 loss 0.600 kl 0.000 anchor 0.000 0.072s/rec
ep0 step 580/3144 loss 0.633 kl 0.000 anchor 0.000 0.071s/rec
ep0 step 590/3144 loss 0.604 kl 0.000 anchor 0.000 0.071s/rec
ep0 step 600/3144 loss 0.748 kl 0.000 anchor 0.000 0.070s/rec
ep0 step 610/3144 loss 0.678 kl 0.000 anchor 0.000 0.069s/rec
ep0 step 620/3144 loss 0.812 kl 0.000 anchor 0.000 0.069s/rec
ep0 step 630/3144 loss 0.511 kl 0.000 anchor 0.000 0.068s/rec
ep0 step 640/3144 loss 0.544 kl 0.000 anchor 0.000 0.067s/rec
ep0 step 650/3144 loss 0.632 kl 0.000 anchor 0.000 0.067s/rec
ep0 step 660/3144 loss 0.659 kl 0.000 anchor 0.000 0.066s/rec
ep0 step 670/3144 loss 0.683 kl 0.000 anchor 0.000 0.066s/rec
ep0 step 680/3144 loss 0.594 kl 0.000 anchor 0.000 0.065s/rec
ep0 step 690/3144 loss 0.537 kl 0.000 anchor 0.000 0.065s/rec
ep0 step 700/3144 loss 0.921 kl 0.000 anchor 0.000 0.064s/rec
ep0 step 710/3144 loss 0.989 kl 0.000 anchor 0.000 0.064s/rec
ep0 step 720/3144 loss 0.535 kl 0.000 anchor 0.000 0.063s/rec
ep0 step 730/3144 loss 0.818 kl 0.000 anchor 0.000 0.063s/rec
ep0 step 740/3144 loss 0.592 kl 0.000 anchor 0.000 0.062s/rec
ep0 step 750/3144 loss 0.547 kl 0.000 anchor 0.000 0.062s/rec
ep0 step 760/3144 loss 0.402 kl 0.000 anchor 0.000 0.061s/rec
ep0 step 770/3144 loss 1.017 kl 0.000 anchor 0.000 0.061s/rec
ep0 step 780/3144 loss 0.717 kl 0.000 anchor 0.000 0.061s/rec
ep0 step 790/3144 loss 0.735 kl 0.000 anchor 0.000 0.060s/rec
ep0 step 800/3144 loss 0.627 kl 0.000 anchor 0.000 0.060s/rec
ep0 step 810/3144 loss 0.569 kl 0.000 anchor 0.000 0.059s/rec
ep0 step 820/3144 loss 0.528 kl 0.000 anchor 0.000 0.059s/rec
ep0 step 830/3144 loss 0.676 kl 0.000 anchor 0.000 0.059s/rec
ep0 step 840/3144 loss 0.804 kl 0.000 anchor 0.000 0.058s/rec
ep0 step 850/3144 loss 0.720 kl 0.000 anchor 0.000 0.058s/rec
ep0 step 860/3144 loss 0.703 kl 0.000 anchor 0.000 0.058s/rec
ep0 step 870/3144 loss 0.573 kl 0.000 anchor 0.000 0.057s/rec
ep0 step 880/3144 loss 0.668 kl 0.000 anchor 0.000 0.057s/rec
ep0 step 890/3144 loss 0.810 kl 0.000 anchor 0.000 0.057s/rec
ep0 step 900/3144 loss 0.800 kl 0.000 anchor 0.000 0.056s/rec
ep0 step 910/3144 loss 0.725 kl 0.000 anchor 0.000 0.056s/rec
ep0 step 920/3144 loss 0.839 kl 0.000 anchor 0.000 0.056s/rec
ep0 step 930/3144 loss 0.620 kl 0.000 anchor 0.000 0.056s/rec
ep0 step 940/3144 loss 0.590 kl 0.000 anchor 0.000 0.055s/rec
ep0 step 950/3144 loss 0.510 kl 0.000 anchor 0.000 0.055s/rec
ep0 step 960/3144 loss 0.764 kl 0.000 anchor 0.000 0.055s/rec
ep0 step 970/3144 loss 0.611 kl 0.000 anchor 0.000 0.055s/rec
ep0 step 980/3144 loss 0.615 kl 0.000 anchor 0.000 0.054s/rec
ep0 step 990/3144 loss 0.851 kl 0.000 anchor 0.000 0.054s/rec
ep0 step 1000/3144 loss 0.675 kl 0.000 anchor 0.000 0.054s/rec
ep0 step 1010/3144 loss 0.607 kl 0.000 anchor 0.000 0.053s/rec
ep0 step 1020/3144 loss 0.456 kl 0.000 anchor 0.000 0.053s/rec
ep0 step 1030/3144 loss 0.671 kl 0.000 anchor 0.000 0.053s/rec
ep0 step 1040/3144 loss 0.567 kl 0.000 anchor 0.000 0.053s/rec
ep0 step 1050/3144 loss 0.625 kl 0.000 anchor 0.000 0.053s/rec
ep0 step 1060/3144 loss 0.607 kl 0.000 anchor 0.000 0.052s/rec
ep0 step 1070/3144 loss 0.692 kl 0.000 anchor 0.000 0.052s/rec
ep0 step 1080/3144 loss 0.693 kl 0.000 anchor 0.000 0.052s/rec
ep0 step 1090/3144 loss 0.519 kl 0.000 anchor 0.000 0.052s/rec
ep0 step 1100/3144 loss 0.628 kl 0.000 anchor 0.000 0.052s/rec
ep0 step 1110/3144 loss 0.710 kl 0.000 anchor 0.000 0.052s/rec
ep0 step 1120/3144 loss 0.599 kl 0.000 anchor 0.000 0.051s/rec
ep0 step 1130/3144 loss 0.526 kl 0.000 anchor 0.000 0.051s/rec
ep0 step 1140/3144 loss 0.709 kl 0.000 anchor 0.000 0.051s/rec
ep0 step 1150/3144 loss 0.650 kl 0.000 anchor 0.000 0.051s/rec
ep0 step 1160/3144 loss 0.625 kl 0.000 anchor 0.000 0.050s/rec
ep0 step 1170/3144 loss 0.539 kl 0.000 anchor 0.000 0.050s/rec
ep0 step 1180/3144 loss 0.653 kl 0.000 anchor 0.000 0.050s/rec
ep0 step 1190/3144 loss 0.673 kl 0.000 anchor 0.000 0.050s/rec
ep0 step 1200/3144 loss 0.560 kl 0.000 anchor 0.000 0.050s/rec
ep0 step 1210/3144 loss 0.559 kl 0.000 anchor 0.000 0.050s/rec
ep0 step 1220/3144 loss 0.367 kl 0.000 anchor 0.000 0.049s/rec
ep0 step 1230/3144 loss 0.618 kl 0.000 anchor 0.000 0.049s/rec
ep0 step 1240/3144 loss 1.003 kl 0.000 anchor 0.000 0.049s/rec
ep0 step 1250/3144 loss 0.791 kl 0.000 anchor 0.000 0.049s/rec
ep0 step 1260/3144 loss 0.375 kl 0.000 anchor 0.000 0.049s/rec
ep0 step 1270/3144 loss 0.941 kl 0.000 anchor 0.000 0.049s/rec
ep0 step 1280/3144 loss 0.512 kl 0.000 anchor 0.000 0.048s/rec
ep0 step 1290/3144 loss 0.466 kl 0.000 anchor 0.000 0.048s/rec
ep0 step 1300/3144 loss 0.678 kl 0.000 anchor 0.000 0.048s/rec
ep0 step 1310/3144 loss 0.567 kl 0.000 anchor 0.000 0.048s/rec
ep0 step 1320/3144 loss 0.817 kl 0.000 anchor 0.000 0.048s/rec
ep0 step 1330/3144 loss 0.494 kl 0.000 anchor 0.000 0.048s/rec
ep0 step 1340/3144 loss 0.351 kl 0.000 anchor 0.000 0.048s/rec
ep0 step 1350/3144 loss 0.494 kl 0.000 anchor 0.000 0.048s/rec
ep0 step 1360/3144 loss 0.788 kl 0.000 anchor 0.000 0.047s/rec
ep0 step 1370/3144 loss 0.735 kl 0.000 anchor 0.000 0.047s/rec
ep0 step 1380/3144 loss 0.703 kl 0.000 anchor 0.000 0.047s/rec
ep0 step 1390/3144 loss 0.639 kl 0.000 anchor 0.000 0.047s/rec
ep0 step 1400/3144 loss 1.060 kl 0.000 anchor 0.000 0.047s/rec
ep0 step 1410/3144 loss 0.426 kl 0.000 anchor 0.000 0.047s/rec
ep0 step 1420/3144 loss 0.669 kl 0.000 anchor 0.000 0.047s/rec
ep0 step 1430/3144 loss 0.748 kl 0.000 anchor 0.000 0.047s/rec
ep0 step 1440/3144 loss 0.607 kl 0.000 anchor 0.000 0.047s/rec
ep0 step 1450/3144 loss 0.427 kl 0.000 anchor 0.000 0.046s/rec
ep0 step 1460/3144 loss 0.633 kl 0.000 anchor 0.000 0.046s/rec
ep0 step 1470/3144 loss 0.576 kl 0.000 anchor 0.000 0.046s/rec
ep0 step 1480/3144 loss 0.517 kl 0.000 anchor 0.000 0.046s/rec
ep0 step 1490/3144 loss 0.678 kl 0.000 anchor 0.000 0.046s/rec
ep0 step 1500/3144 loss 0.805 kl 0.000 anchor 0.000 0.046s/rec
ep0 step 1510/3144 loss 0.626 kl 0.000 anchor 0.000 0.046s/rec
ep0 step 1520/3144 loss 0.782 kl 0.000 anchor 0.000 0.046s/rec
ep0 step 1530/3144 loss 0.627 kl 0.000 anchor 0.000 0.046s/rec
ep0 step 1540/3144 loss 0.561 kl 0.000 anchor 0.000 0.045s/rec
ep0 step 1550/3144 loss 0.452 kl 0.000 anchor 0.000 0.045s/rec
ep0 step 1560/3144 loss 0.611 kl 0.000 anchor 0.000 0.045s/rec
ep0 step 1570/3144 loss 0.558 kl 0.000 anchor 0.000 0.045s/rec
ep1 step 1580/3144 loss 0.434 kl 0.000 anchor 0.000 0.045s/rec
ep1 step 1590/3144 loss 0.357 kl 0.000 anchor 0.000 0.045s/rec
ep1 step 1600/3144 loss 0.383 kl 0.000 anchor 0.000 0.045s/rec
ep1 step 1610/3144 loss 0.407 kl 0.000 anchor 0.000 0.045s/rec
ep1 step 1620/3144 loss 0.370 kl 0.000 anchor 0.000 0.044s/rec
ep1 step 1630/3144 loss 0.380 kl 0.000 anchor 0.000 0.044s/rec
ep1 step 1640/3144 loss 0.304 kl 0.000 anchor 0.000 0.044s/rec
ep1 step 1650/3144 loss 0.371 kl 0.000 anchor 0.000 0.044s/rec
ep1 step 1660/3144 loss 0.638 kl 0.000 anchor 0.000 0.044s/rec
ep1 step 1670/3144 loss 0.432 kl 0.000 anchor 0.000 0.044s/rec
ep1 step 1680/3144 loss 0.381 kl 0.000 anchor 0.000 0.044s/rec
ep1 step 1690/3144 loss 0.385 kl 0.000 anchor 0.000 0.044s/rec
ep1 step 1700/3144 loss 0.659 kl 0.000 anchor 0.000 0.044s/rec
ep1 step 1710/3144 loss 0.293 kl 0.000 anchor 0.000 0.044s/rec
ep1 step 1720/3144 loss 0.434 kl 0.000 anchor 0.000 0.044s/rec
ep1 step 1730/3144 loss 0.512 kl 0.000 anchor 0.000 0.043s/rec
ep1 step 1740/3144 loss 0.526 kl 0.000 anchor 0.000 0.043s/rec
ep1 step 1750/3144 loss 0.427 kl 0.000 anchor 0.000 0.043s/rec
ep1 step 1760/3144 loss 0.249 kl 0.000 anchor 0.000 0.043s/rec
ep1 step 1770/3144 loss 0.278 kl 0.000 anchor 0.000 0.043s/rec
ep1 step 1780/3144 loss 0.355 kl 0.000 anchor 0.000 0.043s/rec
ep1 step 1790/3144 loss 0.417 kl 0.000 anchor 0.000 0.043s/rec
ep1 step 1800/3144 loss 0.512 kl 0.000 anchor 0.000 0.043s/rec
ep1 step 1810/3144 loss 0.333 kl 0.000 anchor 0.000 0.043s/rec
ep1 step 1820/3144 loss 0.283 kl 0.000 anchor 0.000 0.043s/rec
ep1 step 1830/3144 loss 0.436 kl 0.000 anchor 0.000 0.043s/rec
ep1 step 1840/3144 loss 0.526 kl 0.000 anchor 0.000 0.043s/rec
ep1 step 1850/3144 loss 0.225 kl 0.000 anchor 0.000 0.042s/rec
ep1 step 1860/3144 loss 0.562 kl 0.000 anchor 0.000 0.042s/rec
ep1 step 1870/3144 loss 0.274 kl 0.000 anchor 0.000 0.042s/rec
ep1 step 1880/3144 loss 0.313 kl 0.000 anchor 0.000 0.042s/rec
ep1 step 1890/3144 loss 0.370 kl 0.000 anchor 0.000 0.042s/rec
ep1 step 1900/3144 loss 0.749 kl 0.000 anchor 0.000 0.042s/rec
ep1 step 1910/3144 loss 0.438 kl 0.000 anchor 0.000 0.042s/rec
ep1 step 1920/3144 loss 0.397 kl 0.000 anchor 0.000 0.042s/rec
ep1 step 1930/3144 loss 0.422 kl 0.000 anchor 0.000 0.042s/rec
ep1 step 1940/3144 loss 0.618 kl 0.000 anchor 0.000 0.042s/rec
ep1 step 1950/3144 loss 0.482 kl 0.000 anchor 0.000 0.042s/rec
ep1 step 1960/3144 loss 0.289 kl 0.000 anchor 0.000 0.042s/rec
ep1 step 1970/3144 loss 0.334 kl 0.000 anchor 0.000 0.042s/rec
ep1 step 1980/3144 loss 0.348 kl 0.000 anchor 0.000 0.042s/rec
ep1 step 1990/3144 loss 0.590 kl 0.000 anchor 0.000 0.041s/rec
ep1 step 2000/3144 loss 0.461 kl 0.000 anchor 0.000 0.041s/rec
ep1 step 2010/3144 loss 0.388 kl 0.000 anchor 0.000 0.041s/rec
ep1 step 2020/3144 loss 0.394 kl 0.000 anchor 0.000 0.041s/rec
ep1 step 2030/3144 loss 0.425 kl 0.000 anchor 0.000 0.041s/rec
ep1 step 2040/3144 loss 0.441 kl 0.000 anchor 0.000 0.041s/rec
ep1 step 2050/3144 loss 0.530 kl 0.000 anchor 0.000 0.041s/rec
ep1 step 2060/3144 loss 0.338 kl 0.000 anchor 0.000 0.041s/rec
ep1 step 2070/3144 loss 0.291 kl 0.000 anchor 0.000 0.041s/rec
ep1 step 2080/3144 loss 0.401 kl 0.000 anchor 0.000 0.041s/rec
ep1 step 2090/3144 loss 0.432 kl 0.000 anchor 0.000 0.041s/rec
ep1 step 2100/3144 loss 0.291 kl 0.000 anchor 0.000 0.041s/rec
ep1 step 2110/3144 loss 0.544 kl 0.000 anchor 0.000 0.041s/rec
ep1 step 2120/3144 loss 0.261 kl 0.000 anchor 0.000 0.041s/rec
ep1 step 2130/3144 loss 0.349 kl 0.000 anchor 0.000 0.041s/rec
ep1 step 2140/3144 loss 0.316 kl 0.000 anchor 0.000 0.041s/rec
ep1 step 2150/3144 loss 0.254 kl 0.000 anchor 0.000 0.041s/rec
ep1 step 2160/3144 loss 0.564 kl 0.000 anchor 0.000 0.041s/rec
ep1 step 2170/3144 loss 0.336 kl 0.000 anchor 0.000 0.041s/rec
ep1 step 2180/3144 loss 0.341 kl 0.000 anchor 0.000 0.040s/rec
ep1 step 2190/3144 loss 0.542 kl 0.000 anchor 0.000 0.040s/rec
ep1 step 2200/3144 loss 0.280 kl 0.000 anchor 0.000 0.040s/rec
ep1 step 2210/3144 loss 0.434 kl 0.000 anchor 0.000 0.040s/rec
ep1 step 2220/3144 loss 0.372 kl 0.000 anchor 0.000 0.040s/rec
ep1 step 2230/3144 loss 0.287 kl 0.000 anchor 0.000 0.040s/rec
ep1 step 2240/3144 loss 0.240 kl 0.000 anchor 0.000 0.040s/rec
ep1 step 2250/3144 loss 0.218 kl 0.000 anchor 0.000 0.040s/rec
ep1 step 2260/3144 loss 0.474 kl 0.000 anchor 0.000 0.040s/rec
ep1 step 2270/3144 loss 0.267 kl 0.000 anchor 0.000 0.040s/rec
ep1 step 2280/3144 loss 0.571 kl 0.000 anchor 0.000 0.040s/rec
ep1 step 2290/3144 loss 0.347 kl 0.000 anchor 0.000 0.040s/rec
ep1 step 2300/3144 loss 0.504 kl 0.000 anchor 0.000 0.040s/rec
ep1 step 2310/3144 loss 0.315 kl 0.000 anchor 0.000 0.040s/rec
ep1 step 2320/3144 loss 0.315 kl 0.000 anchor 0.000 0.040s/rec
ep1 step 2330/3144 loss 0.513 kl 0.000 anchor 0.000 0.040s/rec
ep1 step 2340/3144 loss 0.281 kl 0.000 anchor 0.000 0.040s/rec
ep1 step 2350/3144 loss 0.339 kl 0.000 anchor 0.000 0.040s/rec
ep1 step 2360/3144 loss 0.328 kl 0.000 anchor 0.000 0.040s/rec
ep1 step 2370/3144 loss 0.453 kl 0.000 anchor 0.000 0.040s/rec
ep1 step 2380/3144 loss 0.372 kl 0.000 anchor 0.000 0.040s/rec
ep1 step 2390/3144 loss 0.319 kl 0.000 anchor 0.000 0.039s/rec
ep1 step 2400/3144 loss 0.233 kl 0.000 anchor 0.000 0.039s/rec
ep1 step 2410/3144 loss 0.396 kl 0.000 anchor 0.000 0.039s/rec
ep1 step 2420/3144 loss 0.356 kl 0.000 anchor 0.000 0.039s/rec
ep1 step 2430/3144 loss 0.623 kl 0.000 anchor 0.000 0.039s/rec
ep1 step 2440/3144 loss 0.254 kl 0.000 anchor 0.000 0.039s/rec
ep1 step 2450/3144 loss 0.378 kl 0.000 anchor 0.000 0.039s/rec
ep1 step 2460/3144 loss 0.695 kl 0.000 anchor 0.000 0.039s/rec
ep1 step 2470/3144 loss 0.318 kl 0.000 anchor 0.000 0.039s/rec
ep1 step 2480/3144 loss 0.538 kl 0.000 anchor 0.000 0.039s/rec
ep1 step 2490/3144 loss 0.252 kl 0.000 anchor 0.000 0.039s/rec
ep1 step 2500/3144 loss 0.182 kl 0.000 anchor 0.000 0.039s/rec
ep1 step 2510/3144 loss 0.643 kl 0.000 anchor 0.000 0.039s/rec
ep1 step 2520/3144 loss 0.139 kl 0.000 anchor 0.000 0.039s/rec
ep1 step 2530/3144 loss 0.221 kl 0.000 anchor 0.000 0.039s/rec
ep1 step 2540/3144 loss 0.253 kl 0.000 anchor 0.000 0.039s/rec
ep1 step 2550/3144 loss 0.527 kl 0.000 anchor 0.000 0.039s/rec
ep1 step 2560/3144 loss 0.504 kl 0.000 anchor 0.000 0.039s/rec
ep1 step 2570/3144 loss 0.792 kl 0.000 anchor 0.000 0.039s/rec
ep1 step 2580/3144 loss 0.340 kl 0.000 anchor 0.000 0.039s/rec
ep1 step 2590/3144 loss 0.222 kl 0.000 anchor 0.000 0.039s/rec
ep1 step 2600/3144 loss 0.291 kl 0.000 anchor 0.000 0.039s/rec
ep1 step 2610/3144 loss 0.706 kl 0.000 anchor 0.000 0.039s/rec
ep1 step 2620/3144 loss 0.391 kl 0.000 anchor 0.000 0.039s/rec
ep1 step 2630/3144 loss 0.349 kl 0.000 anchor 0.000 0.038s/rec
ep1 step 2640/3144 loss 0.290 kl 0.000 anchor 0.000 0.038s/rec
ep1 step 2650/3144 loss 0.383 kl 0.000 anchor 0.000 0.038s/rec
ep1 step 2660/3144 loss 0.128 kl 0.000 anchor 0.000 0.038s/rec
ep1 step 2670/3144 loss 0.463 kl 0.000 anchor 0.000 0.038s/rec
ep1 step 2680/3144 loss 0.300 kl 0.000 anchor 0.000 0.038s/rec
ep1 step 2690/3144 loss 0.175 kl 0.000 anchor 0.000 0.038s/rec
ep1 step 2700/3144 loss 0.198 kl 0.000 anchor 0.000 0.038s/rec
ep1 step 2710/3144 loss 0.579 kl 0.000 anchor 0.000 0.038s/rec
ep1 step 2720/3144 loss 0.235 kl 0.000 anchor 0.000 0.038s/rec
ep1 step 2730/3144 loss 0.291 kl 0.000 anchor 0.000 0.038s/rec
ep1 step 2740/3144 loss 0.285 kl 0.000 anchor 0.000 0.038s/rec
ep1 step 2750/3144 loss 0.255 kl 0.000 anchor 0.000 0.038s/rec
ep1 step 2760/3144 loss 0.348 kl 0.000 anchor 0.000 0.038s/rec
ep1 step 2770/3144 loss 0.207 kl 0.000 anchor 0.000 0.038s/rec
ep1 step 2780/3144 loss 0.585 kl 0.000 anchor 0.000 0.038s/rec
ep1 step 2790/3144 loss 0.545 kl 0.000 anchor 0.000 0.038s/rec
ep1 step 2800/3144 loss 0.280 kl 0.000 anchor 0.000 0.038s/rec
ep1 step 2810/3144 loss 0.545 kl 0.000 anchor 0.000 0.038s/rec
ep1 step 2820/3144 loss 0.421 kl 0.000 anchor 0.000 0.038s/rec
ep1 step 2830/3144 loss 0.179 kl 0.000 anchor 0.000 0.038s/rec
ep1 step 2840/3144 loss 0.374 kl 0.000 anchor 0.000 0.038s/rec
ep1 step 2850/3144 loss 0.168 kl 0.000 anchor 0.000 0.038s/rec
ep1 step 2860/3144 loss 0.449 kl 0.000 anchor 0.000 0.038s/rec
ep1 step 2870/3144 loss 0.700 kl 0.000 anchor 0.000 0.038s/rec
ep1 step 2880/3144 loss 0.319 kl 0.000 anchor 0.000 0.038s/rec
ep1 step 2890/3144 loss 0.312 kl 0.000 anchor 0.000 0.038s/rec
ep1 step 2900/3144 loss 0.391 kl 0.000 anchor 0.000 0.038s/rec
ep1 step 2910/3144 loss 0.475 kl 0.000 anchor 0.000 0.038s/rec
ep1 step 2920/3144 loss 0.308 kl 0.000 anchor 0.000 0.038s/rec
ep1 step 2930/3144 loss 0.356 kl 0.000 anchor 0.000 0.038s/rec
ep1 step 2940/3144 loss 0.434 kl 0.000 anchor 0.000 0.038s/rec
ep1 step 2950/3144 loss 0.327 kl 0.000 anchor 0.000 0.037s/rec
ep1 step 2960/3144 loss 0.313 kl 0.000 anchor 0.000 0.037s/rec
ep1 step 2970/3144 loss 0.418 kl 0.000 anchor 0.000 0.037s/rec
ep1 step 2980/3144 loss 0.236 kl 0.000 anchor 0.000 0.037s/rec
ep1 step 2990/3144 loss 0.574 kl 0.000 anchor 0.000 0.037s/rec
ep1 step 3000/3144 loss 0.310 kl 0.000 anchor 0.000 0.037s/rec
ep1 step 3010/3144 loss 0.358 kl 0.000 anchor 0.000 0.037s/rec
ep1 step 3020/3144 loss 0.298 kl 0.000 anchor 0.000 0.037s/rec
ep1 step 3030/3144 loss 0.180 kl 0.000 anchor 0.000 0.037s/rec
ep1 step 3040/3144 loss 0.473 kl 0.000 anchor 0.000 0.037s/rec
ep1 step 3050/3144 loss 0.422 kl 0.000 anchor 0.000 0.037s/rec
ep1 step 3060/3144 loss 0.247 kl 0.000 anchor 0.000 0.037s/rec
ep1 step 3070/3144 loss 0.246 kl 0.000 anchor 0.000 0.037s/rec
ep1 step 3080/3144 loss 0.258 kl 0.000 anchor 0.000 0.037s/rec
ep1 step 3090/3144 loss 0.281 kl 0.000 anchor 0.000 0.037s/rec
ep1 step 3100/3144 loss 0.350 kl 0.000 anchor 0.000 0.037s/rec
ep1 step 3110/3144 loss 0.333 kl 0.000 anchor 0.000 0.037s/rec
ep1 step 3120/3144 loss 0.555 kl 0.000 anchor 0.000 0.037s/rec
ep1 step 3130/3144 loss 0.301 kl 0.000 anchor 0.000 0.037s/rec
ep1 step 3140/3144 loss 0.430 kl 0.000 anchor 0.000 0.037s/rec
saved /runs/q35-08b/01-trial-1/checkpoint
