Warning: You are sending unauthenticated requests to the HF Hub. Please set a HF_TOKEN to enable higher rate limits and faster downloads.
delta: warm start from /__modal/volumes/vo-kEMu8BkBAIrorAQI6V8f2D/hub/models--jaredpalmer--kev-9b/snapshots/2629c06a5aeb0feb3b9783bafed17ed8f39ecf5c: 496 adapter tensors and the pointer head loaded
device=cuda trainable params=45.4M
replay: 2000 of 12576 suite training records mixed with 4538 from evals/round5/combined-v1/soft.jsonl
6538 training requests (holdout=[]), questions by type {'choice': 3222, 'score': 2312, 'noul': 2992}
[transformers] `causal_conv1d_fn` is falling back to its reference PyTorch implementation because `causal_conv1d` is not installed. This is correct but much slower; install `causal_conv1d` for the optimized kernel.
ep0 step 10/818 loss 1.299 kl 0.000 anchor 0.000 4.434s/rec
ep0 step 20/818 loss 1.603 kl 0.000 anchor 0.000 2.914s/rec
ep0 step 30/818 loss 1.186 kl 0.000 anchor 0.000 2.425s/rec
ep0 step 40/818 loss 1.065 kl 0.000 anchor 0.000 2.085s/rec
ep0 step 50/818 loss 0.778 kl 0.000 anchor 0.000 1.835s/rec
ep0 step 60/818 loss 0.780 kl 0.000 anchor 0.000 1.718s/rec
ep0 step 70/818 loss 0.694 kl 0.000 anchor 0.000 1.595s/rec
ep0 step 80/818 loss 0.794 kl 0.000 anchor 0.000 1.534s/rec
ep0 step 90/818 loss 0.624 kl 0.000 anchor 0.000 1.468s/rec
ep0 step 100/818 loss 0.693 kl 0.000 anchor 0.000 1.398s/rec
ep0 step 110/818 loss 0.619 kl 0.000 anchor 0.000 1.347s/rec
ep0 step 120/818 loss 0.615 kl 0.000 anchor 0.000 1.313s/rec
ep0 step 130/818 loss 0.825 kl 0.000 anchor 0.000 1.296s/rec
ep0 step 140/818 loss 0.789 kl 0.000 anchor 0.000 1.293s/rec
ep0 step 150/818 loss 0.696 kl 0.000 anchor 0.000 1.281s/rec
ep0 step 160/818 loss 0.694 kl 0.000 anchor 0.000 1.258s/rec
ep0 step 170/818 loss 0.608 kl 0.000 anchor 0.000 1.235s/rec
ep0 step 180/818 loss 0.712 kl 0.000 anchor 0.000 1.219s/rec
ep0 step 190/818 loss 0.817 kl 0.000 anchor 0.000 1.205s/rec
ep0 step 200/818 loss 0.872 kl 0.000 anchor 0.000 1.214s/rec
ep0 step 210/818 loss 0.771 kl 0.000 anchor 0.000 1.198s/rec
ep0 step 220/818 loss 0.483 kl 0.000 anchor 0.000 1.185s/rec
ep0 step 230/818 loss 0.832 kl 0.000 anchor 0.000 1.186s/rec
ep0 step 240/818 loss 0.776 kl 0.000 anchor 0.000 1.183s/rec
ep0 step 250/818 loss 0.660 kl 0.000 anchor 0.000 1.168s/rec
ep0 step 260/818 loss 0.680 kl 0.000 anchor 0.000 1.159s/rec
ep0 step 270/818 loss 0.614 kl 0.000 anchor 0.000 1.151s/rec
ep0 step 280/818 loss 0.701 kl 0.000 anchor 0.000 1.144s/rec
ep0 step 290/818 loss 0.605 kl 0.000 anchor 0.000 1.135s/rec
ep0 step 300/818 loss 0.724 kl 0.000 anchor 0.000 1.129s/rec
ep0 step 310/818 loss 0.636 kl 0.000 anchor 0.000 1.115s/rec
ep0 step 320/818 loss 0.774 kl 0.000 anchor 0.000 1.125s/rec
ep0 step 330/818 loss 0.609 kl 0.000 anchor 0.000 1.115s/rec
ep0 step 340/818 loss 0.683 kl 0.000 anchor 0.000 1.109s/rec
ep0 step 350/818 loss 0.617 kl 0.000 anchor 0.000 1.100s/rec
ep0 step 360/818 loss 0.685 kl 0.000 anchor 0.000 1.093s/rec
ep0 step 370/818 loss 0.673 kl 0.000 anchor 0.000 1.088s/rec
ep0 step 380/818 loss 0.621 kl 0.000 anchor 0.000 1.087s/rec
ep0 step 390/818 loss 0.568 kl 0.000 anchor 0.000 1.079s/rec
ep0 step 400/818 loss 0.669 kl 0.000 anchor 0.000 1.077s/rec
ep0 step 410/818 loss 0.630 kl 0.000 anchor 0.000 1.072s/rec
ep0 step 420/818 loss 0.426 kl 0.000 anchor 0.000 1.063s/rec
ep0 step 430/818 loss 0.530 kl 0.000 anchor 0.000 1.065s/rec
ep0 step 440/818 loss 0.497 kl 0.000 anchor 0.000 1.059s/rec
ep0 step 450/818 loss 0.621 kl 0.000 anchor 0.000 1.055s/rec
ep0 step 460/818 loss 0.605 kl 0.000 anchor 0.000 1.048s/rec
ep0 step 470/818 loss 0.756 kl 0.000 anchor 0.000 1.043s/rec
ep0 step 480/818 loss 0.818 kl 0.000 anchor 0.000 1.042s/rec
ep0 step 490/818 loss 0.577 kl 0.000 anchor 0.000 1.037s/rec
ep0 step 500/818 loss 0.628 kl 0.000 anchor 0.000 1.035s/rec
ep0 step 510/818 loss 0.462 kl 0.000 anchor 0.000 1.035s/rec
ep0 step 520/818 loss 0.565 kl 0.000 anchor 0.000 1.032s/rec
ep0 step 530/818 loss 0.521 kl 0.000 anchor 0.000 1.031s/rec
ep0 step 540/818 loss 0.635 kl 0.000 anchor 0.000 1.030s/rec
ep0 step 550/818 loss 0.498 kl 0.000 anchor 0.000 1.025s/rec
ep0 step 560/818 loss 0.555 kl 0.000 anchor 0.000 1.026s/rec
ep0 step 570/818 loss 0.661 kl 0.000 anchor 0.000 1.021s/rec
ep0 step 580/818 loss 0.621 kl 0.000 anchor 0.000 1.020s/rec
ep0 step 590/818 loss 0.627 kl 0.000 anchor 0.000 1.017s/rec
ep0 step 600/818 loss 0.675 kl 0.000 anchor 0.000 1.018s/rec
ep0 step 610/818 loss 0.675 kl 0.000 anchor 0.000 1.018s/rec
ep0 step 620/818 loss 0.648 kl 0.000 anchor 0.000 1.015s/rec
ep0 step 630/818 loss 0.543 kl 0.000 anchor 0.000 1.012s/rec
ep0 step 640/818 loss 0.498 kl 0.000 anchor 0.000 1.012s/rec
ep0 step 650/818 loss 0.596 kl 0.000 anchor 0.000 1.012s/rec
ep0 step 660/818 loss 0.844 kl 0.000 anchor 0.000 1.011s/rec
ep0 step 670/818 loss 0.541 kl 0.000 anchor 0.000 1.009s/rec
ep0 step 680/818 loss 0.610 kl 0.000 anchor 0.000 1.009s/rec
ep0 step 690/818 loss 0.743 kl 0.000 anchor 0.000 1.005s/rec
ep0 step 700/818 loss 0.740 kl 0.000 anchor 0.000 1.003s/rec
ep0 step 710/818 loss 0.700 kl 0.000 anchor 0.000 1.005s/rec
ep0 step 720/818 loss 0.438 kl 0.000 anchor 0.000 1.004s/rec
ep0 step 730/818 loss 0.535 kl 0.000 anchor 0.000 1.002s/rec
ep0 step 740/818 loss 0.604 kl 0.000 anchor 0.000 0.999s/rec
ep0 step 750/818 loss 0.641 kl 0.000 anchor 0.000 0.998s/rec
ep0 step 760/818 loss 0.640 kl 0.000 anchor 0.000 0.998s/rec
ep0 step 770/818 loss 0.632 kl 0.000 anchor 0.000 0.999s/rec
ep0 step 780/818 loss 0.750 kl 0.000 anchor 0.000 1.001s/rec
ep0 step 790/818 loss 0.515 kl 0.000 anchor 0.000 0.999s/rec
ep0 step 800/818 loss 0.542 kl 0.000 anchor 0.000 0.998s/rec
ep0 step 810/818 loss 0.532 kl 0.000 anchor 0.000 0.995s/rec
saved /runs/r5-combined/00-trial-0/checkpoint
