Warning: You are sending unauthenticated requests to the HF Hub. Please set a HF_TOKEN to enable higher rate limits and faster downloads.
delta: warm start from /__modal/volumes/vo-kEMu8BkBAIrorAQI6V8f2D/hub/models--jaredpalmer--kev-4b/snapshots/f780095d6511e6304868ff46ca2b74ee3eba29d8: 496 adapter tensors and the pointer head loaded
device=cuda trainable params=33.8M
replay: 2000 of 12576 suite training records mixed with 1425 from evals/night2/dates_unknowable.jsonl
3425 training requests (holdout=[]), questions by type {'noul': 1268, 'score': 1431, 'choice': 1214}
[transformers] `causal_conv1d_fn` is falling back to its reference PyTorch implementation because `causal_conv1d` is not installed. This is correct but much slower; install `causal_conv1d` for the optimized kernel.
ep0 step 10/429 loss 0.241 kl 0.000 anchor 0.000 1.518s/rec
ep0 step 20/429 loss 0.354 kl 0.000 anchor 0.000 0.907s/rec
ep0 step 30/429 loss 0.241 kl 0.000 anchor 0.000 0.645s/rec
ep0 step 40/429 loss 0.470 kl 0.000 anchor 0.000 0.515s/rec
ep0 step 50/429 loss 0.382 kl 0.000 anchor 0.000 0.435s/rec
ep0 step 60/429 loss 0.248 kl 0.000 anchor 0.000 0.374s/rec
ep0 step 70/429 loss 0.315 kl 0.000 anchor 0.000 0.334s/rec
ep0 step 80/429 loss 0.367 kl 0.000 anchor 0.000 0.301s/rec
ep0 step 90/429 loss 0.264 kl 0.000 anchor 0.000 0.278s/rec
ep0 step 100/429 loss 0.339 kl 0.000 anchor 0.000 0.260s/rec
ep0 step 110/429 loss 0.491 kl 0.000 anchor 0.000 0.246s/rec
ep0 step 120/429 loss 0.277 kl 0.000 anchor 0.000 0.231s/rec
ep0 step 130/429 loss 0.388 kl 0.000 anchor 0.000 0.222s/rec
ep0 step 140/429 loss 0.147 kl 0.000 anchor 0.000 0.224s/rec
ep0 step 150/429 loss 0.143 kl 0.000 anchor 0.000 0.216s/rec
ep0 step 160/429 loss 0.387 kl 0.000 anchor 0.000 0.206s/rec
ep0 step 170/429 loss 0.234 kl 0.000 anchor 0.000 0.198s/rec
ep0 step 180/429 loss 0.321 kl 0.000 anchor 0.000 0.193s/rec
ep0 step 190/429 loss 0.292 kl 0.000 anchor 0.000 0.187s/rec
ep0 step 200/429 loss 0.296 kl 0.000 anchor 0.000 0.183s/rec
ep0 step 210/429 loss 0.160 kl 0.000 anchor 0.000 0.180s/rec
ep0 step 220/429 loss 0.302 kl 0.000 anchor 0.000 0.175s/rec
ep0 step 230/429 loss 0.202 kl 0.000 anchor 0.000 0.171s/rec
ep0 step 240/429 loss 0.313 kl 0.000 anchor 0.000 0.167s/rec
ep0 step 250/429 loss 0.355 kl 0.000 anchor 0.000 0.164s/rec
ep0 step 260/429 loss 0.260 kl 0.000 anchor 0.000 0.162s/rec
ep0 step 270/429 loss 0.155 kl 0.000 anchor 0.000 0.158s/rec
ep0 step 280/429 loss 0.308 kl 0.000 anchor 0.000 0.156s/rec
ep0 step 290/429 loss 0.285 kl 0.000 anchor 0.000 0.154s/rec
ep0 step 300/429 loss 0.173 kl 0.000 anchor 0.000 0.152s/rec
ep0 step 310/429 loss 0.122 kl 0.000 anchor 0.000 0.150s/rec
ep0 step 320/429 loss 0.300 kl 0.000 anchor 0.000 0.148s/rec
ep0 step 330/429 loss 0.324 kl 0.000 anchor 0.000 0.146s/rec
ep0 step 340/429 loss 0.268 kl 0.000 anchor 0.000 0.145s/rec
ep0 step 350/429 loss 0.203 kl 0.000 anchor 0.000 0.143s/rec
ep0 step 360/429 loss 0.180 kl 0.000 anchor 0.000 0.142s/rec
ep0 step 370/429 loss 0.399 kl 0.000 anchor 0.000 0.140s/rec
ep0 step 380/429 loss 0.162 kl 0.000 anchor 0.000 0.138s/rec
ep0 step 390/429 loss 0.336 kl 0.000 anchor 0.000 0.137s/rec
ep0 step 400/429 loss 0.195 kl 0.000 anchor 0.000 0.137s/rec
ep0 step 410/429 loss 0.167 kl 0.000 anchor 0.000 0.135s/rec
ep0 step 420/429 loss 0.167 kl 0.000 anchor 0.000 0.134s/rec
saved /runs/night2-4b-du/00-trial-0/checkpoint
