Warning: You are sending unauthenticated requests to the HF Hub. Please set a HF_TOKEN to enable higher rate limits and faster downloads.
delta: warm start from /__modal/volumes/vo-kEMu8BkBAIrorAQI6V8f2D/hub/models--jaredpalmer--kev-9b/snapshots/6281032426a9ca3a08374d137bf9dfd8afd78e8a: 496 adapter tensors and the pointer head loaded
device=cuda trainable params=45.4M
replay: 2000 of 12576 suite training records mixed with 900 from evals/night2/dates.jsonl
2900 training requests (holdout=[]), questions by type {'noul': 1152, 'score': 1131, 'choice': 1105}
[transformers] `causal_conv1d_fn` is falling back to its reference PyTorch implementation because `causal_conv1d` is not installed. This is correct but much slower; install `causal_conv1d` for the optimized kernel.
ep0 step 10/363 loss 0.144 kl 0.000 anchor 0.000 1.390s/rec
ep0 step 20/363 loss 0.224 kl 0.000 anchor 0.000 0.780s/rec
ep0 step 30/363 loss 0.141 kl 0.000 anchor 0.000 0.559s/rec
ep0 step 40/363 loss 0.233 kl 0.000 anchor 0.000 0.515s/rec
ep0 step 50/363 loss 0.232 kl 0.000 anchor 0.000 0.444s/rec
ep0 step 60/363 loss 0.193 kl 0.000 anchor 0.000 0.398s/rec
ep0 step 70/363 loss 0.032 kl 0.000 anchor 0.000 0.359s/rec
ep0 step 80/363 loss 0.469 kl 0.000 anchor 0.000 0.331s/rec
ep0 step 90/363 loss 0.202 kl 0.000 anchor 0.000 0.313s/rec
ep0 step 100/363 loss 0.144 kl 0.000 anchor 0.000 0.301s/rec
ep0 step 110/363 loss 0.277 kl 0.000 anchor 0.000 0.288s/rec
ep0 step 120/363 loss 0.195 kl 0.000 anchor 0.000 0.274s/rec
ep0 step 130/363 loss 0.126 kl 0.000 anchor 0.000 0.265s/rec
ep0 step 140/363 loss 0.171 kl 0.000 anchor 0.000 0.255s/rec
ep0 step 150/363 loss 0.271 kl 0.000 anchor 0.000 0.249s/rec
ep0 step 160/363 loss 0.114 kl 0.000 anchor 0.000 0.243s/rec
ep0 step 170/363 loss 0.212 kl 0.000 anchor 0.000 0.238s/rec
ep0 step 180/363 loss 0.263 kl 0.000 anchor 0.000 0.234s/rec
ep0 step 190/363 loss 0.338 kl 0.000 anchor 0.000 0.229s/rec
ep0 step 200/363 loss 0.202 kl 0.000 anchor 0.000 0.225s/rec
ep0 step 210/363 loss 0.163 kl 0.000 anchor 0.000 0.222s/rec
ep0 step 220/363 loss 0.201 kl 0.000 anchor 0.000 0.220s/rec
ep0 step 230/363 loss 0.144 kl 0.000 anchor 0.000 0.219s/rec
ep0 step 240/363 loss 0.114 kl 0.000 anchor 0.000 0.215s/rec
ep0 step 250/363 loss 0.119 kl 0.000 anchor 0.000 0.213s/rec
ep0 step 260/363 loss 0.217 kl 0.000 anchor 0.000 0.211s/rec
ep0 step 270/363 loss 0.095 kl 0.000 anchor 0.000 0.209s/rec
ep0 step 280/363 loss 0.128 kl 0.000 anchor 0.000 0.207s/rec
ep0 step 290/363 loss 0.102 kl 0.000 anchor 0.000 0.205s/rec
ep0 step 300/363 loss 0.072 kl 0.000 anchor 0.000 0.203s/rec
ep0 step 310/363 loss 0.550 kl 0.000 anchor 0.000 0.202s/rec
ep0 step 320/363 loss 0.297 kl 0.000 anchor 0.000 0.200s/rec
ep0 step 330/363 loss 0.591 kl 0.000 anchor 0.000 0.199s/rec
ep0 step 340/363 loss 0.223 kl 0.000 anchor 0.000 0.198s/rec
ep0 step 350/363 loss 0.111 kl 0.000 anchor 0.000 0.197s/rec
ep0 step 360/363 loss 0.095 kl 0.000 anchor 0.000 0.196s/rec
saved /runs/night2-9b/00-trial-0/checkpoint
