Warning: You are sending unauthenticated requests to the HF Hub. Please set a HF_TOKEN to enable higher rate limits and faster downloads.
delta: warm start from /__modal/volumes/vo-kEMu8BkBAIrorAQI6V8f2D/hub/models--jaredpalmer--kev-4b/snapshots/485ace8703592fcf405488b262449990824cfed1: 496 adapter tensors and the pointer head loaded
device=cuda trainable params=33.8M
replay: 2000 of 12576 suite training records mixed with 1800 from evals/round4/longstate-v1/train_control.jsonl
3800 training requests (holdout=[]), questions by type {'choice': 2128, 'noul': 1584, 'score': 1016}
[transformers] `causal_conv1d_fn` is falling back to its reference PyTorch implementation because `causal_conv1d` is not installed. This is correct but much slower; install `causal_conv1d` for the optimized kernel.
ep0 step 10/475 loss 0.056 kl 0.000 anchor 0.000 1.701s/rec
ep0 step 20/475 loss 0.230 kl 0.000 anchor 0.000 1.003s/rec
ep0 step 30/475 loss 0.270 kl 0.000 anchor 0.000 0.767s/rec
ep0 step 40/475 loss 0.158 kl 0.000 anchor 0.000 0.627s/rec
ep0 step 50/475 loss 0.223 kl 0.000 anchor 0.000 0.534s/rec
ep0 step 60/475 loss 0.152 kl 0.000 anchor 0.000 0.478s/rec
ep0 step 70/475 loss 0.391 kl 0.000 anchor 0.000 0.440s/rec
ep0 step 80/475 loss 0.161 kl 0.000 anchor 0.000 0.410s/rec
ep0 step 90/475 loss 0.187 kl 0.000 anchor 0.000 0.385s/rec
ep0 step 100/475 loss 0.267 kl 0.000 anchor 0.000 0.364s/rec
ep0 step 110/475 loss 0.207 kl 0.000 anchor 0.000 0.350s/rec
ep0 step 120/475 loss 0.319 kl 0.000 anchor 0.000 0.338s/rec
ep0 step 130/475 loss 0.130 kl 0.000 anchor 0.000 0.326s/rec
ep0 step 140/475 loss 0.055 kl 0.000 anchor 0.000 0.316s/rec
ep0 step 150/475 loss 0.202 kl 0.000 anchor 0.000 0.309s/rec
ep0 step 160/475 loss 0.321 kl 0.000 anchor 0.000 0.302s/rec
ep0 step 170/475 loss 0.050 kl 0.000 anchor 0.000 0.295s/rec
ep0 step 180/475 loss 0.331 kl 0.000 anchor 0.000 0.290s/rec
ep0 step 190/475 loss 0.098 kl 0.000 anchor 0.000 0.286s/rec
ep0 step 200/475 loss 0.202 kl 0.000 anchor 0.000 0.281s/rec
ep0 step 210/475 loss 0.246 kl 0.000 anchor 0.000 0.274s/rec
ep0 step 220/475 loss 0.037 kl 0.000 anchor 0.000 0.272s/rec
ep0 step 230/475 loss 0.239 kl 0.000 anchor 0.000 0.269s/rec
ep0 step 240/475 loss 0.084 kl 0.000 anchor 0.000 0.265s/rec
ep0 step 250/475 loss 0.036 kl 0.000 anchor 0.000 0.263s/rec
ep0 step 260/475 loss 0.257 kl 0.000 anchor 0.000 0.259s/rec
ep0 step 270/475 loss 0.159 kl 0.000 anchor 0.000 0.257s/rec
ep0 step 280/475 loss 0.134 kl 0.000 anchor 0.000 0.255s/rec
ep0 step 290/475 loss 0.253 kl 0.000 anchor 0.000 0.254s/rec
ep0 step 300/475 loss 0.085 kl 0.000 anchor 0.000 0.251s/rec
ep0 step 310/475 loss 0.207 kl 0.000 anchor 0.000 0.250s/rec
ep0 step 320/475 loss 0.374 kl 0.000 anchor 0.000 0.248s/rec
ep0 step 330/475 loss 0.132 kl 0.000 anchor 0.000 0.246s/rec
ep0 step 340/475 loss 0.394 kl 0.000 anchor 0.000 0.244s/rec
ep0 step 350/475 loss 0.282 kl 0.000 anchor 0.000 0.241s/rec
ep0 step 360/475 loss 0.075 kl 0.000 anchor 0.000 0.240s/rec
ep0 step 370/475 loss 0.215 kl 0.000 anchor 0.000 0.238s/rec
ep0 step 380/475 loss 0.284 kl 0.000 anchor 0.000 0.236s/rec
ep0 step 390/475 loss 0.177 kl 0.000 anchor 0.000 0.236s/rec
ep0 step 400/475 loss 0.376 kl 0.000 anchor 0.000 0.234s/rec
ep0 step 410/475 loss 0.108 kl 0.000 anchor 0.000 0.233s/rec
ep0 step 420/475 loss 0.241 kl 0.000 anchor 0.000 0.232s/rec
ep0 step 430/475 loss 0.133 kl 0.000 anchor 0.000 0.231s/rec
ep0 step 440/475 loss 0.060 kl 0.000 anchor 0.000 0.230s/rec
ep0 step 450/475 loss 0.318 kl 0.000 anchor 0.000 0.229s/rec
ep0 step 460/475 loss 0.103 kl 0.000 anchor 0.000 0.228s/rec
ep0 step 470/475 loss 0.073 kl 0.000 anchor 0.000 0.227s/rec
saved /runs/r4-longstate/01-trial-1/checkpoint
