Warning: You are sending unauthenticated requests to the HF Hub. Please set a HF_TOKEN to enable higher rate limits and faster downloads.
delta: warm start from /__modal/volumes/vo-kEMu8BkBAIrorAQI6V8f2D/hub/models--jaredpalmer--kev-0.8b/snapshots/54f4f8777356cd5bbbb6c6919c657f26e6f2f6d8: 372 adapter tensors and the pointer head loaded
device=cuda trainable params=11.3M
12576 training requests (holdout=[]), questions by type {'choice': 6904, 'noul': 5224, 'score': 3448}
[transformers] `causal_conv1d_fn` is falling back to its reference PyTorch implementation because `causal_conv1d` is not installed. This is correct but much slower; install `causal_conv1d` for the optimized kernel.
ep0 step 10/1572 loss 0.376 kl 0.000 anchor 0.000 1.753s/rec
ep0 step 20/1572 loss 0.097 kl 0.000 anchor 0.000 0.922s/rec
ep0 step 30/1572 loss 0.509 kl 0.000 anchor 0.000 0.636s/rec
ep0 step 40/1572 loss 0.318 kl 0.000 anchor 0.000 0.534s/rec
ep0 step 50/1572 loss 0.180 kl 0.000 anchor 0.000 0.435s/rec
ep0 step 60/1572 loss 0.158 kl 0.000 anchor 0.000 0.367s/rec
ep0 step 70/1572 loss 0.350 kl 0.000 anchor 0.000 0.325s/rec
ep0 step 80/1572 loss 0.531 kl 0.000 anchor 0.000 0.290s/rec
ep0 step 90/1572 loss 0.259 kl 0.000 anchor 0.000 0.260s/rec
ep0 step 100/1572 loss 0.313 kl 0.000 anchor 0.000 0.237s/rec
ep0 step 110/1572 loss 0.172 kl 0.000 anchor 0.000 0.219s/rec
ep0 step 120/1572 loss 0.306 kl 0.000 anchor 0.000 0.203s/rec
ep0 step 130/1572 loss 0.159 kl 0.000 anchor 0.000 0.191s/rec
ep0 step 140/1572 loss 0.155 kl 0.000 anchor 0.000 0.179s/rec
ep0 step 150/1572 loss 0.114 kl 0.000 anchor 0.000 0.170s/rec
ep0 step 160/1572 loss 0.415 kl 0.000 anchor 0.000 0.160s/rec
ep0 step 170/1572 loss 0.163 kl 0.000 anchor 0.000 0.153s/rec
ep0 step 180/1572 loss 0.191 kl 0.000 anchor 0.000 0.145s/rec
ep0 step 190/1572 loss 0.204 kl 0.000 anchor 0.000 0.140s/rec
ep0 step 200/1572 loss 0.413 kl 0.000 anchor 0.000 0.135s/rec
ep0 step 210/1572 loss 0.375 kl 0.000 anchor 0.000 0.130s/rec
ep0 step 220/1572 loss 0.225 kl 0.000 anchor 0.000 0.127s/rec
ep0 step 230/1572 loss 0.235 kl 0.000 anchor 0.000 0.123s/rec
ep0 step 240/1572 loss 0.185 kl 0.000 anchor 0.000 0.119s/rec
ep0 step 250/1572 loss 0.202 kl 0.000 anchor 0.000 0.115s/rec
ep0 step 260/1572 loss 0.129 kl 0.000 anchor 0.000 0.112s/rec
ep0 step 270/1572 loss 0.458 kl 0.000 anchor 0.000 0.109s/rec
ep0 step 280/1572 loss 0.190 kl 0.000 anchor 0.000 0.106s/rec
ep0 step 290/1572 loss 0.298 kl 0.000 anchor 0.000 0.104s/rec
ep0 step 300/1572 loss 0.379 kl 0.000 anchor 0.000 0.101s/rec
ep0 step 310/1572 loss 0.249 kl 0.000 anchor 0.000 0.099s/rec
ep0 step 320/1572 loss 0.106 kl 0.000 anchor 0.000 0.096s/rec
ep0 step 330/1572 loss 0.362 kl 0.000 anchor 0.000 0.095s/rec
ep0 step 340/1572 loss 0.215 kl 0.000 anchor 0.000 0.093s/rec
ep0 step 350/1572 loss 0.504 kl 0.000 anchor 0.000 0.091s/rec
ep0 step 360/1572 loss 0.537 kl 0.000 anchor 0.000 0.089s/rec
ep0 step 370/1572 loss 0.251 kl 0.000 anchor 0.000 0.088s/rec
ep0 step 380/1572 loss 0.331 kl 0.000 anchor 0.000 0.086s/rec
ep0 step 390/1572 loss 0.298 kl 0.000 anchor 0.000 0.085s/rec
ep0 step 400/1572 loss 0.312 kl 0.000 anchor 0.000 0.083s/rec
ep0 step 410/1572 loss 0.461 kl 0.000 anchor 0.000 0.082s/rec
ep0 step 420/1572 loss 0.243 kl 0.000 anchor 0.000 0.080s/rec
ep0 step 430/1572 loss 0.421 kl 0.000 anchor 0.000 0.079s/rec
ep0 step 440/1572 loss 0.166 kl 0.000 anchor 0.000 0.078s/rec
ep0 step 450/1572 loss 0.159 kl 0.000 anchor 0.000 0.077s/rec
ep0 step 460/1572 loss 0.352 kl 0.000 anchor 0.000 0.076s/rec
ep0 step 470/1572 loss 0.485 kl 0.000 anchor 0.000 0.075s/rec
ep0 step 480/1572 loss 0.325 kl 0.000 anchor 0.000 0.074s/rec
ep0 step 490/1572 loss 0.164 kl 0.000 anchor 0.000 0.073s/rec
ep0 step 500/1572 loss 0.196 kl 0.000 anchor 0.000 0.072s/rec
ep0 step 510/1572 loss 0.300 kl 0.000 anchor 0.000 0.071s/rec
ep0 step 520/1572 loss 0.208 kl 0.000 anchor 0.000 0.070s/rec
ep0 step 530/1572 loss 0.229 kl 0.000 anchor 0.000 0.069s/rec
ep0 step 540/1572 loss 0.521 kl 0.000 anchor 0.000 0.069s/rec
ep0 step 550/1572 loss 0.218 kl 0.000 anchor 0.000 0.068s/rec
ep0 step 560/1572 loss 0.200 kl 0.000 anchor 0.000 0.068s/rec
ep0 step 570/1572 loss 0.182 kl 0.000 anchor 0.000 0.067s/rec
ep0 step 580/1572 loss 0.205 kl 0.000 anchor 0.000 0.066s/rec
ep0 step 590/1572 loss 0.278 kl 0.000 anchor 0.000 0.066s/rec
ep0 step 600/1572 loss 0.214 kl 0.000 anchor 0.000 0.065s/rec
ep0 step 610/1572 loss 0.350 kl 0.000 anchor 0.000 0.065s/rec
ep0 step 620/1572 loss 0.323 kl 0.000 anchor 0.000 0.064s/rec
ep0 step 630/1572 loss 0.185 kl 0.000 anchor 0.000 0.064s/rec
ep0 step 640/1572 loss 0.231 kl 0.000 anchor 0.000 0.063s/rec
ep0 step 650/1572 loss 0.447 kl 0.000 anchor 0.000 0.062s/rec
ep0 step 660/1572 loss 0.320 kl 0.000 anchor 0.000 0.062s/rec
ep0 step 670/1572 loss 0.225 kl 0.000 anchor 0.000 0.062s/rec
ep0 step 680/1572 loss 0.184 kl 0.000 anchor 0.000 0.061s/rec
ep0 step 690/1572 loss 0.466 kl 0.000 anchor 0.000 0.061s/rec
ep0 step 700/1572 loss 0.326 kl 0.000 anchor 0.000 0.060s/rec
ep0 step 710/1572 loss 0.149 kl 0.000 anchor 0.000 0.060s/rec
ep0 step 720/1572 loss 0.098 kl 0.000 anchor 0.000 0.059s/rec
ep0 step 730/1572 loss 0.319 kl 0.000 anchor 0.000 0.059s/rec
ep0 step 740/1572 loss 0.295 kl 0.000 anchor 0.000 0.058s/rec
ep0 step 750/1572 loss 0.184 kl 0.000 anchor 0.000 0.058s/rec
ep0 step 760/1572 loss 0.417 kl 0.000 anchor 0.000 0.058s/rec
ep0 step 770/1572 loss 0.336 kl 0.000 anchor 0.000 0.057s/rec
ep0 step 780/1572 loss 0.313 kl 0.000 anchor 0.000 0.057s/rec
ep0 step 790/1572 loss 0.174 kl 0.000 anchor 0.000 0.057s/rec
ep0 step 800/1572 loss 0.205 kl 0.000 anchor 0.000 0.056s/rec
ep0 step 810/1572 loss 0.523 kl 0.000 anchor 0.000 0.056s/rec
ep0 step 820/1572 loss 0.526 kl 0.000 anchor 0.000 0.055s/rec
ep0 step 830/1572 loss 0.315 kl 0.000 anchor 0.000 0.055s/rec
ep0 step 840/1572 loss 0.212 kl 0.000 anchor 0.000 0.055s/rec
ep0 step 850/1572 loss 0.096 kl 0.000 anchor 0.000 0.055s/rec
ep0 step 860/1572 loss 0.274 kl 0.000 anchor 0.000 0.054s/rec
ep0 step 870/1572 loss 0.230 kl 0.000 anchor 0.000 0.054s/rec
ep0 step 880/1572 loss 0.304 kl 0.000 anchor 0.000 0.054s/rec
ep0 step 890/1572 loss 0.290 kl 0.000 anchor 0.000 0.054s/rec
ep0 step 900/1572 loss 0.336 kl 0.000 anchor 0.000 0.053s/rec
ep0 step 910/1572 loss 0.213 kl 0.000 anchor 0.000 0.053s/rec
ep0 step 920/1572 loss 0.242 kl 0.000 anchor 0.000 0.053s/rec
ep0 step 930/1572 loss 0.195 kl 0.000 anchor 0.000 0.053s/rec
ep0 step 940/1572 loss 0.332 kl 0.000 anchor 0.000 0.052s/rec
ep0 step 950/1572 loss 0.124 kl 0.000 anchor 0.000 0.052s/rec
ep0 step 960/1572 loss 0.491 kl 0.000 anchor 0.000 0.052s/rec
ep0 step 970/1572 loss 0.394 kl 0.000 anchor 0.000 0.052s/rec
ep0 step 980/1572 loss 0.205 kl 0.000 anchor 0.000 0.052s/rec
ep0 step 990/1572 loss 0.459 kl 0.000 anchor 0.000 0.051s/rec
ep0 step 1000/1572 loss 0.294 kl 0.000 anchor 0.000 0.051s/rec
ep0 step 1010/1572 loss 0.337 kl 0.000 anchor 0.000 0.051s/rec
ep0 step 1020/1572 loss 0.289 kl 0.000 anchor 0.000 0.051s/rec
ep0 step 1030/1572 loss 0.227 kl 0.000 anchor 0.000 0.051s/rec
ep0 step 1040/1572 loss 0.625 kl 0.000 anchor 0.000 0.050s/rec
ep0 step 1050/1572 loss 0.390 kl 0.000 anchor 0.000 0.050s/rec
ep0 step 1060/1572 loss 0.175 kl 0.000 anchor 0.000 0.050s/rec
ep0 step 1070/1572 loss 0.258 kl 0.000 anchor 0.000 0.050s/rec
ep0 step 1080/1572 loss 0.221 kl 0.000 anchor 0.000 0.050s/rec
ep0 step 1090/1572 loss 0.174 kl 0.000 anchor 0.000 0.049s/rec
ep0 step 1100/1572 loss 0.277 kl 0.000 anchor 0.000 0.049s/rec
ep0 step 1110/1572 loss 0.456 kl 0.000 anchor 0.000 0.049s/rec
ep0 step 1120/1572 loss 0.342 kl 0.000 anchor 0.000 0.049s/rec
ep0 step 1130/1572 loss 0.246 kl 0.000 anchor 0.000 0.049s/rec
ep0 step 1140/1572 loss 0.230 kl 0.000 anchor 0.000 0.049s/rec
ep0 step 1150/1572 loss 0.243 kl 0.000 anchor 0.000 0.049s/rec
ep0 step 1160/1572 loss 0.227 kl 0.000 anchor 0.000 0.048s/rec
ep0 step 1170/1572 loss 0.142 kl 0.000 anchor 0.000 0.048s/rec
ep0 step 1180/1572 loss 0.114 kl 0.000 anchor 0.000 0.048s/rec
ep0 step 1190/1572 loss 0.218 kl 0.000 anchor 0.000 0.048s/rec
ep0 step 1200/1572 loss 0.141 kl 0.000 anchor 0.000 0.048s/rec
ep0 step 1210/1572 loss 0.266 kl 0.000 anchor 0.000 0.048s/rec
ep0 step 1220/1572 loss 0.286 kl 0.000 anchor 0.000 0.047s/rec
ep0 step 1230/1572 loss 0.136 kl 0.000 anchor 0.000 0.047s/rec
ep0 step 1240/1572 loss 0.189 kl 0.000 anchor 0.000 0.047s/rec
ep0 step 1250/1572 loss 0.259 kl 0.000 anchor 0.000 0.047s/rec
ep0 step 1260/1572 loss 0.103 kl 0.000 anchor 0.000 0.047s/rec
ep0 step 1270/1572 loss 0.190 kl 0.000 anchor 0.000 0.047s/rec
ep0 step 1280/1572 loss 0.304 kl 0.000 anchor 0.000 0.047s/rec
ep0 step 1290/1572 loss 0.224 kl 0.000 anchor 0.000 0.046s/rec
ep0 step 1300/1572 loss 0.185 kl 0.000 anchor 0.000 0.046s/rec
ep0 step 1310/1572 loss 0.381 kl 0.000 anchor 0.000 0.046s/rec
ep0 step 1320/1572 loss 0.358 kl 0.000 anchor 0.000 0.046s/rec
ep0 step 1330/1572 loss 0.215 kl 0.000 anchor 0.000 0.046s/rec
ep0 step 1340/1572 loss 0.386 kl 0.000 anchor 0.000 0.046s/rec
ep0 step 1350/1572 loss 0.572 kl 0.000 anchor 0.000 0.046s/rec
ep0 step 1360/1572 loss 0.485 kl 0.000 anchor 0.000 0.046s/rec
ep0 step 1370/1572 loss 0.453 kl 0.000 anchor 0.000 0.045s/rec
ep0 step 1380/1572 loss 0.214 kl 0.000 anchor 0.000 0.045s/rec
ep0 step 1390/1572 loss 0.579 kl 0.000 anchor 0.000 0.045s/rec
ep0 step 1400/1572 loss 0.337 kl 0.000 anchor 0.000 0.045s/rec
ep0 step 1410/1572 loss 0.129 kl 0.000 anchor 0.000 0.045s/rec
ep0 step 1420/1572 loss 0.160 kl 0.000 anchor 0.000 0.045s/rec
ep0 step 1430/1572 loss 0.265 kl 0.000 anchor 0.000 0.045s/rec
ep0 step 1440/1572 loss 0.582 kl 0.000 anchor 0.000 0.045s/rec
ep0 step 1450/1572 loss 0.265 kl 0.000 anchor 0.000 0.045s/rec
ep0 step 1460/1572 loss 0.170 kl 0.000 anchor 0.000 0.045s/rec
ep0 step 1470/1572 loss 0.311 kl 0.000 anchor 0.000 0.044s/rec
ep0 step 1480/1572 loss 0.371 kl 0.000 anchor 0.000 0.044s/rec
ep0 step 1490/1572 loss 0.230 kl 0.000 anchor 0.000 0.044s/rec
ep0 step 1500/1572 loss 0.249 kl 0.000 anchor 0.000 0.044s/rec
ep0 step 1510/1572 loss 0.286 kl 0.000 anchor 0.000 0.044s/rec
ep0 step 1520/1572 loss 0.505 kl 0.000 anchor 0.000 0.044s/rec
ep0 step 1530/1572 loss 0.579 kl 0.000 anchor 0.000 0.044s/rec
ep0 step 1540/1572 loss 0.257 kl 0.000 anchor 0.000 0.044s/rec
ep0 step 1550/1572 loss 0.816 kl 0.000 anchor 0.000 0.044s/rec
ep0 step 1560/1572 loss 0.338 kl 0.000 anchor 0.000 0.044s/rec
ep0 step 1570/1572 loss 0.236 kl 0.000 anchor 0.000 0.043s/rec
saved /runs/r4-deltas/05-trial-5/checkpoint
