Warning: You are sending unauthenticated requests to the HF Hub. Please set a HF_TOKEN to enable higher rate limits and faster downloads.
device=cuda trainable params=45.4M
12576 training requests (holdout=[]), questions by type {'score': 3448, 'noul': 5224, 'choice': 6904}
[transformers] `causal_conv1d_fn` is falling back to its reference PyTorch implementation because `causal_conv1d` is not installed. This is correct but much slower; install `causal_conv1d` for the optimized kernel.
ep0 step 10/3144 loss 2.064 kl 0.000 anchor 0.000 1.732s/rec
ep0 step 20/3144 loss 1.505 kl 0.000 anchor 0.000 0.984s/rec
ep0 step 30/3144 loss 1.683 kl 0.000 anchor 0.000 0.693s/rec
ep0 step 40/3144 loss 1.555 kl 0.000 anchor 0.000 0.542s/rec
ep0 step 50/3144 loss 1.733 kl 0.000 anchor 0.000 0.473s/rec
ep0 step 60/3144 loss 1.531 kl 0.000 anchor 0.000 0.416s/rec
ep0 step 70/3144 loss 1.454 kl 0.000 anchor 0.000 0.379s/rec
ep0 step 80/3144 loss 1.337 kl 0.000 anchor 0.000 0.352s/rec
ep0 step 90/3144 loss 1.336 kl 0.000 anchor 0.000 0.328s/rec
ep0 step 100/3144 loss 1.210 kl 0.000 anchor 0.000 0.313s/rec
ep0 step 110/3144 loss 1.025 kl 0.000 anchor 0.000 0.299s/rec
ep0 step 120/3144 loss 0.828 kl 0.000 anchor 0.000 0.290s/rec
ep0 step 130/3144 loss 1.064 kl 0.000 anchor 0.000 0.278s/rec
ep0 step 140/3144 loss 0.650 kl 0.000 anchor 0.000 0.272s/rec
ep0 step 150/3144 loss 0.976 kl 0.000 anchor 0.000 0.265s/rec
ep0 step 160/3144 loss 0.690 kl 0.000 anchor 0.000 0.259s/rec
ep0 step 170/3144 loss 0.714 kl 0.000 anchor 0.000 0.253s/rec
ep0 step 180/3144 loss 0.962 kl 0.000 anchor 0.000 0.249s/rec
ep0 step 190/3144 loss 0.642 kl 0.000 anchor 0.000 0.244s/rec
ep0 step 200/3144 loss 0.592 kl 0.000 anchor 0.000 0.239s/rec
ep0 step 210/3144 loss 0.943 kl 0.000 anchor 0.000 0.237s/rec
ep0 step 220/3144 loss 0.612 kl 0.000 anchor 0.000 0.233s/rec
ep0 step 230/3144 loss 0.500 kl 0.000 anchor 0.000 0.231s/rec
ep0 step 240/3144 loss 0.744 kl 0.000 anchor 0.000 0.235s/rec
ep0 step 250/3144 loss 0.461 kl 0.000 anchor 0.000 0.232s/rec
ep0 step 260/3144 loss 0.441 kl 0.000 anchor 0.000 0.230s/rec
ep0 step 270/3144 loss 0.756 kl 0.000 anchor 0.000 0.228s/rec
ep0 step 280/3144 loss 0.782 kl 0.000 anchor 0.000 0.226s/rec
ep0 step 290/3144 loss 0.796 kl 0.000 anchor 0.000 0.224s/rec
ep0 step 300/3144 loss 0.472 kl 0.000 anchor 0.000 0.222s/rec
ep0 step 310/3144 loss 0.654 kl 0.000 anchor 0.000 0.220s/rec
ep0 step 320/3144 loss 0.472 kl 0.000 anchor 0.000 0.218s/rec
ep0 step 330/3144 loss 0.667 kl 0.000 anchor 0.000 0.217s/rec
ep0 step 340/3144 loss 0.345 kl 0.000 anchor 0.000 0.216s/rec
ep0 step 350/3144 loss 0.542 kl 0.000 anchor 0.000 0.215s/rec
ep0 step 360/3144 loss 0.588 kl 0.000 anchor 0.000 0.213s/rec
ep0 step 370/3144 loss 0.598 kl 0.000 anchor 0.000 0.213s/rec
ep0 step 380/3144 loss 0.604 kl 0.000 anchor 0.000 0.211s/rec
ep0 step 390/3144 loss 0.672 kl 0.000 anchor 0.000 0.210s/rec
ep0 step 400/3144 loss 0.593 kl 0.000 anchor 0.000 0.209s/rec
ep0 step 410/3144 loss 0.494 kl 0.000 anchor 0.000 0.208s/rec
ep0 step 420/3144 loss 0.385 kl 0.000 anchor 0.000 0.207s/rec
ep0 step 430/3144 loss 0.584 kl 0.000 anchor 0.000 0.206s/rec
ep0 step 440/3144 loss 0.546 kl 0.000 anchor 0.000 0.205s/rec
ep0 step 450/3144 loss 0.555 kl 0.000 anchor 0.000 0.204s/rec
ep0 step 460/3144 loss 0.480 kl 0.000 anchor 0.000 0.203s/rec
ep0 step 470/3144 loss 0.558 kl 0.000 anchor 0.000 0.203s/rec
ep0 step 480/3144 loss 0.527 kl 0.000 anchor 0.000 0.202s/rec
ep0 step 490/3144 loss 0.382 kl 0.000 anchor 0.000 0.201s/rec
ep0 step 500/3144 loss 0.359 kl 0.000 anchor 0.000 0.200s/rec
ep0 step 510/3144 loss 0.450 kl 0.000 anchor 0.000 0.199s/rec
ep0 step 520/3144 loss 0.548 kl 0.000 anchor 0.000 0.199s/rec
ep0 step 530/3144 loss 0.364 kl 0.000 anchor 0.000 0.198s/rec
ep0 step 540/3144 loss 0.775 kl 0.000 anchor 0.000 0.197s/rec
ep0 step 550/3144 loss 0.534 kl 0.000 anchor 0.000 0.197s/rec
ep0 step 560/3144 loss 0.552 kl 0.000 anchor 0.000 0.196s/rec
ep0 step 570/3144 loss 0.575 kl 0.000 anchor 0.000 0.195s/rec
ep0 step 580/3144 loss 0.452 kl 0.000 anchor 0.000 0.195s/rec
ep0 step 590/3144 loss 0.457 kl 0.000 anchor 0.000 0.194s/rec
ep0 step 600/3144 loss 0.333 kl 0.000 anchor 0.000 0.193s/rec
ep0 step 610/3144 loss 0.369 kl 0.000 anchor 0.000 0.193s/rec
ep0 step 620/3144 loss 0.524 kl 0.000 anchor 0.000 0.192s/rec
ep0 step 630/3144 loss 0.408 kl 0.000 anchor 0.000 0.192s/rec
ep0 step 640/3144 loss 0.372 kl 0.000 anchor 0.000 0.192s/rec
ep0 step 650/3144 loss 0.658 kl 0.000 anchor 0.000 0.191s/rec
ep0 step 660/3144 loss 0.574 kl 0.000 anchor 0.000 0.191s/rec
ep0 step 670/3144 loss 0.380 kl 0.000 anchor 0.000 0.191s/rec
ep0 step 680/3144 loss 0.616 kl 0.000 anchor 0.000 0.190s/rec
ep0 step 690/3144 loss 0.529 kl 0.000 anchor 0.000 0.190s/rec
ep0 step 700/3144 loss 0.414 kl 0.000 anchor 0.000 0.190s/rec
ep0 step 710/3144 loss 0.620 kl 0.000 anchor 0.000 0.189s/rec
ep0 step 720/3144 loss 0.398 kl 0.000 anchor 0.000 0.189s/rec
ep0 step 730/3144 loss 0.656 kl 0.000 anchor 0.000 0.189s/rec
ep0 step 740/3144 loss 0.566 kl 0.000 anchor 0.000 0.188s/rec
ep0 step 750/3144 loss 0.380 kl 0.000 anchor 0.000 0.188s/rec
ep0 step 760/3144 loss 0.508 kl 0.000 anchor 0.000 0.188s/rec
ep0 step 770/3144 loss 0.488 kl 0.000 anchor 0.000 0.187s/rec
ep0 step 780/3144 loss 0.582 kl 0.000 anchor 0.000 0.187s/rec
ep0 step 790/3144 loss 0.372 kl 0.000 anchor 0.000 0.187s/rec
ep0 step 800/3144 loss 0.612 kl 0.000 anchor 0.000 0.186s/rec
ep0 step 810/3144 loss 0.593 kl 0.000 anchor 0.000 0.186s/rec
ep0 step 820/3144 loss 0.301 kl 0.000 anchor 0.000 0.186s/rec
ep0 step 830/3144 loss 0.716 kl 0.000 anchor 0.000 0.185s/rec
ep0 step 840/3144 loss 0.509 kl 0.000 anchor 0.000 0.185s/rec
ep0 step 850/3144 loss 0.405 kl 0.000 anchor 0.000 0.185s/rec
ep0 step 860/3144 loss 0.402 kl 0.000 anchor 0.000 0.185s/rec
ep0 step 870/3144 loss 0.722 kl 0.000 anchor 0.000 0.184s/rec
ep0 step 880/3144 loss 0.385 kl 0.000 anchor 0.000 0.184s/rec
ep0 step 890/3144 loss 0.534 kl 0.000 anchor 0.000 0.184s/rec
ep0 step 900/3144 loss 0.372 kl 0.000 anchor 0.000 0.184s/rec
ep0 step 910/3144 loss 0.738 kl 0.000 anchor 0.000 0.183s/rec
ep0 step 920/3144 loss 0.317 kl 0.000 anchor 0.000 0.183s/rec
ep0 step 930/3144 loss 0.386 kl 0.000 anchor 0.000 0.183s/rec
ep0 step 940/3144 loss 0.378 kl 0.000 anchor 0.000 0.183s/rec
ep0 step 950/3144 loss 0.459 kl 0.000 anchor 0.000 0.182s/rec
ep0 step 960/3144 loss 0.461 kl 0.000 anchor 0.000 0.182s/rec
ep0 step 970/3144 loss 0.395 kl 0.000 anchor 0.000 0.182s/rec
ep0 step 980/3144 loss 0.810 kl 0.000 anchor 0.000 0.181s/rec
ep0 step 990/3144 loss 0.395 kl 0.000 anchor 0.000 0.181s/rec
ep0 step 1000/3144 loss 0.591 kl 0.000 anchor 0.000 0.181s/rec
ep0 step 1010/3144 loss 0.466 kl 0.000 anchor 0.000 0.181s/rec
ep0 step 1020/3144 loss 0.383 kl 0.000 anchor 0.000 0.180s/rec
ep0 step 1030/3144 loss 0.495 kl 0.000 anchor 0.000 0.180s/rec
ep0 step 1040/3144 loss 0.424 kl 0.000 anchor 0.000 0.180s/rec
ep0 step 1050/3144 loss 0.768 kl 0.000 anchor 0.000 0.180s/rec
ep0 step 1060/3144 loss 0.580 kl 0.000 anchor 0.000 0.180s/rec
ep0 step 1070/3144 loss 0.496 kl 0.000 anchor 0.000 0.179s/rec
ep0 step 1080/3144 loss 0.400 kl 0.000 anchor 0.000 0.179s/rec
ep0 step 1090/3144 loss 0.388 kl 0.000 anchor 0.000 0.179s/rec
ep0 step 1100/3144 loss 0.381 kl 0.000 anchor 0.000 0.179s/rec
ep0 step 1110/3144 loss 0.542 kl 0.000 anchor 0.000 0.179s/rec
ep0 step 1120/3144 loss 0.427 kl 0.000 anchor 0.000 0.178s/rec
ep0 step 1130/3144 loss 0.329 kl 0.000 anchor 0.000 0.178s/rec
ep0 step 1140/3144 loss 0.823 kl 0.000 anchor 0.000 0.178s/rec
ep0 step 1150/3144 loss 0.526 kl 0.000 anchor 0.000 0.178s/rec
ep0 step 1160/3144 loss 0.493 kl 0.000 anchor 0.000 0.177s/rec
ep0 step 1170/3144 loss 0.460 kl 0.000 anchor 0.000 0.177s/rec
ep0 step 1180/3144 loss 0.784 kl 0.000 anchor 0.000 0.177s/rec
ep0 step 1190/3144 loss 0.408 kl 0.000 anchor 0.000 0.177s/rec
ep0 step 1200/3144 loss 0.244 kl 0.000 anchor 0.000 0.177s/rec
ep0 step 1210/3144 loss 0.283 kl 0.000 anchor 0.000 0.177s/rec
ep0 step 1220/3144 loss 0.721 kl 0.000 anchor 0.000 0.177s/rec
ep0 step 1230/3144 loss 0.335 kl 0.000 anchor 0.000 0.177s/rec
ep0 step 1240/3144 loss 0.466 kl 0.000 anchor 0.000 0.177s/rec
ep0 step 1250/3144 loss 0.478 kl 0.000 anchor 0.000 0.176s/rec
ep0 step 1260/3144 loss 0.391 kl 0.000 anchor 0.000 0.176s/rec
ep0 step 1270/3144 loss 0.552 kl 0.000 anchor 0.000 0.176s/rec
ep0 step 1280/3144 loss 0.401 kl 0.000 anchor 0.000 0.176s/rec
ep0 step 1290/3144 loss 0.451 kl 0.000 anchor 0.000 0.176s/rec
ep0 step 1300/3144 loss 0.388 kl 0.000 anchor 0.000 0.176s/rec
ep0 step 1310/3144 loss 0.416 kl 0.000 anchor 0.000 0.176s/rec
ep0 step 1320/3144 loss 0.309 kl 0.000 anchor 0.000 0.176s/rec
ep0 step 1330/3144 loss 0.392 kl 0.000 anchor 0.000 0.176s/rec
ep0 step 1340/3144 loss 0.448 kl 0.000 anchor 0.000 0.176s/rec
ep0 step 1350/3144 loss 0.379 kl 0.000 anchor 0.000 0.175s/rec
ep0 step 1360/3144 loss 0.321 kl 0.000 anchor 0.000 0.175s/rec
ep0 step 1370/3144 loss 0.592 kl 0.000 anchor 0.000 0.175s/rec
ep0 step 1380/3144 loss 0.276 kl 0.000 anchor 0.000 0.175s/rec
ep0 step 1390/3144 loss 0.383 kl 0.000 anchor 0.000 0.175s/rec
ep0 step 1400/3144 loss 0.610 kl 0.000 anchor 0.000 0.175s/rec
ep0 step 1410/3144 loss 0.200 kl 0.000 anchor 0.000 0.174s/rec
ep0 step 1420/3144 loss 0.510 kl 0.000 anchor 0.000 0.174s/rec
ep0 step 1430/3144 loss 0.443 kl 0.000 anchor 0.000 0.174s/rec
ep0 step 1440/3144 loss 0.336 kl 0.000 anchor 0.000 0.175s/rec
ep0 step 1450/3144 loss 0.345 kl 0.000 anchor 0.000 0.175s/rec
ep0 step 1460/3144 loss 0.517 kl 0.000 anchor 0.000 0.175s/rec
ep0 step 1470/3144 loss 0.227 kl 0.000 anchor 0.000 0.174s/rec
ep0 step 1480/3144 loss 0.467 kl 0.000 anchor 0.000 0.174s/rec
ep0 step 1490/3144 loss 0.325 kl 0.000 anchor 0.000 0.174s/rec
ep0 step 1500/3144 loss 0.269 kl 0.000 anchor 0.000 0.174s/rec
ep0 step 1510/3144 loss 0.436 kl 0.000 anchor 0.000 0.174s/rec
ep0 step 1520/3144 loss 0.396 kl 0.000 anchor 0.000 0.174s/rec
ep0 step 1530/3144 loss 0.357 kl 0.000 anchor 0.000 0.174s/rec
ep0 step 1540/3144 loss 0.292 kl 0.000 anchor 0.000 0.174s/rec
ep0 step 1550/3144 loss 0.344 kl 0.000 anchor 0.000 0.174s/rec
ep0 step 1560/3144 loss 0.397 kl 0.000 anchor 0.000 0.173s/rec
ep0 step 1570/3144 loss 0.424 kl 0.000 anchor 0.000 0.173s/rec
ep1 step 1580/3144 loss 0.264 kl 0.000 anchor 0.000 0.173s/rec
ep1 step 1590/3144 loss 0.220 kl 0.000 anchor 0.000 0.173s/rec
ep1 step 1600/3144 loss 0.213 kl 0.000 anchor 0.000 0.173s/rec
ep1 step 1610/3144 loss 0.405 kl 0.000 anchor 0.000 0.173s/rec
ep1 step 1620/3144 loss 0.499 kl 0.000 anchor 0.000 0.173s/rec
ep1 step 1630/3144 loss 0.366 kl 0.000 anchor 0.000 0.172s/rec
ep1 step 1640/3144 loss 0.186 kl 0.000 anchor 0.000 0.172s/rec
ep1 step 1650/3144 loss 0.120 kl 0.000 anchor 0.000 0.172s/rec
ep1 step 1660/3144 loss 0.276 kl 0.000 anchor 0.000 0.172s/rec
ep1 step 1670/3144 loss 0.295 kl 0.000 anchor 0.000 0.172s/rec
ep1 step 1680/3144 loss 0.341 kl 0.000 anchor 0.000 0.172s/rec
ep1 step 1690/3144 loss 0.428 kl 0.000 anchor 0.000 0.172s/rec
ep1 step 1700/3144 loss 0.310 kl 0.000 anchor 0.000 0.172s/rec
ep1 step 1710/3144 loss 0.258 kl 0.000 anchor 0.000 0.172s/rec
ep1 step 1720/3144 loss 0.383 kl 0.000 anchor 0.000 0.172s/rec
ep1 step 1730/3144 loss 0.342 kl 0.000 anchor 0.000 0.172s/rec
ep1 step 1740/3144 loss 0.446 kl 0.000 anchor 0.000 0.172s/rec
ep1 step 1750/3144 loss 0.228 kl 0.000 anchor 0.000 0.171s/rec
ep1 step 1760/3144 loss 0.269 kl 0.000 anchor 0.000 0.171s/rec
ep1 step 1770/3144 loss 0.357 kl 0.000 anchor 0.000 0.171s/rec
ep1 step 1780/3144 loss 0.240 kl 0.000 anchor 0.000 0.171s/rec
ep1 step 1790/3144 loss 0.270 kl 0.000 anchor 0.000 0.171s/rec
ep1 step 1800/3144 loss 0.277 kl 0.000 anchor 0.000 0.171s/rec
ep1 step 1810/3144 loss 0.221 kl 0.000 anchor 0.000 0.171s/rec
ep1 step 1820/3144 loss 0.636 kl 0.000 anchor 0.000 0.171s/rec
ep1 step 1830/3144 loss 0.411 kl 0.000 anchor 0.000 0.171s/rec
ep1 step 1840/3144 loss 0.456 kl 0.000 anchor 0.000 0.171s/rec
ep1 step 1850/3144 loss 0.550 kl 0.000 anchor 0.000 0.171s/rec
ep1 step 1860/3144 loss 0.449 kl 0.000 anchor 0.000 0.171s/rec
ep1 step 1870/3144 loss 0.219 kl 0.000 anchor 0.000 0.170s/rec
ep1 step 1880/3144 loss 0.333 kl 0.000 anchor 0.000 0.170s/rec
ep1 step 1890/3144 loss 0.359 kl 0.000 anchor 0.000 0.170s/rec
ep1 step 1900/3144 loss 0.300 kl 0.000 anchor 0.000 0.170s/rec
ep1 step 1910/3144 loss 0.552 kl 0.000 anchor 0.000 0.170s/rec
ep1 step 1920/3144 loss 0.270 kl 0.000 anchor 0.000 0.170s/rec
ep1 step 1930/3144 loss 0.761 kl 0.000 anchor 0.000 0.170s/rec
ep1 step 1940/3144 loss 0.327 kl 0.000 anchor 0.000 0.170s/rec
ep1 step 1950/3144 loss 0.176 kl 0.000 anchor 0.000 0.170s/rec
ep1 step 1960/3144 loss 0.377 kl 0.000 anchor 0.000 0.170s/rec
ep1 step 1970/3144 loss 0.339 kl 0.000 anchor 0.000 0.170s/rec
ep1 step 1980/3144 loss 0.336 kl 0.000 anchor 0.000 0.170s/rec
ep1 step 1990/3144 loss 0.146 kl 0.000 anchor 0.000 0.170s/rec
ep1 step 2000/3144 loss 0.224 kl 0.000 anchor 0.000 0.170s/rec
ep1 step 2010/3144 loss 0.349 kl 0.000 anchor 0.000 0.169s/rec
ep1 step 2020/3144 loss 0.180 kl 0.000 anchor 0.000 0.170s/rec
ep1 step 2030/3144 loss 0.456 kl 0.000 anchor 0.000 0.169s/rec
ep1 step 2040/3144 loss 0.311 kl 0.000 anchor 0.000 0.169s/rec
ep1 step 2050/3144 loss 0.272 kl 0.000 anchor 0.000 0.169s/rec
ep1 step 2060/3144 loss 0.103 kl 0.000 anchor 0.000 0.169s/rec
ep1 step 2070/3144 loss 0.197 kl 0.000 anchor 0.000 0.169s/rec
ep1 step 2080/3144 loss 0.154 kl 0.000 anchor 0.000 0.169s/rec
ep1 step 2090/3144 loss 0.117 kl 0.000 anchor 0.000 0.169s/rec
ep1 step 2100/3144 loss 0.278 kl 0.000 anchor 0.000 0.169s/rec
ep1 step 2110/3144 loss 0.418 kl 0.000 anchor 0.000 0.169s/rec
ep1 step 2120/3144 loss 0.239 kl 0.000 anchor 0.000 0.169s/rec
ep1 step 2130/3144 loss 0.308 kl 0.000 anchor 0.000 0.169s/rec
ep1 step 2140/3144 loss 0.291 kl 0.000 anchor 0.000 0.169s/rec
ep1 step 2150/3144 loss 0.260 kl 0.000 anchor 0.000 0.168s/rec
ep1 step 2160/3144 loss 0.356 kl 0.000 anchor 0.000 0.168s/rec
ep1 step 2170/3144 loss 0.368 kl 0.000 anchor 0.000 0.168s/rec
ep1 step 2180/3144 loss 0.171 kl 0.000 anchor 0.000 0.168s/rec
ep1 step 2190/3144 loss 0.170 kl 0.000 anchor 0.000 0.168s/rec
ep1 step 2200/3144 loss 0.272 kl 0.000 anchor 0.000 0.168s/rec
ep1 step 2210/3144 loss 0.364 kl 0.000 anchor 0.000 0.168s/rec
ep1 step 2220/3144 loss 0.155 kl 0.000 anchor 0.000 0.168s/rec
ep1 step 2230/3144 loss 0.378 kl 0.000 anchor 0.000 0.168s/rec
ep1 step 2240/3144 loss 0.354 kl 0.000 anchor 0.000 0.167s/rec
ep1 step 2250/3144 loss 0.266 kl 0.000 anchor 0.000 0.167s/rec
ep1 step 2260/3144 loss 0.175 kl 0.000 anchor 0.000 0.167s/rec
ep1 step 2270/3144 loss 0.220 kl 0.000 anchor 0.000 0.167s/rec
ep1 step 2280/3144 loss 0.237 kl 0.000 anchor 0.000 0.167s/rec
ep1 step 2290/3144 loss 0.191 kl 0.000 anchor 0.000 0.167s/rec
ep1 step 2300/3144 loss 0.369 kl 0.000 anchor 0.000 0.167s/rec
ep1 step 2310/3144 loss 0.144 kl 0.000 anchor 0.000 0.167s/rec
ep1 step 2320/3144 loss 0.169 kl 0.000 anchor 0.000 0.167s/rec
ep1 step 2330/3144 loss 0.266 kl 0.000 anchor 0.000 0.166s/rec
ep1 step 2340/3144 loss 0.282 kl 0.000 anchor 0.000 0.166s/rec
ep1 step 2350/3144 loss 0.315 kl 0.000 anchor 0.000 0.166s/rec
ep1 step 2360/3144 loss 0.438 kl 0.000 anchor 0.000 0.166s/rec
ep1 step 2370/3144 loss 0.212 kl 0.000 anchor 0.000 0.166s/rec
ep1 step 2380/3144 loss 0.589 kl 0.000 anchor 0.000 0.166s/rec
ep1 step 2390/3144 loss 0.476 kl 0.000 anchor 0.000 0.166s/rec
ep1 step 2400/3144 loss 0.263 kl 0.000 anchor 0.000 0.166s/rec
ep1 step 2410/3144 loss 0.337 kl 0.000 anchor 0.000 0.166s/rec
ep1 step 2420/3144 loss 0.235 kl 0.000 anchor 0.000 0.166s/rec
ep1 step 2430/3144 loss 0.174 kl 0.000 anchor 0.000 0.166s/rec
ep1 step 2440/3144 loss 0.271 kl 0.000 anchor 0.000 0.166s/rec
ep1 step 2450/3144 loss 0.177 kl 0.000 anchor 0.000 0.166s/rec
ep1 step 2460/3144 loss 0.580 kl 0.000 anchor 0.000 0.166s/rec
ep1 step 2470/3144 loss 0.121 kl 0.000 anchor 0.000 0.165s/rec
ep1 step 2480/3144 loss 0.153 kl 0.000 anchor 0.000 0.165s/rec
ep1 step 2490/3144 loss 0.369 kl 0.000 anchor 0.000 0.165s/rec
ep1 step 2500/3144 loss 0.448 kl 0.000 anchor 0.000 0.165s/rec
ep1 step 2510/3144 loss 0.381 kl 0.000 anchor 0.000 0.165s/rec
ep1 step 2520/3144 loss 0.423 kl 0.000 anchor 0.000 0.165s/rec
ep1 step 2530/3144 loss 0.207 kl 0.000 anchor 0.000 0.165s/rec
ep1 step 2540/3144 loss 0.307 kl 0.000 anchor 0.000 0.165s/rec
ep1 step 2550/3144 loss 0.327 kl 0.000 anchor 0.000 0.165s/rec
ep1 step 2560/3144 loss 0.274 kl 0.000 anchor 0.000 0.165s/rec
ep1 step 2570/3144 loss 0.410 kl 0.000 anchor 0.000 0.165s/rec
ep1 step 2580/3144 loss 0.104 kl 0.000 anchor 0.000 0.165s/rec
ep1 step 2590/3144 loss 0.170 kl 0.000 anchor 0.000 0.165s/rec
ep1 step 2600/3144 loss 0.330 kl 0.000 anchor 0.000 0.165s/rec
ep1 step 2610/3144 loss 0.133 kl 0.000 anchor 0.000 0.165s/rec
ep1 step 2620/3144 loss 0.352 kl 0.000 anchor 0.000 0.164s/rec
ep1 step 2630/3144 loss 0.250 kl 0.000 anchor 0.000 0.164s/rec
ep1 step 2640/3144 loss 0.377 kl 0.000 anchor 0.000 0.164s/rec
ep1 step 2650/3144 loss 0.162 kl 0.000 anchor 0.000 0.164s/rec
ep1 step 2660/3144 loss 0.139 kl 0.000 anchor 0.000 0.164s/rec
ep1 step 2670/3144 loss 0.345 kl 0.000 anchor 0.000 0.164s/rec
ep1 step 2680/3144 loss 0.183 kl 0.000 anchor 0.000 0.164s/rec
ep1 step 2690/3144 loss 0.266 kl 0.000 anchor 0.000 0.164s/rec
ep1 step 2700/3144 loss 0.288 kl 0.000 anchor 0.000 0.164s/rec
ep1 step 2710/3144 loss 0.476 kl 0.000 anchor 0.000 0.164s/rec
ep1 step 2720/3144 loss 0.253 kl 0.000 anchor 0.000 0.164s/rec
ep1 step 2730/3144 loss 0.299 kl 0.000 anchor 0.000 0.164s/rec
ep1 step 2740/3144 loss 0.295 kl 0.000 anchor 0.000 0.164s/rec
ep1 step 2750/3144 loss 0.427 kl 0.000 anchor 0.000 0.164s/rec
ep1 step 2760/3144 loss 0.090 kl 0.000 anchor 0.000 0.164s/rec
ep1 step 2770/3144 loss 0.372 kl 0.000 anchor 0.000 0.164s/rec
ep1 step 2780/3144 loss 0.222 kl 0.000 anchor 0.000 0.164s/rec
ep1 step 2790/3144 loss 0.186 kl 0.000 anchor 0.000 0.163s/rec
ep1 step 2800/3144 loss 0.340 kl 0.000 anchor 0.000 0.163s/rec
ep1 step 2810/3144 loss 0.173 kl 0.000 anchor 0.000 0.163s/rec
ep1 step 2820/3144 loss 0.156 kl 0.000 anchor 0.000 0.163s/rec
ep1 step 2830/3144 loss 0.224 kl 0.000 anchor 0.000 0.163s/rec
ep1 step 2840/3144 loss 0.203 kl 0.000 anchor 0.000 0.163s/rec
ep1 step 2850/3144 loss 0.077 kl 0.000 anchor 0.000 0.163s/rec
ep1 step 2860/3144 loss 0.419 kl 0.000 anchor 0.000 0.163s/rec
ep1 step 2870/3144 loss 0.226 kl 0.000 anchor 0.000 0.163s/rec
ep1 step 2880/3144 loss 0.243 kl 0.000 anchor 0.000 0.163s/rec
ep1 step 2890/3144 loss 0.378 kl 0.000 anchor 0.000 0.163s/rec
ep1 step 2900/3144 loss 0.190 kl 0.000 anchor 0.000 0.163s/rec
ep1 step 2910/3144 loss 0.323 kl 0.000 anchor 0.000 0.163s/rec
ep1 step 2920/3144 loss 0.066 kl 0.000 anchor 0.000 0.162s/rec
ep1 step 2930/3144 loss 0.142 kl 0.000 anchor 0.000 0.162s/rec
ep1 step 2940/3144 loss 0.213 kl 0.000 anchor 0.000 0.162s/rec
ep1 step 2950/3144 loss 0.412 kl 0.000 anchor 0.000 0.162s/rec
ep1 step 2960/3144 loss 0.306 kl 0.000 anchor 0.000 0.162s/rec
ep1 step 2970/3144 loss 0.456 kl 0.000 anchor 0.000 0.162s/rec
ep1 step 2980/3144 loss 0.322 kl 0.000 anchor 0.000 0.162s/rec
ep1 step 2990/3144 loss 0.114 kl 0.000 anchor 0.000 0.162s/rec
ep1 step 3000/3144 loss 0.255 kl 0.000 anchor 0.000 0.162s/rec
ep1 step 3010/3144 loss 0.315 kl 0.000 anchor 0.000 0.162s/rec
ep1 step 3020/3144 loss 0.457 kl 0.000 anchor 0.000 0.162s/rec
ep1 step 3030/3144 loss 0.407 kl 0.000 anchor 0.000 0.162s/rec
ep1 step 3040/3144 loss 0.306 kl 0.000 anchor 0.000 0.162s/rec
ep1 step 3050/3144 loss 0.404 kl 0.000 anchor 0.000 0.162s/rec
ep1 step 3060/3144 loss 0.298 kl 0.000 anchor 0.000 0.162s/rec
ep1 step 3070/3144 loss 0.434 kl 0.000 anchor 0.000 0.162s/rec
ep1 step 3080/3144 loss 0.214 kl 0.000 anchor 0.000 0.162s/rec
ep1 step 3090/3144 loss 0.307 kl 0.000 anchor 0.000 0.162s/rec
ep1 step 3100/3144 loss 0.224 kl 0.000 anchor 0.000 0.162s/rec
ep1 step 3110/3144 loss 0.251 kl 0.000 anchor 0.000 0.162s/rec
ep1 step 3120/3144 loss 0.243 kl 0.000 anchor 0.000 0.162s/rec
ep1 step 3130/3144 loss 0.413 kl 0.000 anchor 0.000 0.162s/rec
ep1 step 3140/3144 loss 0.305 kl 0.000 anchor 0.000 0.161s/rec
saved /runs/q35-9b/00-trial-0/checkpoint
