Warning: You are sending unauthenticated requests to the HF Hub. Please set a HF_TOKEN to enable higher rate limits and faster downloads.
delta: warm start from /__modal/volumes/vo-kEMu8BkBAIrorAQI6V8f2D/hub/models--jaredpalmer--kev-4b/snapshots/485ace8703592fcf405488b262449990824cfed1: 496 adapter tensors and the pointer head loaded
device=cuda trainable params=33.8M
replay: 2000 of 12576 suite training records mixed with 1800 from evals/round4/longstate-v1/train.jsonl
3800 training requests (holdout=[]), questions by type {'choice': 2128, 'noul': 1584, 'score': 1016}
[transformers] `causal_conv1d_fn` is falling back to its reference PyTorch implementation because `causal_conv1d` is not installed. This is correct but much slower; install `causal_conv1d` for the optimized kernel.
ep0 step 10/475 loss 1.036 kl 0.000 anchor 0.000 3.010s/rec
ep0 step 20/475 loss 0.623 kl 0.000 anchor 0.000 1.819s/rec
ep0 step 30/475 loss 0.604 kl 0.000 anchor 0.000 1.385s/rec
ep0 step 40/475 loss 0.368 kl 0.000 anchor 0.000 1.125s/rec
ep0 step 50/475 loss 0.837 kl 0.000 anchor 0.000 1.046s/rec
ep0 step 60/475 loss 0.653 kl 0.000 anchor 0.000 0.989s/rec
ep0 step 70/475 loss 0.646 kl 0.000 anchor 0.000 0.915s/rec
ep0 step 80/475 loss 0.554 kl 0.000 anchor 0.000 0.916s/rec
ep0 step 90/475 loss 0.459 kl 0.000 anchor 0.000 0.888s/rec
ep0 step 100/475 loss 0.520 kl 0.000 anchor 0.000 0.841s/rec
ep0 step 110/475 loss 0.545 kl 0.000 anchor 0.000 0.812s/rec
ep0 step 120/475 loss 0.533 kl 0.000 anchor 0.000 0.780s/rec
ep0 step 130/475 loss 0.425 kl 0.000 anchor 0.000 0.751s/rec
ep0 step 140/475 loss 0.315 kl 0.000 anchor 0.000 0.722s/rec
ep0 step 150/475 loss 0.476 kl 0.000 anchor 0.000 0.704s/rec
ep0 step 160/475 loss 0.518 kl 0.000 anchor 0.000 0.693s/rec
ep0 step 170/475 loss 0.255 kl 0.000 anchor 0.000 0.674s/rec
ep0 step 180/475 loss 0.470 kl 0.000 anchor 0.000 0.661s/rec
ep0 step 190/475 loss 0.639 kl 0.000 anchor 0.000 0.655s/rec
ep0 step 200/475 loss 0.468 kl 0.000 anchor 0.000 0.649s/rec
ep0 step 210/475 loss 0.341 kl 0.000 anchor 0.000 0.644s/rec
ep0 step 220/475 loss 0.612 kl 0.000 anchor 0.000 0.639s/rec
ep0 step 230/475 loss 0.412 kl 0.000 anchor 0.000 0.632s/rec
ep0 step 240/475 loss 0.676 kl 0.000 anchor 0.000 0.628s/rec
ep0 step 250/475 loss 0.256 kl 0.000 anchor 0.000 0.620s/rec
ep0 step 260/475 loss 0.556 kl 0.000 anchor 0.000 0.616s/rec
ep0 step 270/475 loss 0.451 kl 0.000 anchor 0.000 0.614s/rec
ep0 step 280/475 loss 0.459 kl 0.000 anchor 0.000 0.611s/rec
ep0 step 290/475 loss 0.431 kl 0.000 anchor 0.000 0.605s/rec
ep0 step 300/475 loss 0.415 kl 0.000 anchor 0.000 0.601s/rec
ep0 step 310/475 loss 0.431 kl 0.000 anchor 0.000 0.601s/rec
ep0 step 320/475 loss 0.693 kl 0.000 anchor 0.000 0.598s/rec
ep0 step 330/475 loss 0.404 kl 0.000 anchor 0.000 0.594s/rec
ep0 step 340/475 loss 0.504 kl 0.000 anchor 0.000 0.592s/rec
ep0 step 350/475 loss 0.461 kl 0.000 anchor 0.000 0.587s/rec
ep0 step 360/475 loss 0.327 kl 0.000 anchor 0.000 0.585s/rec
ep0 step 370/475 loss 0.458 kl 0.000 anchor 0.000 0.584s/rec
ep0 step 380/475 loss 0.539 kl 0.000 anchor 0.000 0.580s/rec
ep0 step 390/475 loss 0.357 kl 0.000 anchor 0.000 0.576s/rec
ep0 step 400/475 loss 0.447 kl 0.000 anchor 0.000 0.574s/rec
ep0 step 410/475 loss 0.286 kl 0.000 anchor 0.000 0.573s/rec
ep0 step 420/475 loss 0.332 kl 0.000 anchor 0.000 0.570s/rec
ep0 step 430/475 loss 0.534 kl 0.000 anchor 0.000 0.574s/rec
ep0 step 440/475 loss 0.328 kl 0.000 anchor 0.000 0.573s/rec
ep0 step 450/475 loss 0.482 kl 0.000 anchor 0.000 0.570s/rec
ep0 step 460/475 loss 0.398 kl 0.000 anchor 0.000 0.568s/rec
ep0 step 470/475 loss 0.341 kl 0.000 anchor 0.000 0.567s/rec
saved /runs/r4-longstate/00-trial-0/checkpoint
